Archive member included because of file (symbol)

c:/freescale/kds_3.0.0/toolchain/bin/../lib/gcc/arm-none-eabi/4.8.4/armv6-m\libgcc.a(_udivsi3.o)
                              ./Sources/Application.o (__aeabi_uidiv)
c:/freescale/kds_3.0.0/toolchain/bin/../lib/gcc/arm-none-eabi/4.8.4/armv6-m\libgcc.a(_divsi3.o)
                              ./Sources/Application.o (__aeabi_idiv)
c:/freescale/kds_3.0.0/toolchain/bin/../lib/gcc/arm-none-eabi/4.8.4/armv6-m\libgcc.a(_dvmd_tls.o)
                              c:/freescale/kds_3.0.0/toolchain/bin/../lib/gcc/arm-none-eabi/4.8.4/armv6-m\libgcc.a(_udivsi3.o) (__aeabi_idiv0)
c:/freescale/kds_3.0.0/toolchain/bin/../lib/gcc/arm-none-eabi/4.8.4/armv6-m\libgcc.a(_arm_cmpsf2.o)
                              ./Sources/Application.o (__aeabi_fcmplt)
c:/freescale/kds_3.0.0/toolchain/bin/../lib/gcc/arm-none-eabi/4.8.4/armv6-m\libgcc.a(_fixunssfsi.o)
                              ./Sources/Application.o (__aeabi_f2uiz)
c:/freescale/kds_3.0.0/toolchain/bin/../lib/gcc/arm-none-eabi/4.8.4/armv6-m\libgcc.a(addsf3.o)
                              ./Sources/Application.o (__aeabi_fadd)
c:/freescale/kds_3.0.0/toolchain/bin/../lib/gcc/arm-none-eabi/4.8.4/armv6-m\libgcc.a(divsf3.o)
                              ./Sources/Application.o (__aeabi_fdiv)
c:/freescale/kds_3.0.0/toolchain/bin/../lib/gcc/arm-none-eabi/4.8.4/armv6-m\libgcc.a(eqsf2.o)
                              c:/freescale/kds_3.0.0/toolchain/bin/../lib/gcc/arm-none-eabi/4.8.4/armv6-m\libgcc.a(_arm_cmpsf2.o) (__eqsf2)
c:/freescale/kds_3.0.0/toolchain/bin/../lib/gcc/arm-none-eabi/4.8.4/armv6-m\libgcc.a(gesf2.o)
                              c:/freescale/kds_3.0.0/toolchain/bin/../lib/gcc/arm-none-eabi/4.8.4/armv6-m\libgcc.a(_arm_cmpsf2.o) (__gesf2)
c:/freescale/kds_3.0.0/toolchain/bin/../lib/gcc/arm-none-eabi/4.8.4/armv6-m\libgcc.a(lesf2.o)
                              c:/freescale/kds_3.0.0/toolchain/bin/../lib/gcc/arm-none-eabi/4.8.4/armv6-m\libgcc.a(_arm_cmpsf2.o) (__lesf2)
c:/freescale/kds_3.0.0/toolchain/bin/../lib/gcc/arm-none-eabi/4.8.4/armv6-m\libgcc.a(mulsf3.o)
                              ./Sources/Application.o (__aeabi_fmul)
c:/freescale/kds_3.0.0/toolchain/bin/../lib/gcc/arm-none-eabi/4.8.4/armv6-m\libgcc.a(subsf3.o)
                              ./Sources/Application.o (__aeabi_fsub)
c:/freescale/kds_3.0.0/toolchain/bin/../lib/gcc/arm-none-eabi/4.8.4/armv6-m\libgcc.a(fixsfsi.o)
                              ./Sources/Application.o (__aeabi_f2iz)
c:/freescale/kds_3.0.0/toolchain/bin/../lib/gcc/arm-none-eabi/4.8.4/armv6-m\libgcc.a(floatsisf.o)
                              ./Sources/Application.o (__aeabi_i2f)
c:/freescale/kds_3.0.0/toolchain/bin/../lib/gcc/arm-none-eabi/4.8.4/armv6-m\libgcc.a(floatunsisf.o)
                              ./Sources/Application.o (__aeabi_ui2f)
c:/freescale/kds_3.0.0/toolchain/bin/../lib/gcc/arm-none-eabi/4.8.4/armv6-m\libgcc.a(_clzsi2.o)
                              c:/freescale/kds_3.0.0/toolchain/bin/../lib/gcc/arm-none-eabi/4.8.4/armv6-m\libgcc.a(addsf3.o) (__clzsi2)
c:/freescale/kds_3.0.0/toolchain/bin/../lib/gcc/arm-none-eabi/4.8.4/../../../../arm-none-eabi/lib/armv6-m\libg_s.a(lib_a-ctype_.o)
                              ./Generated_Code/minIni.o (__ctype_ptr__)
c:/freescale/kds_3.0.0/toolchain/bin/../lib/gcc/arm-none-eabi/4.8.4/../../../../arm-none-eabi/lib/armv6-m\libg_s.a(lib_a-exit.o)
                              c:/freescale/kds_3.0.0/toolchain/bin/../lib/gcc/arm-none-eabi/4.8.4/../../../../arm-none-eabi/lib/armv6-m/crt0.o (exit)
c:/freescale/kds_3.0.0/toolchain/bin/../lib/gcc/arm-none-eabi/4.8.4/../../../../arm-none-eabi/lib/armv6-m\libg_s.a(lib_a-impure.o)
                              c:/freescale/kds_3.0.0/toolchain/bin/../lib/gcc/arm-none-eabi/4.8.4/../../../../arm-none-eabi/lib/armv6-m\libg_s.a(lib_a-exit.o) (_global_impure_ptr)
c:/freescale/kds_3.0.0/toolchain/bin/../lib/gcc/arm-none-eabi/4.8.4/../../../../arm-none-eabi/lib/armv6-m\libg_s.a(lib_a-init.o)
                              c:/freescale/kds_3.0.0/toolchain/bin/../lib/gcc/arm-none-eabi/4.8.4/../../../../arm-none-eabi/lib/armv6-m/crt0.o (__libc_init_array)
c:/freescale/kds_3.0.0/toolchain/bin/../lib/gcc/arm-none-eabi/4.8.4/../../../../arm-none-eabi/lib/armv6-m\libg_s.a(lib_a-memcpy-stub.o)
                              ./Generated_Code/minIni.o (memcpy)
c:/freescale/kds_3.0.0/toolchain/bin/../lib/gcc/arm-none-eabi/4.8.4/../../../../arm-none-eabi/lib/armv6-m\libg_s.a(lib_a-memset.o)
                              c:/freescale/kds_3.0.0/toolchain/bin/../lib/gcc/arm-none-eabi/4.8.4/../../../../arm-none-eabi/lib/armv6-m/crt0.o (memset)
c:/freescale/kds_3.0.0/toolchain/bin/../lib/gcc/arm-none-eabi/4.8.4/../../../../arm-none-eabi/lib/armv6-m\libg_s.a(lib_a-setjmp.o)
                              ./Generated_Code/port.o (setjmp)
c:/freescale/kds_3.0.0/toolchain/bin/../lib/gcc/arm-none-eabi/4.8.4/../../../../arm-none-eabi/lib/armv6-m\libg_s.a(lib_a-strchr.o)
[...]
Memory Configuration

Name             Origin             Length             Attributes
m_interrupts     0x00000000         0x000000c0         xr
m_text           0x00000410         0x0001fbf0         xr
m_data           0x1ffff000         0x00004000         rw
m_cfmprotrom     0x00000400         0x00000010         xr
*default*        0x00000000         0xffffffff

Linker script and memory map

LOAD c:/freescale/kds_3.0.0/toolchain/bin/../lib/gcc/arm-none-eabi/4.8.4/armv6-m/crti.o
LOAD c:/freescale/kds_3.0.0/toolchain/bin/../lib/gcc/arm-none-eabi/4.8.4/armv6-m/crtbegin.o
LOAD c:/freescale/kds_3.0.0/toolchain/bin/../lib/gcc/arm-none-eabi/4.8.4/../../../../arm-none-eabi/lib/armv6-m/crt0.o
LOAD ./Sources/Application.o
LOAD ./Sources/Events.o
LOAD ./Sources/Shell.o
LOAD ./Sources/main.o
LOAD ./Project_Settings/Startup_Code/startup.o
LOAD ./Generated_Code/AD1.o
LOAD ./Generated_Code/AS1.o
LOAD ./Generated_Code/ASerialLdd1.o
LOAD ./Generated_Code/AdcLdd1.o
LOAD ./Generated_Code/BitIoLdd1.o
LOAD ./Generated_Code/BitIoLdd2.o
LOAD ./Generated_Code/CD1.o
LOAD ./Generated_Code/CHG_PWM.o
LOAD ./Generated_Code/CLS1.o
LOAD ./Generated_Code/CS1.o
LOAD ./Generated_Code/Cpu.o
LOAD ./Generated_Code/DIS_PWM.o
LOAD ./Generated_Code/FAT1.o
LOAD ./Generated_Code/FRTOS1.o
LOAD ./Generated_Code/LEDG.o
LOAD ./Generated_Code/LEDR.o
LOAD ./Generated_Code/LEDpin1.o
LOAD ./Generated_Code/LEDpin2.o
LOAD ./Generated_Code/MINI1.o
LOAD ./Generated_Code/PE_LDD.o
LOAD ./Generated_Code/PwmLdd1.o
LOAD ./Generated_Code/PwmLdd2.o
LOAD ./Generated_Code/SD1.o
LOAD ./Generated_Code/SM1.o
LOAD ./Generated_Code/SMasterLdd1.o
LOAD ./Generated_Code/SS1.o
LOAD ./Generated_Code/TMOUT1.o
LOAD ./Generated_Code/TU1.o
LOAD ./Generated_Code/TU2.o
LOAD ./Generated_Code/TmDt1.o
LOAD ./Generated_Code/UTIL1.o
LOAD ./Generated_Code/Vectors.o
LOAD ./Generated_Code/WAIT1.o
LOAD ./Generated_Code/croutine.o
LOAD ./Generated_Code/event_groups.o
LOAD ./Generated_Code/ff.o
LOAD ./Generated_Code/heap_1.o
LOAD ./Generated_Code/heap_2.o
LOAD ./Generated_Code/heap_3.o
LOAD ./Generated_Code/heap_4.o
LOAD ./Generated_Code/heap_5.o
LOAD ./Generated_Code/list.o
LOAD ./Generated_Code/minGlue-FatFs.o
LOAD ./Generated_Code/minIni.o
LOAD ./Generated_Code/port.o
LOAD ./Generated_Code/queue.o
LOAD ./Generated_Code/tasks.o
LOAD ./Generated_Code/timers.o
LOAD c:/freescale/kds_3.0.0/toolchain/bin/../lib/gcc/arm-none-eabi/4.8.4/../../../../arm-none-eabi/lib/armv6-m\libstdc++_s.a
LOAD c:/freescale/kds_3.0.0/toolchain/bin/../lib/gcc/arm-none-eabi/4.8.4/../../../../arm-none-eabi/lib/armv6-m\libm.a
START GROUP
LOAD c:/freescale/kds_3.0.0/toolchain/bin/../lib/gcc/arm-none-eabi/4.8.4/armv6-m\libgcc.a
LOAD c:/freescale/kds_3.0.0/toolchain/bin/../lib/gcc/arm-none-eabi/4.8.4/../../../../arm-none-eabi/lib/armv6-m\libg_s.a
LOAD c:/freescale/kds_3.0.0/toolchain/bin/../lib/gcc/arm-none-eabi/4.8.4/../../../../arm-none-eabi/lib/armv6-m\libc_s.a
END GROUP
START GROUP
LOAD c:/freescale/kds_3.0.0/toolchain/bin/../lib/gcc/arm-none-eabi/4.8.4/armv6-m\libgcc.a
LOAD c:/freescale/kds_3.0.0/toolchain/bin/../lib/gcc/arm-none-eabi/4.8.4/../../../../arm-none-eabi/lib/armv6-m\libc_s.a
LOAD c:/freescale/kds_3.0.0/toolchain/bin/../lib/gcc/arm-none-eabi/4.8.4/../../../../arm-none-eabi/lib/armv6-m\libnosys.a
END GROUP
START GROUP
LOAD c:/freescale/kds_3.0.0/toolchain/bin/../lib/gcc/arm-none-eabi/4.8.4/armv6-m\libgcc.a
LOAD c:/freescale/kds_3.0.0/toolchain/bin/../lib/gcc/arm-none-eabi/4.8.4/../../../../arm-none-eabi/lib/armv6-m\libc_s.a
LOAD c:/freescale/kds_3.0.0/toolchain/bin/../lib/gcc/arm-none-eabi/4.8.4/../../../../arm-none-eabi/lib/armv6-m\libnosys.a
END GROUP
LOAD c:/freescale/kds_3.0.0/toolchain/bin/../lib/gcc/arm-none-eabi/4.8.4/armv6-m/crtend.o
LOAD c:/freescale/kds_3.0.0/toolchain/bin/../lib/gcc/arm-none-eabi/4.8.4/armv6-m/crtn.o
                0x20003000                _estack = 0x20003000
                0x20003000                __SP_INIT = _estack
                0x20003000                __stack = _estack
                0x00000000                __heap_size = 0x0
                0x00000400                __stack_size = 0x400

.interrupts     0x00000000       0xc0
                0x00000000                __vector_table = .
                0x00000000                . = ALIGN (0x4)
 *(.vectortable)
 .vectortable   0x00000000       0xc0 ./Generated_Code/Vectors.o
                0x00000000                __vect_table
                0x000000c0                . = ALIGN (0x4)

.cfmprotect     0x00000400       0x10
                0x00000400                . = ALIGN (0x4)
 *(.cfmconfig)
 .cfmconfig     0x00000400       0x10 ./Generated_Code/Cpu.o
                0x00000400                _cfm
                0x00000410                . = ALIGN (0x4)

.text           0x00000410    0x12090
                0x00000410                . = ALIGN (0x4)
 *(.text)
 .text          0x00000410       0x60 c:/freescale/kds_3.0.0/toolchain/bin/../lib/gcc/arm-none-eabi/4.8.4/armv6-m/crtbegin.o
 .text          0x00000470       0x78 c:/freescale/kds_3.0.0/toolchain/bin/../lib/gcc/arm-none-eabi/4.8.4/../../../../arm-none-eabi/lib/armv6-m/crt0.o
                0x00000470                _start
                0x00000470                _mainCRTStartup
 .text          0x000004e8       0x9c c:/freescale/kds_3.0.0/toolchain/bin/../lib/gcc/arm-none-eabi/4.8.4/armv6-m\libgcc.a(_udivsi3.o)
                0x000004e8                __aeabi_uidiv
                0x000004e8                __udivsi3
                0x00000570                __aeabi_uidivmod
 .text          0x00000584       0xc0 c:/freescale/kds_3.0.0/toolchain/bin/../lib/gcc/arm-none-eabi/4.8.4/armv6-m\libgcc.a(_divsi3.o)
                0x00000584                __divsi3
                0x00000584                __aeabi_idiv
                0x00000630                __aeabi_idivmod
 .text          0x00000644        0x4 c:/freescale/kds_3.0.0/toolchain/bin/../lib/gcc/arm-none-eabi/4.8.4/armv6-m\libgcc.a(_dvmd_tls.o)
                0x00000644                __aeabi_idiv0
                0x00000644                __aeabi_ldiv0
 .text          0x00000648       0x74 c:/freescale/kds_3.0.0/toolchain/bin/../lib/gcc/arm-none-eabi/4.8.4/armv6-m\libgcc.a(_arm_cmpsf2.o)
                0x00000648                __aeabi_cfrcmple
                0x00000650                __aeabi_cfcmpeq
                0x00000650                __aeabi_cfcmple
                0x00000660                __aeabi_fcmpeq
                0x0000066c                __aeabi_fcmplt
                0x00000680                __aeabi_fcmple
                0x00000694                __aeabi_fcmpgt
                0x000006a8                __aeabi_fcmpge
 .text          0x000006bc       0x30 c:/freescale/kds_3.0.0/toolchain/bin/../lib/gcc/arm-none-eabi/4.8.4/armv6-m\libgcc.a(_fixunssfsi.o)
                0x000006bc                __fixunssfsi
                0x000006bc                __aeabi_f2uiz
 .text          0x000006ec      0x2d8 c:/freescale/kds_3.0.0/toolchain/bin/../lib/gcc/arm-none-eabi/4.8.4/armv6-m\libgcc.a(addsf3.o)
                0x000006ec                __aeabi_fadd
 .text          0x000009c4      0x24c c:/freescale/kds_3.0.0/toolchain/bin/../lib/gcc/arm-none-eabi/4.8.4/armv6-m\libgcc.a(divsf3.o)
                0x000009c4                __aeabi_fdiv
 .text          0x00000c10       0x54 c:/freescale/kds_3.0.0/toolchain/bin/../lib/gcc/arm-none-eabi/4.8.4/armv6-m\libgcc.a(eqsf2.o)
                0x00000c10                __eqsf2
                0x00000c10                __nesf2
 .text          0x00000c64       0x90 c:/freescale/kds_3.0.0/toolchain/bin/../lib/gcc/arm-none-eabi/4.8.4/armv6-m\libgcc.a(gesf2.o)
                0x00000c64                __gesf2
                0x00000c64                __gtsf2
 .text          0x00000cf4       0x98 c:/freescale/kds_3.0.0/toolchain/bin/../lib/gcc/arm-none-eabi/4.8.4/armv6-m\libgcc.a(lesf2.o)
                0x00000cf4                __ltsf2
                0x00000cf4                __lesf2
 .text          0x00000d8c      0x254 c:/freescale/kds_3.0.0/toolchain/bin/../lib/gcc/arm-none-eabi/4.8.4/armv6-m\libgcc.a(mulsf3.o)
                0x00000d8c                __aeabi_fmul
 .text          0x00000fe0      0x2ec c:/freescale/kds_3.0.0/toolchain/bin/../lib/gcc/arm-none-eabi/4.8.4/armv6-m\libgcc.a(subsf3.o)
                0x00000fe0                __aeabi_fsub
 .text          0x000012cc       0x40 c:/freescale/kds_3.0.0/toolchain/bin/../lib/gcc/arm-none-eabi/4.8.4/armv6-m\libgcc.a(fixsfsi.o)
                0x000012cc                __aeabi_f2iz
 .text          0x0000130c       0xb8 c:/freescale/kds_3.0.0/toolchain/bin/../lib/gcc/arm-none-eabi/4.8.4/armv6-m\libgcc.a(floatsisf.o)
                0x0000130c                __aeabi_i2f
 .text          0x000013c4       0xa0 c:/freescale/kds_3.0.0/toolchain/bin/../lib/gcc/arm-none-eabi/4.8.4/armv6-m\libgcc.a(floatunsisf.o)
                0x000013c4                __aeabi_ui2f
 .text          0x00001464       0x3c c:/freescale/kds_3.0.0/toolchain/bin/../lib/gcc/arm-none-eabi/4.8.4/armv6-m\libgcc.a(_clzsi2.o)
                0x00001464                __clzsi2
 .text          0x000014a0       0x34 c:/freescale/kds_3.0.0/toolchain/bin/../lib/gcc/arm-none-eabi/4.8.4/../../../../arm-none-eabi/lib/armv6-m\libg_s.a(lib_a-setjmp.o)
                0x000014a0                setjmp
                0x000014b8                longjmp
 .text          0x000014d4       0x14 c:/freescale/kds_3.0.0/toolchain/bin/../lib/gcc/arm-none-eabi/4.8.4/../../../../arm-none-eabi/lib/armv6-m\libg_s.a(lib_a-strcmp.o)
                0x000014d4                strcmp
 *(.text*)
 .text.control  0x000014e8      0x10c ./Sources/Application.o
 .text.Stop_CHG_DIS
                0x000015f4       0x2c ./Sources/Application.o
 .text.Load_Settings
                0x00001620       0xe8 ./Sources/Application.o
 .text.Measure_All
                0x00001708      0x1c8 ./Sources/Application.o
 .text.Iterate_PID
                0x000018d0      0x120 ./Sources/Application.o
 .text.Log_Error
                0x000019f0       0x20 ./Sources/Application.o
 .text.Log_To_File
                0x00001a10      0x1d4 ./Sources/Application.o
 .text.APP_Run  0x00001be4       0x48 ./Sources/Application.o
                0x00001be4                APP_Run
 .text.BTS_ParseCommand
                0x00001c2c      0x1dc ./Sources/Application.o
                0x00001c2c                BTS_ParseCommand
 .text.PrintHelp
                0x00001e08      0x130 ./Sources/Application.o
 .text.PrintStatus
                0x00001f38      0x140 ./Sources/Application.o
 .text.Load_Current
                0x00002078       0x34 ./Sources/Application.o
 .text.State_Machine
                0x000020ac      0x180 ./Sources/Application.o
 .text.Start    0x0000222c       0x6c ./Sources/Application.o
 .text.Stop     0x00002298       0x44 ./Sources/Application.o
 .text.Toggle_Verbose
                0x000022dc       0x50 ./Sources/Application.o
 .text.Toggle_Logging
                0x0000232c       0x50 ./Sources/Application.o
 .text.Cpu_OnNMIINT
                0x0000237c        0x8 ./Sources/Events.o
                0x0000237c                Cpu_OnNMIINT
 .text.SM1_OnRxChar
                0x00002384        0x8 ./Sources/Events.o
                0x00002384                SM1_OnRxChar
 .text.SM1_OnTxChar
                0x0000238c        0x8 ./Sources/Events.o
                0x0000238c                SM1_OnTxChar
 .text.SM1_OnError
                0x00002394        0x8 ./Sources/Events.o
                0x00002394                SM1_OnError
 .text.FRTOS1_vApplicationStackOverflowHook
                0x0000239c       0x10 ./Sources/Events.o
                0x0000239c                FRTOS1_vApplicationStackOverflowHook
 .text.FRTOS1_vApplicationTickHook
                0x000023ac       0x10 ./Sources/Events.o
                0x000023ac                FRTOS1_vApplicationTickHook
 .text.FRTOS1_vApplicationMallocFailedHook
                0x000023bc        0x8 ./Sources/Events.o
                0x000023bc                FRTOS1_vApplicationMallocFailedHook
 .text.AD1_OnEnd
                0x000023c4        0x8 ./Sources/Events.o
                0x000023c4                AD1_OnEnd
 .text.AD1_OnCalibrationEnd
                0x000023cc        0x8 ./Sources/Events.o
                0x000023cc                AD1_OnCalibrationEnd
 .text.SM1_OnFullRxBuf
                0x000023d4        0x8 ./Sources/Events.o
                0x000023d4                SM1_OnFullRxBuf
 .text.SM1_OnFreeTxBuf
                0x000023dc        0x8 ./Sources/Events.o
                0x000023dc                SM1_OnFreeTxBuf
 .text.ShellTask
                0x000023e4       0x84 ./Sources/Shell.o
 .text.SHELL_Init
                0x00002468       0x40 ./Sources/Shell.o
                0x00002468                SHELL_Init
 .text.main     0x000024a8       0x14 ./Sources/main.o
                0x000024a8                main
 .text.__copy_rom_section
                0x000024bc       0xd8 ./Project_Settings/Startup_Code/startup.o
                0x000024bc                __copy_rom_section
 .text.__copy_rom_sections_to_ram
                0x00002594       0x98 ./Project_Settings/Startup_Code/startup.o
                0x00002594                __copy_rom_sections_to_ram
 .text.__init_registers
                0x0000262c        0x8 ./Project_Settings/Startup_Code/startup.o
                0x0000262c                __init_registers
 .text.__init_user
                0x00002634        0x8 ./Project_Settings/Startup_Code/startup.o
                0x00002634                __init_user
 .text.__thumb_startup
                0x0000263c       0x30 ./Project_Settings/Startup_Code/startup.o
                0x0000263c                __thumb_startup
 .text.ClrSumV  0x0000266c       0x24 ./Generated_Code/AD1.o
 .text.AD1_HWEnDi
                0x00002690       0x60 ./Generated_Code/AD1.o
                0x00002690                AD1_HWEnDi
 .text.AD1_Measure
                0x000026f0       0x48 ./Generated_Code/AD1.o
                0x000026f0                AD1_Measure
 .text.AD1_GetValue16
                0x00002738       0x60 ./Generated_Code/AD1.o
                0x00002738                AD1_GetValue16
 .text.AD1_Calibrate
                0x00002798       0x80 ./Generated_Code/AD1.o
                0x00002798                AD1_Calibrate
 .text.AdcLdd1_OnMeasurementComplete
                0x00002818       0xe4 ./Generated_Code/AD1.o
                0x00002818                AdcLdd1_OnMeasurementComplete
 .text.AD1_Init
                0x000028fc       0x2c ./Generated_Code/AD1.o
                0x000028fc                AD1_Init
 .text.HWEnDi   0x00002928       0x20 ./Generated_Code/AS1.o
 .text.AS1_RecvChar
                0x00002948       0xe8 ./Generated_Code/AS1.o
                0x00002948                AS1_RecvChar
 .text.AS1_SendChar
                0x00002a30       0xe8 ./Generated_Code/AS1.o
                0x00002a30                AS1_SendChar
 .text.AS1_GetCharsInRxBuf
                0x00002b18       0x14 ./Generated_Code/AS1.o
                0x00002b18                AS1_GetCharsInRxBuf
 .text.AS1_Init
                0x00002b2c       0x64 ./Generated_Code/AS1.o
                0x00002b2c                AS1_Init
 .text.ASerialLdd1_OnBlockReceived
                0x00002b90       0x7c ./Generated_Code/AS1.o
                0x00002b90                ASerialLdd1_OnBlockReceived
 .text.ASerialLdd1_OnBlockSent
                0x00002c0c       0x88 ./Generated_Code/AS1.o
                0x00002c0c                ASerialLdd1_OnBlockSent
 .text.ASerialLdd1_OnError
                0x00002c94       0x90 ./Generated_Code/AS1.o
                0x00002c94                ASerialLdd1_OnError
 .text.ASerialLdd1_OnBreak
                0x00002d24       0x20 ./Generated_Code/AS1.o
                0x00002d24                ASerialLdd1_OnBreak
 .text.ASerialLdd1_Init
                0x00002d44      0x1bc ./Generated_Code/ASerialLdd1.o
                0x00002d44                ASerialLdd1_Init
 .text.ASerialLdd1_ReceiveBlock
                0x00002f00       0x50 ./Generated_Code/ASerialLdd1.o
                0x00002f00                ASerialLdd1_ReceiveBlock
 .text.ASerialLdd1_SendBlock
                0x00002f50       0x80 ./Generated_Code/ASerialLdd1.o
                0x00002f50                ASerialLdd1_SendBlock
 .text.InterruptRx
                0x00002fd0       0x58 ./Generated_Code/ASerialLdd1.o
 .text.InterruptTx
                0x00003028       0x80 ./Generated_Code/ASerialLdd1.o
 .text.ASerialLdd1_Interrupt
                0x000030a8       0xec ./Generated_Code/ASerialLdd1.o
                0x000030a8                ASerialLdd1_Interrupt
 .text.ASerialLdd1_GetError
                0x00003194       0x30 ./Generated_Code/ASerialLdd1.o
                0x00003194                ASerialLdd1_GetError
 .text.AdcLdd1_Init
                0x000031c4       0xf0 ./Generated_Code/AdcLdd1.o
                0x000031c4                AdcLdd1_Init
 .text.AdcLdd1_StartSingleMeasurement
                0x000032b4       0x44 ./Generated_Code/AdcLdd1.o
                0x000032b4                AdcLdd1_StartSingleMeasurement
 .text.AdcLdd1_CreateSampleGroup
                0x000032f8       0x6c ./Generated_Code/AdcLdd1.o
                0x000032f8                AdcLdd1_CreateSampleGroup
 .text.AdcLdd1_GetMeasuredValues
                0x00003364       0x60 ./Generated_Code/AdcLdd1.o
                0x00003364                AdcLdd1_GetMeasuredValues
 .text.AdcLdd1_GetMeasurementCompleteStatus
                0x000033c4       0x3c ./Generated_Code/AdcLdd1.o
                0x000033c4                AdcLdd1_GetMeasurementCompleteStatus
 .text.AdcLdd1_StartCalibration
                0x00003400       0x48 ./Generated_Code/AdcLdd1.o
                0x00003400                AdcLdd1_StartCalibration
 .text.AdcLdd1_GetCalibrationResultStatus
                0x00003448       0xb8 ./Generated_Code/AdcLdd1.o
                0x00003448                AdcLdd1_GetCalibrationResultStatus
 .text.AdcLdd1_MeasurementCompleteInterrupt
                0x00003500       0x30 ./Generated_Code/AdcLdd1.o
                0x00003500                AdcLdd1_MeasurementCompleteInterrupt
 .text.BitIoLdd1_Init
                0x00003530       0x68 ./Generated_Code/BitIoLdd1.o
                0x00003530                BitIoLdd1_Init
 .text.BitIoLdd1_SetVal
                0x00003598       0x1c ./Generated_Code/BitIoLdd1.o
                0x00003598                BitIoLdd1_SetVal
 .text.BitIoLdd1_NegVal
                0x000035b4       0x1c ./Generated_Code/BitIoLdd1.o
                0x000035b4                BitIoLdd1_NegVal
 .text.BitIoLdd2_Init
                0x000035d0       0x68 ./Generated_Code/BitIoLdd2.o
                0x000035d0                BitIoLdd2_Init
 .text.BitIoLdd2_SetVal
                0x00003638       0x1c ./Generated_Code/BitIoLdd2.o
                0x00003638                BitIoLdd2_SetVal
 .text.BitIoLdd2_NegVal
                0x00003654       0x1c ./Generated_Code/BitIoLdd2.o
                0x00003654                BitIoLdd2_NegVal
 .text.CD1_Init
                0x00003670       0x58 ./Generated_Code/CD1.o
                0x00003670                CD1_Init
 .text.CD1_GetVal
                0x000036c8       0x28 ./Generated_Code/CD1.o
                0x000036c8                CD1_GetVal
 .text.CLS1_SendStr
                0x000036f0       0x28 ./Generated_Code/CLS1.o
                0x000036f0                CLS1_SendStr
 .text.CLS1_SendNum32s
                0x00003718       0x30 ./Generated_Code/CLS1.o
                0x00003718                CLS1_SendNum32s
 .text.CLS1_ParseCommand
                0x00003748      0x12c ./Generated_Code/CLS1.o
                0x00003748                CLS1_ParseCommand
 .text.CLS1_PrintPrompt
                0x00003874       0x20 ./Generated_Code/CLS1.o
                0x00003874                CLS1_PrintPrompt
 .text.CLS1_IsHistoryCharacter
                0x00003894       0x24 ./Generated_Code/CLS1.o
                0x00003894                CLS1_IsHistoryCharacter
 .text.CLS1_ReadLine
                0x000038b8       0xf8 ./Generated_Code/CLS1.o
                0x000038b8                CLS1_ReadLine
 .text.CLS1_PrintStatus
                0x000039b0       0xb0 ./Generated_Code/CLS1.o
                0x000039b0                CLS1_PrintStatus
 .text.CLS1_PrintCommandFailed
                0x00003a60       0x78 ./Generated_Code/CLS1.o
                0x00003a60                CLS1_PrintCommandFailed
 .text.CLS1_IterateTable
                0x00003ad8       0x58 ./Generated_Code/CLS1.o
                0x00003ad8                CLS1_IterateTable
 .text.CLS1_ParseWithCommandTable
                0x00003b30       0xb0 ./Generated_Code/CLS1.o
                0x00003b30                CLS1_ParseWithCommandTable
 .text.CLS1_GetStdio
                0x00003be0       0x14 ./Generated_Code/CLS1.o
                0x00003be0                CLS1_GetStdio
 .text.CLS1_ReadAndParseWithCommandTable
                0x00003bf4       0xec ./Generated_Code/CLS1.o
                0x00003bf4                CLS1_ReadAndParseWithCommandTable
 .text.SendSeparatedStrings
                0x00003ce0       0x7c ./Generated_Code/CLS1.o
 .text.CLS1_SendHelpStr
                0x00003d5c       0x28 ./Generated_Code/CLS1.o
                0x00003d5c                CLS1_SendHelpStr
 .text.CLS1_SendStatusStr
                0x00003d84       0x28 ./Generated_Code/CLS1.o
                0x00003d84                CLS1_SendStatusStr
 .text.CLS1_ReadChar
                0x00003dac       0x30 ./Generated_Code/CLS1.o
                0x00003dac                CLS1_ReadChar
 .text.CLS1_SendChar
                0x00003ddc       0x40 ./Generated_Code/CLS1.o
                0x00003ddc                CLS1_SendChar
 .text.CLS1_KeyPressed
                0x00003e1c       0x24 ./Generated_Code/CLS1.o
                0x00003e1c                CLS1_KeyPressed
 .text.CLS1_Init
                0x00003e40        0x8 ./Generated_Code/CLS1.o
                0x00003e40                CLS1_Init
 .text.Cpu_INT_NMIInterrupt
                0x00003e48        0xc ./Generated_Code/Cpu.o
                0x00003e48                Cpu_INT_NMIInterrupt
 .text.Cpu_ivINT_Hard_Fault
                0x00003e54        0xc ./Generated_Code/Cpu.o
                0x00003e54                Cpu_ivINT_Hard_Fault
 .text.Cpu_ivINT_Reserved4
                0x00003e60        0xc ./Generated_Code/Cpu.o
                0x00003e60                Cpu_ivINT_Reserved4
 .text.Cpu_ivINT_Reserved5
                0x00003e6c        0xc ./Generated_Code/Cpu.o
                0x00003e6c                Cpu_ivINT_Reserved5
 .text.Cpu_ivINT_Reserved6
                0x00003e78        0xc ./Generated_Code/Cpu.o
                0x00003e78                Cpu_ivINT_Reserved6
 .text.Cpu_ivINT_Reserved7
                0x00003e84        0xc ./Generated_Code/Cpu.o
                0x00003e84                Cpu_ivINT_Reserved7
 .text.Cpu_ivINT_Reserved8
                0x00003e90        0xc ./Generated_Code/Cpu.o
                0x00003e90                Cpu_ivINT_Reserved8
 .text.Cpu_ivINT_Reserved9
                0x00003e9c        0xc ./Generated_Code/Cpu.o
                0x00003e9c                Cpu_ivINT_Reserved9
 .text.Cpu_ivINT_Reserved10
                0x00003ea8        0xc ./Generated_Code/Cpu.o
                0x00003ea8                Cpu_ivINT_Reserved10
 .text.Cpu_ivINT_Reserved12
                0x00003eb4        0xc ./Generated_Code/Cpu.o
                0x00003eb4                Cpu_ivINT_Reserved12
 .text.Cpu_ivINT_Reserved13
                0x00003ec0        0xc ./Generated_Code/Cpu.o
                0x00003ec0                Cpu_ivINT_Reserved13
 .text.Cpu_ivINT_DMA0
                0x00003ecc        0xc ./Generated_Code/Cpu.o
                0x00003ecc                Cpu_ivINT_DMA0
 .text.Cpu_ivINT_DMA1
                0x00003ed8        0xc ./Generated_Code/Cpu.o
                0x00003ed8                Cpu_ivINT_DMA1
 .text.Cpu_ivINT_DMA2
                0x00003ee4        0xc ./Generated_Code/Cpu.o
                0x00003ee4                Cpu_ivINT_DMA2
 .text.Cpu_ivINT_DMA3
                0x00003ef0        0xc ./Generated_Code/Cpu.o
                0x00003ef0                Cpu_ivINT_DMA3
 .text.Cpu_ivINT_Reserved20
                0x00003efc        0xc ./Generated_Code/Cpu.o
                0x00003efc                Cpu_ivINT_Reserved20
 .text.Cpu_ivINT_FTFA
                0x00003f08        0xc ./Generated_Code/Cpu.o
                0x00003f08                Cpu_ivINT_FTFA
 .text.Cpu_ivINT_LVD_LVW
                0x00003f14        0xc ./Generated_Code/Cpu.o
                0x00003f14                Cpu_ivINT_LVD_LVW
 .text.Cpu_ivINT_LLWU
                0x00003f20        0xc ./Generated_Code/Cpu.o
                0x00003f20                Cpu_ivINT_LLWU
 .text.Cpu_ivINT_I2C0
                0x00003f2c        0xc ./Generated_Code/Cpu.o
                0x00003f2c                Cpu_ivINT_I2C0
 .text.Cpu_ivINT_I2C1
                0x00003f38        0xc ./Generated_Code/Cpu.o
                0x00003f38                Cpu_ivINT_I2C1
 .text.Cpu_ivINT_SPI1
                0x00003f44        0xc ./Generated_Code/Cpu.o
                0x00003f44                Cpu_ivINT_SPI1
 .text.Cpu_ivINT_UART1
                0x00003f50        0xc ./Generated_Code/Cpu.o
                0x00003f50                Cpu_ivINT_UART1
 .text.Cpu_ivINT_UART2
                0x00003f5c        0xc ./Generated_Code/Cpu.o
                0x00003f5c                Cpu_ivINT_UART2
 .text.Cpu_ivINT_CMP0
                0x00003f68        0xc ./Generated_Code/Cpu.o
                0x00003f68                Cpu_ivINT_CMP0
 .text.Cpu_ivINT_TPM0
                0x00003f74        0xc ./Generated_Code/Cpu.o
                0x00003f74                Cpu_ivINT_TPM0
 .text.Cpu_ivINT_TPM1
                0x00003f80        0xc ./Generated_Code/Cpu.o
                0x00003f80                Cpu_ivINT_TPM1
 .text.Cpu_ivINT_TPM2
                0x00003f8c        0xc ./Generated_Code/Cpu.o
                0x00003f8c                Cpu_ivINT_TPM2
 .text.Cpu_ivINT_RTC
                0x00003f98        0xc ./Generated_Code/Cpu.o
                0x00003f98                Cpu_ivINT_RTC
 .text.Cpu_ivINT_RTC_Seconds
                0x00003fa4        0xc ./Generated_Code/Cpu.o
                0x00003fa4                Cpu_ivINT_RTC_Seconds
 .text.Cpu_ivINT_PIT
                0x00003fb0        0xc ./Generated_Code/Cpu.o
                0x00003fb0                Cpu_ivINT_PIT
 .text.Cpu_ivINT_Reserved39
                0x00003fbc        0xc ./Generated_Code/Cpu.o
                0x00003fbc                Cpu_ivINT_Reserved39
 .text.Cpu_ivINT_USB0
                0x00003fc8        0xc ./Generated_Code/Cpu.o
                0x00003fc8                Cpu_ivINT_USB0
 .text.Cpu_ivINT_DAC0
                0x00003fd4        0xc ./Generated_Code/Cpu.o
                0x00003fd4                Cpu_ivINT_DAC0
 .text.Cpu_ivINT_TSI0
                0x00003fe0        0xc ./Generated_Code/Cpu.o
                0x00003fe0                Cpu_ivINT_TSI0
 .text.Cpu_ivINT_MCG
                0x00003fec        0xc ./Generated_Code/Cpu.o
                0x00003fec                Cpu_ivINT_MCG
 .text.Cpu_ivINT_LPTMR0
                0x00003ff8        0xc ./Generated_Code/Cpu.o
                0x00003ff8                Cpu_ivINT_LPTMR0
 .text.Cpu_ivINT_Reserved45
                0x00004004        0xc ./Generated_Code/Cpu.o
                0x00004004                Cpu_ivINT_Reserved45
 .text.Cpu_ivINT_PORTA
                0x00004010        0xc ./Generated_Code/Cpu.o
                0x00004010                Cpu_ivINT_PORTA
 .text.Cpu_ivINT_PORTD
                0x0000401c        0xc ./Generated_Code/Cpu.o
                0x0000401c                Cpu_ivINT_PORTD
 .text.__init_hardware
                0x00004028      0x178 ./Generated_Code/Cpu.o
                0x00004028                __init_hardware
 .text.PE_low_level_init
                0x000041a0      0x120 ./Generated_Code/Cpu.o
                0x000041a0                PE_low_level_init
 .text.disk_initialize
                0x000042c0       0x30 ./Generated_Code/FAT1.o
                0x000042c0                disk_initialize
 .text.disk_status
                0x000042f0       0x30 ./Generated_Code/FAT1.o
                0x000042f0                disk_status
 .text.disk_read
                0x00004320       0x40 ./Generated_Code/FAT1.o
                0x00004320                disk_read
 .text.disk_write
                0x00004360       0x40 ./Generated_Code/FAT1.o
                0x00004360                disk_write
 .text.disk_ioctl
                0x000043a0       0x40 ./Generated_Code/FAT1.o
                0x000043a0                disk_ioctl
 .text.FatFsFResultMsg
                0x000043e0       0xb0 ./Generated_Code/FAT1.o
 .text.FatFsDResultMsg
                0x00004490       0xb0 ./Generated_Code/FAT1.o
 .text.CmdUsageError
                0x00004540       0x64 ./Generated_Code/FAT1.o
 .text.PrintDir
                0x000045a4      0x480 ./Generated_Code/FAT1.o
 .text.DirCmd   0x00004a24       0xc8 ./Generated_Code/FAT1.o
 .text.CopyCmd  0x00004aec       0xb4 ./Generated_Code/FAT1.o
 .text.DeleteCmd
                0x00004ba0       0x78 ./Generated_Code/FAT1.o
 .text.MkdirCmd
                0x00004c18       0x78 ./Generated_Code/FAT1.o
 .text.RenameCmd
                0x00004c90       0xb4 ./Generated_Code/FAT1.o
 .text.SectorCmd
                0x00004d44       0x64 ./Generated_Code/FAT1.o
 .text.PrintCmd
                0x00004da8       0x78 ./Generated_Code/FAT1.o
 .text.CdCmd    0x00004e20       0xe4 ./Generated_Code/FAT1.o
 .text.PrintStatus
                0x00004f04       0x84 ./Generated_Code/FAT1.o
 .text.PrintHelp
                0x00004f88      0x14c ./Generated_Code/FAT1.o
 .text.ff_cre_syncobj
                0x000050d4       0x2c ./Generated_Code/FAT1.o
                0x000050d4                ff_cre_syncobj
 .text.ff_del_syncobj
                0x00005100       0x1c ./Generated_Code/FAT1.o
                0x00005100                ff_del_syncobj
 .text.ff_req_grant
                0x0000511c       0x30 ./Generated_Code/FAT1.o
                0x0000511c                ff_req_grant
 .text.ff_rel_grant
                0x0000514c       0x1c ./Generated_Code/FAT1.o
                0x0000514c                ff_rel_grant
 .text.FAT1_errFResultMsg
                0x00005168       0xc4 ./Generated_Code/FAT1.o
                0x00005168                FAT1_errFResultMsg
 .text.FAT1_errDResultMsg
                0x0000522c       0x54 ./Generated_Code/FAT1.o
                0x0000522c                FAT1_errDResultMsg
 .text.FAT1_isWriteProtected
                0x00005280       0x60 ./Generated_Code/FAT1.o
                0x00005280                FAT1_isWriteProtected
 .text.FAT1_isDiskPresent
                0x000052e0       0x74 ./Generated_Code/FAT1.o
                0x000052e0                FAT1_isDiskPresent
 .text.FAT1_Init
                0x00005354       0x2c ./Generated_Code/FAT1.o
                0x00005354                FAT1_Init
 .text.FAT1_get_fattime
                0x00005380       0x88 ./Generated_Code/FAT1.o
                0x00005380                FAT1_get_fattime
 .text.FAT1_ParseCommand
                0x00005408      0x264 ./Generated_Code/FAT1.o
                0x00005408                FAT1_ParseCommand
 .text.FAT1_CheckCardPresence
                0x0000566c       0xc4 ./Generated_Code/FAT1.o
                0x0000566c                FAT1_CheckCardPresence
 .text.FAT1_MountFileSystem
                0x00005730       0x58 ./Generated_Code/FAT1.o
                0x00005730                FAT1_MountFileSystem
 .text.FAT1_UnMountFileSystem
                0x00005788       0x54 ./Generated_Code/FAT1.o
                0x00005788                FAT1_UnMountFileSystem
 .text.FAT1_PrintDirectory
                0x000057dc       0x4c ./Generated_Code/FAT1.o
                0x000057dc                FAT1_PrintDirectory
 .text.FAT1_CopyFile
                0x00005828      0x218 ./Generated_Code/FAT1.o
                0x00005828                FAT1_CopyFile
 .text.FAT1_DeleteFile
                0x00005a40       0x74 ./Generated_Code/FAT1.o
                0x00005a40                FAT1_DeleteFile
 .text.FAT1_PrintFile
                0x00005ab4      0x140 ./Generated_Code/FAT1.o
                0x00005ab4                FAT1_PrintFile
 .text.FAT1_MakeDirectory
                0x00005bf4       0x74 ./Generated_Code/FAT1.o
                0x00005bf4                FAT1_MakeDirectory
 .text.FAT1_ChangeDirectory
                0x00005c68       0x4c ./Generated_Code/FAT1.o
                0x00005c68                FAT1_ChangeDirectory
 .text.FAT1_RenameFile
                0x00005cb4       0x78 ./Generated_Code/FAT1.o
                0x00005cb4                FAT1_RenameFile
 .text.FAT1_PrintSector
                0x00005d2c      0x1f0 ./Generated_Code/FAT1.o
                0x00005d2c                FAT1_PrintSector
 .text.FAT1_PrintDiskInfo
                0x00005f1c      0x9f8 ./Generated_Code/FAT1.o
                0x00005f1c                FAT1_PrintDiskInfo
 .text.FAT1_Benchmark
                0x00006914      0x3f8 ./Generated_Code/FAT1.o
                0x00006914                FAT1_Benchmark
 .text.PrintStatus
                0x00006d0c      0x1c0 ./Generated_Code/FRTOS1.o
 .text.PrintHelp
                0x00006ecc       0x48 ./Generated_Code/FRTOS1.o
 .text.FRTOS1_ParseCommand
                0x00006f14       0x94 ./Generated_Code/FRTOS1.o
                0x00006f14                FRTOS1_ParseCommand
 .text.PwmLdd1_Init
                0x00006fa8       0x54 ./Generated_Code/PwmLdd1.o
                0x00006fa8                PwmLdd1_Init
 .text.PwmLdd1_Enable
                0x00006ffc       0x30 ./Generated_Code/PwmLdd1.o
                0x00006ffc                PwmLdd1_Enable
 .text.PwmLdd1_SetRatio16
                0x0000702c       0x2c ./Generated_Code/PwmLdd1.o
                0x0000702c                PwmLdd1_SetRatio16
 .text.SetRatio
                0x00007058       0x68 ./Generated_Code/PwmLdd1.o
 .text.PwmLdd2_Init
                0x000070c0       0x54 ./Generated_Code/PwmLdd2.o
                0x000070c0                PwmLdd2_Init
 .text.PwmLdd2_Enable
                0x00007114       0x30 ./Generated_Code/PwmLdd2.o
                0x00007114                PwmLdd2_Enable
 .text.PwmLdd2_SetRatio16
                0x00007144       0x2c ./Generated_Code/PwmLdd2.o
                0x00007144                PwmLdd2_SetRatio16
 .text.SetRatio
                0x00007170       0x68 ./Generated_Code/PwmLdd2.o
 .text.SD1_disk_initialize
                0x000071d8      0x1b0 ./Generated_Code/SD1.o
                0x000071d8                SD1_disk_initialize
 .text.SD1_disk_status
                0x00007388       0x20 ./Generated_Code/SD1.o
                0x00007388                SD1_disk_status
 .text.SD1_disk_read
                0x000073a8       0xd0 ./Generated_Code/SD1.o
                0x000073a8                SD1_disk_read
 .text.SD1_disk_write
                0x00007478      0x10c ./Generated_Code/SD1.o
                0x00007478                SD1_disk_write
 .text.chk_power
                0x00007584        0xc ./Generated_Code/SD1.o
 .text.power_off
                0x00007590        0x8 ./Generated_Code/SD1.o
 .text.power_on
                0x00007598        0x8 ./Generated_Code/SD1.o
 .text.SD1_disk_ioctl
                0x000075a0      0x448 ./Generated_Code/SD1.o
                0x000075a0                SD1_disk_ioctl
 .text.SD1_Activate
                0x000079e8       0x1c ./Generated_Code/SD1.o
                0x000079e8                SD1_Activate
 .text.SD1_Deactivate
                0x00007a04       0x18 ./Generated_Code/SD1.o
                0x00007a04                SD1_Deactivate
 .text.SD1_WaitReady
                0x00007a1c       0x9c ./Generated_Code/SD1.o
                0x00007a1c                SD1_WaitReady
 .text.SD1_ReceiveDataBlock
                0x00007ab8      0x178 ./Generated_Code/SD1.o
                0x00007ab8                SD1_ReceiveDataBlock
 .text.SD1_SendDataBlock
                0x00007c30      0x130 ./Generated_Code/SD1.o
                0x00007c30                SD1_SendDataBlock
 .text.SD1_SendCmd
                0x00007d60      0x21c ./Generated_Code/SD1.o
                0x00007d60                SD1_SendCmd
 .text.SendCommand
                0x00007f7c      0x120 ./Generated_Code/SD1.o
 .text.SD1_Init
                0x0000809c      0x120 ./Generated_Code/SD1.o
                0x0000809c                SD1_Init
 .text.SD1_ReceiveByte
                0x000081bc       0x38 ./Generated_Code/SD1.o
                0x000081bc                SD1_ReceiveByte
 .text.SD1_SetSlowMode
                0x000081f4       0x2c ./Generated_Code/SD1.o
                0x000081f4                SD1_SetSlowMode
 .text.SD1_SetFastMode
                0x00008220       0x2c ./Generated_Code/SD1.o
                0x00008220                SD1_SetFastMode
 .text.SD1_InitCommChannel
                0x0000824c       0x20 ./Generated_Code/SD1.o
                0x0000824c                SD1_InitCommChannel
 .text.HWEnDi   0x0000826c       0xb8 ./Generated_Code/SM1.o
 .text.SM1_Enable
                0x00008324       0x24 ./Generated_Code/SM1.o
                0x00008324                SM1_Enable
 .text.SM1_Disable
                0x00008348       0x24 ./Generated_Code/SM1.o
                0x00008348                SM1_Disable
 .text.SM1_RecvChar
                0x0000836c       0xd4 ./Generated_Code/SM1.o
                0x0000836c                SM1_RecvChar
 .text.SM1_SendChar
                0x00008440       0xfc ./Generated_Code/SM1.o
                0x00008440                SM1_SendChar
 .text.SM1_SetBaudRateMode
                0x0000853c       0x8c ./Generated_Code/SM1.o
                0x0000853c                SM1_SetBaudRateMode
 .text.SM1_SetShiftClockPolarity
                0x000085c8       0xc8 ./Generated_Code/SM1.o
                0x000085c8                SM1_SetShiftClockPolarity
 .text.SM1_SetIdleClockPolarity
                0x00008690       0xb8 ./Generated_Code/SM1.o
                0x00008690                SM1_SetIdleClockPolarity
 .text.SM1_Init
                0x00008748       0x94 ./Generated_Code/SM1.o
                0x00008748                SM1_Init
 .text.SMasterLdd1_OnBlockReceived
                0x000087dc       0xdc ./Generated_Code/SM1.o
                0x000087dc                SMasterLdd1_OnBlockReceived
 .text.SMasterLdd1_OnBlockSent
                0x000088b8       0xcc ./Generated_Code/SM1.o
                0x000088b8                SMasterLdd1_OnBlockSent
 .text.SMasterLdd1_Init
                0x00008984      0x10c ./Generated_Code/SMasterLdd1.o
                0x00008984                SMasterLdd1_Init
 .text.SMasterLdd1_Enable
                0x00008a90       0x28 ./Generated_Code/SMasterLdd1.o
                0x00008a90                SMasterLdd1_Enable
 .text.SMasterLdd1_Disable
                0x00008ab8       0x28 ./Generated_Code/SMasterLdd1.o
                0x00008ab8                SMasterLdd1_Disable
 .text.SMasterLdd1_ReceiveBlock
                0x00008ae0       0x74 ./Generated_Code/SMasterLdd1.o
                0x00008ae0                SMasterLdd1_ReceiveBlock
 .text.SMasterLdd1_SendBlock
                0x00008b54       0x60 ./Generated_Code/SMasterLdd1.o
                0x00008b54                SMasterLdd1_SendBlock
 .text.SMasterLdd1_SelectConfiguration
                0x00008bb4       0x8c ./Generated_Code/SMasterLdd1.o
                0x00008bb4                SMasterLdd1_SelectConfiguration
 .text.SMasterLdd1_Interrupt
                0x00008c40       0xe0 ./Generated_Code/SMasterLdd1.o
                0x00008c40                SMasterLdd1_Interrupt
 .text.HWEnDi   0x00008d20       0x6c ./Generated_Code/SMasterLdd1.o
 .text.SS1_Init
                0x00008d8c       0x60 ./Generated_Code/SS1.o
                0x00008d8c                SS1_Init
 .text.SS1_ClrVal
                0x00008dec       0x18 ./Generated_Code/SS1.o
                0x00008dec                SS1_ClrVal
 .text.SS1_SetVal
                0x00008e04       0x18 ./Generated_Code/SS1.o
                0x00008e04                SS1_SetVal
 .text.TMOUT1_GetCounter
                0x00008e1c       0xa0 ./Generated_Code/TMOUT1.o
                0x00008e1c                TMOUT1_GetCounter
 .text.TMOUT1_LeaveCounter
                0x00008ebc       0x44 ./Generated_Code/TMOUT1.o
                0x00008ebc                TMOUT1_LeaveCounter
 .text.TMOUT1_CounterExpired
                0x00008f00       0x4c ./Generated_Code/TMOUT1.o
                0x00008f00                TMOUT1_CounterExpired
 .text.TMOUT1_AddTick
                0x00008f4c       0x58 ./Generated_Code/TMOUT1.o
                0x00008f4c                TMOUT1_AddTick
 .text.TMOUT1_Init
                0x00008fa4       0x44 ./Generated_Code/TMOUT1.o
                0x00008fa4                TMOUT1_Init
 .text.TMOUT1_Value
                0x00008fe8       0x44 ./Generated_Code/TMOUT1.o
                0x00008fe8                TMOUT1_Value
 .text.TU1_Init
                0x0000902c       0xd4 ./Generated_Code/TU1.o
                0x0000902c                TU1_Init
 .text.TU1_Enable
                0x00009100       0x30 ./Generated_Code/TU1.o
                0x00009100                TU1_Enable
 .text.TU1_GetPeriodTicks
                0x00009130       0x3c ./Generated_Code/TU1.o
                0x00009130                TU1_GetPeriodTicks
 .text.TU1_SetOffsetTicks
                0x0000916c       0x44 ./Generated_Code/TU1.o
                0x0000916c                TU1_SetOffsetTicks
 .text.TU2_Init
                0x000091b0       0xbc ./Generated_Code/TU2.o
                0x000091b0                TU2_Init
 .text.TU2_Enable
                0x0000926c       0x30 ./Generated_Code/TU2.o
                0x0000926c                TU2_Enable
 .text.TU2_GetPeriodTicks
                0x0000929c       0x3c ./Generated_Code/TU2.o
                0x0000929c                TU2_GetPeriodTicks
 .text.TU2_SetOffsetTicks
                0x000092d8       0x44 ./Generated_Code/TU2.o
                0x000092d8                TU2_SetOffsetTicks
 .text.AddDate  0x0000931c       0x9c ./Generated_Code/TmDt1.o
 .text.AddTime  0x000093b8       0xd4 ./Generated_Code/TmDt1.o
 .text.DateCmd  0x0000948c      0x12c ./Generated_Code/TmDt1.o
 .text.TimeCmd  0x000095b8      0x134 ./Generated_Code/TmDt1.o
 .text.PrintStatus
                0x000096ec       0xcc ./Generated_Code/TmDt1.o
 .text.TmDt1_SetTime
                0x000097b8       0x98 ./Generated_Code/TmDt1.o
                0x000097b8                TmDt1_SetTime
 .text.TmDt1_AddTick
                0x00009850       0xd4 ./Generated_Code/TmDt1.o
                0x00009850                TmDt1_AddTick
 .text.TmDt1_GetTime
                0x00009924       0x3c ./Generated_Code/TmDt1.o
                0x00009924                TmDt1_GetTime
 .text.TmDt1_SetDate
                0x00009960       0xbc ./Generated_Code/TmDt1.o
                0x00009960                TmDt1_SetDate
 .text.TmDt1_GetDate
                0x00009a1c       0x40 ./Generated_Code/TmDt1.o
                0x00009a1c                TmDt1_GetDate
 .text.TmDt1_Init
                0x00009a5c       0x24 ./Generated_Code/TmDt1.o
                0x00009a5c                TmDt1_Init
 .text.TmDt1_ParseCommand
                0x00009a80      0x150 ./Generated_Code/TmDt1.o
                0x00009a80                TmDt1_ParseCommand
 .text.TmDt1_TicksToTime
                0x00009bd0       0x98 ./Generated_Code/TmDt1.o
                0x00009bd0                TmDt1_TicksToTime
 .text.TmDt1_TimeToTicks
                0x00009c68       0x48 ./Generated_Code/TmDt1.o
                0x00009c68                TmDt1_TimeToTicks
 .text.UTIL1_strcpy
                0x00009cb0       0x44 ./Generated_Code/UTIL1.o
                0x00009cb0                UTIL1_strcpy
 .text.UTIL1_strcat
                0x00009cf4       0x60 ./Generated_Code/UTIL1.o
                0x00009cf4                UTIL1_strcat
 .text.UTIL1_chcat
                0x00009d54       0x50 ./Generated_Code/UTIL1.o
                0x00009d54                UTIL1_chcat
 .text.UTIL1_Num8uToStr
                0x00009da4       0x28 ./Generated_Code/UTIL1.o
                0x00009da4                UTIL1_Num8uToStr
 .text.UTIL1_Num16uToStr
                0x00009dcc      0x130 ./Generated_Code/UTIL1.o
                0x00009dcc                UTIL1_Num16uToStr
 .text.UTIL1_Num16sToStr
                0x00009efc      0x1ac ./Generated_Code/UTIL1.o
                0x00009efc                UTIL1_Num16sToStr
 .text.ShiftRightAndFill
                0x0000a0a8       0xe4 ./Generated_Code/UTIL1.o
 .text.UTIL1_Num16sToStrFormatted
                0x0000a18c       0x48 ./Generated_Code/UTIL1.o
                0x0000a18c                UTIL1_Num16sToStrFormatted
 .text.UTIL1_Num16uToStrFormatted
                0x0000a1d4       0x44 ./Generated_Code/UTIL1.o
                0x0000a1d4                UTIL1_Num16uToStrFormatted
 .text.UTIL1_Num32uToStrFormatted
                0x0000a218       0x40 ./Generated_Code/UTIL1.o
                0x0000a218                UTIL1_Num32uToStrFormatted
 .text.UTIL1_strcatNum8u
                0x0000a258       0x38 ./Generated_Code/UTIL1.o
                0x0000a258                UTIL1_strcatNum8u
 .text.UTIL1_strcatNum16u
                0x0000a290       0x38 ./Generated_Code/UTIL1.o
                0x0000a290                UTIL1_strcatNum16u
 .text.UTIL1_strcatNum16uFormatted
                0x0000a2c8       0x4c ./Generated_Code/UTIL1.o
                0x0000a2c8                UTIL1_strcatNum16uFormatted
 .text.UTIL1_strcatNum16sFormatted
                0x0000a314       0x4c ./Generated_Code/UTIL1.o
                0x0000a314                UTIL1_strcatNum16sFormatted
 .text.UTIL1_strcatNum32uFormatted
                0x0000a360       0x44 ./Generated_Code/UTIL1.o
                0x0000a360                UTIL1_strcatNum32uFormatted
 .text.UTIL1_strcatNum8Hex
                0x0000a3a4       0x88 ./Generated_Code/UTIL1.o
                0x0000a3a4                UTIL1_strcatNum8Hex
 .text.UTIL1_strcatNum16Hex
                0x0000a42c       0x90 ./Generated_Code/UTIL1.o
                0x0000a42c                UTIL1_strcatNum16Hex
 .text.UTIL1_strcatNum32Hex
                0x0000a4bc       0x88 ./Generated_Code/UTIL1.o
                0x0000a4bc                UTIL1_strcatNum32Hex
 .text.UTIL1_strcatNum32s
                0x0000a544       0x34 ./Generated_Code/UTIL1.o
                0x0000a544                UTIL1_strcatNum32s
 .text.UTIL1_strcatNum32u
                0x0000a578       0x34 ./Generated_Code/UTIL1.o
                0x0000a578                UTIL1_strcatNum32u
 .text.UTIL1_Num32sToStr
                0x0000a5ac      0x188 ./Generated_Code/UTIL1.o
                0x0000a5ac                UTIL1_Num32sToStr
 .text.UTIL1_Num32uToStr
                0x0000a734      0x120 ./Generated_Code/UTIL1.o
                0x0000a734                UTIL1_Num32uToStr
 .text.UTIL1_ReadEscapedName
                0x0000a854      0x15c ./Generated_Code/UTIL1.o
                0x0000a854                UTIL1_ReadEscapedName
 .text.UTIL1_ScanDate
                0x0000a9b0      0x100 ./Generated_Code/UTIL1.o
                0x0000a9b0                UTIL1_ScanDate
 .text.UTIL1_ScanTime
                0x0000aab0      0x174 ./Generated_Code/UTIL1.o
                0x0000aab0                UTIL1_ScanTime
 .text.UTIL1_ScanDecimal8uNumber
                0x0000ac24       0xa8 ./Generated_Code/UTIL1.o
                0x0000ac24                UTIL1_ScanDecimal8uNumber
 .text.UTIL1_ScanDecimal16uNumber
                0x0000accc       0xa8 ./Generated_Code/UTIL1.o
                0x0000accc                UTIL1_ScanDecimal16uNumber
 .text.UTIL1_ScanDecimal32uNumber
                0x0000ad74       0xa8 ./Generated_Code/UTIL1.o
                0x0000ad74                UTIL1_ScanDecimal32uNumber
 .text.UTIL1_ScanDecimal32sNumber
                0x0000ae1c       0x9c ./Generated_Code/UTIL1.o
                0x0000ae1c                UTIL1_ScanDecimal32sNumber
 .text.UTIL1_strcatPad
                0x0000aeb8       0xcc ./Generated_Code/UTIL1.o
                0x0000aeb8                UTIL1_strcatPad
 .text.WAIT1_Wait10Cycles
                0x0000af84        0x8 ./Generated_Code/WAIT1.o
                0x0000af84                WAIT1_Wait10Cycles
 .text.WAIT1_Wait100Cycles
                0x0000af8c       0x18 ./Generated_Code/WAIT1.o
                0x0000af8c                WAIT1_Wait100Cycles
 .text.WAIT1_WaitCycles
                0x0000afa4       0x44 ./Generated_Code/WAIT1.o
                0x0000afa4                WAIT1_WaitCycles
 .text.WAIT1_WaitLongCycles
                0x0000afe8       0x3c ./Generated_Code/WAIT1.o
                0x0000afe8                WAIT1_WaitLongCycles
 .text.WAIT1_Waitms
                0x0000b024       0x38 ./Generated_Code/WAIT1.o
                0x0000b024                WAIT1_Waitms
 .text.mem_cpy  0x0000b05c       0x38 ./Generated_Code/ff.o
 .text.mem_set  0x0000b094       0x30 ./Generated_Code/ff.o
 .text.mem_cmp  0x0000b0c4       0x4c ./Generated_Code/ff.o
 .text.chk_chr  0x0000b110       0x34 ./Generated_Code/ff.o
 .text.lock_fs  0x0000b144       0x1c ./Generated_Code/ff.o
 .text.unlock_fs
                0x0000b160       0x44 ./Generated_Code/ff.o
 .text.sync_window
                0x0000b1a4       0xa0 ./Generated_Code/ff.o
 .text.move_window
                0x0000b244       0x78 ./Generated_Code/ff.o
 .text.sync_fs  0x0000b2bc      0x198 ./Generated_Code/ff.o
 .text.clust2sect
                0x0000b454       0x38 ./Generated_Code/ff.o
                0x0000b454                clust2sect
 .text.get_fat  0x0000b48c      0x170 ./Generated_Code/ff.o
                0x0000b48c                get_fat
 .text.put_fat  0x0000b5fc      0x238 ./Generated_Code/ff.o
                0x0000b5fc                put_fat
 .text.remove_chain
                0x0000b834       0xc4 ./Generated_Code/ff.o
 .text.create_chain
                0x0000b8f8      0x154 ./Generated_Code/ff.o
 .text.clmt_clust
                0x0000ba4c       0x68 ./Generated_Code/ff.o
 .text.dir_sdi  0x0000bab4      0x104 ./Generated_Code/ff.o
 .text.dir_next
                0x0000bbb8      0x1a8 ./Generated_Code/ff.o
 .text.dir_alloc
                0x0000bd60       0xb4 ./Generated_Code/ff.o
 .text.ld_clust
                0x0000be14       0x54 ./Generated_Code/ff.o
 .text.st_clust
                0x0000be68       0x48 ./Generated_Code/ff.o
 .text.dir_find
                0x0000beb0       0xc4 ./Generated_Code/ff.o
 .text.dir_read
                0x0000bf74       0xe0 ./Generated_Code/ff.o
 .text.dir_register
                0x0000c054       0x7c ./Generated_Code/ff.o
 .text.dir_remove
                0x0000c0d0       0x78 ./Generated_Code/ff.o
 .text.get_fileinfo
                0x0000c148       0xec ./Generated_Code/ff.o
 .text.create_name
                0x0000c234      0x2b0 ./Generated_Code/ff.o
 .text.follow_path
                0x0000c4e4      0x144 ./Generated_Code/ff.o
 .text.get_ldnumber
                0x0000c628       0x8c ./Generated_Code/ff.o
 .text.check_fs
                0x0000c6b4       0xcc ./Generated_Code/ff.o
 .text.find_volume
                0x0000c780      0x5e4 ./Generated_Code/ff.o
 .text.validate
                0x0000cd64       0x70 ./Generated_Code/ff.o
 .text.f_mount  0x0000cdd4       0xd4 ./Generated_Code/ff.o
                0x0000cdd4                f_mount
 .text.f_open   0x0000cea8      0x318 ./Generated_Code/ff.o
                0x0000cea8                f_open
 .text.f_read   0x0000d1c0      0x344 ./Generated_Code/ff.o
                0x0000d1c0                f_read
 .text.f_write  0x0000d504      0x3ac ./Generated_Code/ff.o
                0x0000d504                f_write
 .text.f_sync   0x0000d8b0      0x19c ./Generated_Code/ff.o
                0x0000d8b0                f_sync
 .text.f_close  0x0000da4c       0x60 ./Generated_Code/ff.o
                0x0000da4c                f_close
 .text.f_chdir  0x0000daac       0xdc ./Generated_Code/ff.o
                0x0000daac                f_chdir
 .text.f_getcwd
                0x0000db88      0x238 ./Generated_Code/ff.o
                0x0000db88                f_getcwd
 .text.f_lseek  0x0000ddc0      0x524 ./Generated_Code/ff.o
                0x0000ddc0                f_lseek
 .text.f_opendir
                0x0000e2e4       0xfc ./Generated_Code/ff.o
                0x0000e2e4                f_opendir
 .text.f_readdir
                0x0000e3e0       0xd0 ./Generated_Code/ff.o
                0x0000e3e0                f_readdir
 .text.f_getfree
                0x0000e4b0      0x1b8 ./Generated_Code/ff.o
                0x0000e4b0                f_getfree
 .text.f_unlink
                0x0000e668      0x1ec ./Generated_Code/ff.o
                0x0000e668                f_unlink
 .text.f_mkdir  0x0000e854      0x310 ./Generated_Code/ff.o
                0x0000e854                f_mkdir
 .text.f_rename
                0x0000eb64      0x268 ./Generated_Code/ff.o
                0x0000eb64                f_rename
 .text.pvPortMalloc
                0x0000edcc      0x124 ./Generated_Code/heap_2.o
                0x0000edcc                pvPortMalloc
 .text.vPortFree
                0x0000eef0       0x70 ./Generated_Code/heap_2.o
                0x0000eef0                vPortFree
 .text.xPortGetFreeHeapSize
                0x0000ef60       0x14 ./Generated_Code/heap_2.o
                0x0000ef60                xPortGetFreeHeapSize
 .text.prvHeapInit
                0x0000ef74       0x4c ./Generated_Code/heap_2.o
 .text.vListInitialise
                0x0000efc0       0x3c ./Generated_Code/list.o
                0x0000efc0                vListInitialise
 .text.vListInitialiseItem
                0x0000effc       0x14 ./Generated_Code/list.o
                0x0000effc                vListInitialiseItem
 .text.vListInsertEnd
                0x0000f010       0x44 ./Generated_Code/list.o
                0x0000f010                vListInsertEnd
 .text.vListInsert
                0x0000f054       0x6c ./Generated_Code/list.o
                0x0000f054                vListInsert
 .text.uxListRemove
                0x0000f0c0       0x50 ./Generated_Code/list.o
                0x0000f0c0                uxListRemove
 .text.pxPortInitialiseStack
                0x0000f110       0x50 ./Generated_Code/port.o
                0x0000f110                pxPortInitialiseStack
 .text.vPortInitTickTimer
                0x0000f160       0x3c ./Generated_Code/port.o
                0x0000f160                vPortInitTickTimer
 .text.vPortStartTickTimer
                0x0000f19c       0x14 ./Generated_Code/port.o
                0x0000f19c                vPortStartTickTimer
 .text.vPortStopTickTimer
                0x0000f1b0       0x14 ./Generated_Code/port.o
                0x0000f1b0                vPortStopTickTimer
 .text.xPortStartScheduler
                0x0000f1c4       0x4c ./Generated_Code/port.o
                0x0000f1c4                xPortStartScheduler
 .text.vPortEnterCritical
                0x0000f210       0x20 ./Generated_Code/port.o
                0x0000f210                vPortEnterCritical
 .text.vPortExitCritical
                0x0000f230       0x20 ./Generated_Code/port.o
                0x0000f230                vPortExitCritical
 .text.vPortYieldFromISR
                0x0000f250       0x1c ./Generated_Code/port.o
                0x0000f250                vPortYieldFromISR
 .text.vPortTickHandler
                0x0000f26c       0x1c ./Generated_Code/port.o
                0x0000f26c                vPortTickHandler
 .text.vPortStartFirstTask
                0x0000f288       0x1c ./Generated_Code/port.o
                0x0000f288                vPortStartFirstTask
 .text.vPortSVCHandler
                0x0000f2a4       0x28 ./Generated_Code/port.o
                0x0000f2a4                vPortSVCHandler
 .text.vPortPendSVHandler
                0x0000f2cc       0x44 ./Generated_Code/port.o
                0x0000f2cc                vPortPendSVHandler
 .text.xQueueCreateMutex
                0x0000f310       0x98 ./Generated_Code/queue.o
                0x0000f310                xQueueCreateMutex
 .text.xQueueGenericSend
                0x0000f3a8      0x190 ./Generated_Code/queue.o
                0x0000f3a8                xQueueGenericSend
 .text.xQueueGenericReceive
                0x0000f538      0x1bc ./Generated_Code/queue.o
                0x0000f538                xQueueGenericReceive
 .text.vQueueDelete
                0x0000f6f4       0x24 ./Generated_Code/queue.o
                0x0000f6f4                vQueueDelete
 .text.prvCopyDataToQueue
                0x0000f718       0xe0 ./Generated_Code/queue.o
 .text.prvCopyDataFromQueue
                0x0000f7f8       0x50 ./Generated_Code/queue.o
 .text.prvUnlockQueue
                0x0000f848       0x98 ./Generated_Code/queue.o
 .text.prvIsQueueEmpty
                0x0000f8e0       0x2c ./Generated_Code/queue.o
 .text.prvIsQueueFull
                0x0000f90c       0x30 ./Generated_Code/queue.o
 .text.xTaskGenericCreate
                0x0000f93c      0x174 ./Generated_Code/tasks.o
                0x0000f93c                xTaskGenericCreate
 .text.vTaskDelayUntil
                0x0000fab0       0xc0 ./Generated_Code/tasks.o
                0x0000fab0                vTaskDelayUntil
 .text.vTaskDelay
                0x0000fb70       0x64 ./Generated_Code/tasks.o
                0x0000fb70                vTaskDelay
 .text.vTaskStartScheduler
                0x0000fbd4       0x74 ./Generated_Code/tasks.o
                0x0000fbd4                vTaskStartScheduler
 .text.vTaskSuspendAll
                0x0000fc48       0x18 ./Generated_Code/tasks.o
                0x0000fc48                vTaskSuspendAll
 .text.xTaskResumeAll
                0x0000fc60      0x108 ./Generated_Code/tasks.o
                0x0000fc60                xTaskResumeAll
 .text.xTaskGetTickCount
                0x0000fd68       0x24 ./Generated_Code/tasks.o
                0x0000fd68                xTaskGetTickCount
 .text.uxTaskGetNumberOfTasks
                0x0000fd8c       0x14 ./Generated_Code/tasks.o
                0x0000fd8c                uxTaskGetNumberOfTasks
 .text.uxTaskGetSystemState
                0x0000fda0       0xdc ./Generated_Code/tasks.o
                0x0000fda0                uxTaskGetSystemState
 .text.xTaskIncrementTick
                0x0000fe7c      0x17c ./Generated_Code/tasks.o
                0x0000fe7c                xTaskIncrementTick
 .text.vTaskSwitchContext
                0x0000fff8       0xc4 ./Generated_Code/tasks.o
                0x0000fff8                vTaskSwitchContext
 .text.vTaskPlaceOnEventList
                0x000100bc       0x6c ./Generated_Code/tasks.o
                0x000100bc                vTaskPlaceOnEventList
 .text.xTaskRemoveFromEventList
                0x00010128       0xb8 ./Generated_Code/tasks.o
                0x00010128                xTaskRemoveFromEventList
 .text.vTaskSetTimeOutState
                0x000101e0       0x30 ./Generated_Code/tasks.o
                0x000101e0                vTaskSetTimeOutState
 .text.xTaskCheckForTimeOut
                0x00010210       0x9c ./Generated_Code/tasks.o
                0x00010210                xTaskCheckForTimeOut
 .text.vTaskMissedYield
                0x000102ac       0x14 ./Generated_Code/tasks.o
                0x000102ac                vTaskMissedYield
 .text.prvIdleTask
                0x000102c0       0x20 ./Generated_Code/tasks.o
 .text.prvInitialiseTCBVariables
                0x000102e0       0xa4 ./Generated_Code/tasks.o
 .text.prvInitialiseTaskLists
                0x00010384       0x7c ./Generated_Code/tasks.o
 .text.prvCheckTasksWaitingTermination
                0x00010400        0x8 ./Generated_Code/tasks.o
 .text.prvAddCurrentTaskToDelayedList
                0x00010408       0x6c ./Generated_Code/tasks.o
 .text.prvAllocateTCBAndStack
                0x00010474       0x78 ./Generated_Code/tasks.o
 .text.prvListTaskWithinSingleList
                0x000104ec      0x11c ./Generated_Code/tasks.o
 .text.prvTaskCheckFreeStackSpace
                0x00010608       0x34 ./Generated_Code/tasks.o
 .text.prvResetNextTaskUnblockTime
                0x0001063c       0x44 ./Generated_Code/tasks.o
 .text.xTaskGetSchedulerState
                0x00010680       0x38 ./Generated_Code/tasks.o
                0x00010680                xTaskGetSchedulerState
 .text.vTaskPriorityInherit
                0x000106b8       0xbc ./Generated_Code/tasks.o
                0x000106b8                vTaskPriorityInherit
 .text.xTaskPriorityDisinherit
                0x00010774       0xb8 ./Generated_Code/tasks.o
                0x00010774                xTaskPriorityDisinherit
 .text.vTaskList
                0x0001082c      0x188 ./Generated_Code/tasks.o
                0x0001082c                vTaskList
 .text.pvTaskIncrementMutexHeldCount
                0x000109b4       0x24 ./Generated_Code/tasks.o
                0x000109b4                pvTaskIncrementMutexHeldCount
 .text.exit     0x000109d8       0x2c c:/freescale/kds_3.0.0/toolchain/bin/../lib/gcc/arm-none-eabi/4.8.4/../../../../arm-none-eabi/lib/armv6-m\libg_s.a(lib_a-exit.o)
                0x000109d8                exit
 .text.__libc_init_array
                0x00010a04       0x4c c:/freescale/kds_3.0.0/toolchain/bin/../lib/gcc/arm-none-eabi/4.8.4/../../../../arm-none-eabi/lib/armv6-m\libg_s.a(lib_a-init.o)
                0x00010a04                __libc_init_array
 .text.memcpy   0x00010a50       0x12 c:/freescale/kds_3.0.0/toolchain/bin/../lib/gcc/arm-none-eabi/4.8.4/../../../../arm-none-eabi/lib/armv6-m\libg_s.a(lib_a-memcpy-stub.o)
                0x00010a50                memcpy
 .text.memset   0x00010a62       0x10 c:/freescale/kds_3.0.0/toolchain/bin/../lib/gcc/arm-none-eabi/4.8.4/../../../../arm-none-eabi/lib/armv6-m\libg_s.a(lib_a-memset.o)
                0x00010a62                memset
 .text.strchr   0x00010a72       0x18 c:/freescale/kds_3.0.0/toolchain/bin/../lib/gcc/arm-none-eabi/4.8.4/../../../../arm-none-eabi/lib/armv6-m\libg_s.a(lib_a-strchr.o)
                0x00010a72                strchr
 .text.strlen   0x00010a8a        0xe c:/freescale/kds_3.0.0/toolchain/bin/../lib/gcc/arm-none-eabi/4.8.4/../../../../arm-none-eabi/lib/armv6-m\libg_s.a(lib_a-strlen.o)
                0x00010a8a                strlen
 .text.strncmp  0x00010a98       0x2c c:/freescale/kds_3.0.0/toolchain/bin/../lib/gcc/arm-none-eabi/4.8.4/../../../../arm-none-eabi/lib/armv6-m\libg_s.a(lib_a-strncmp.o)
                0x00010a98                strncmp
 .text._exit    0x00010ac4        0x4 c:/freescale/kds_3.0.0/toolchain/bin/../lib/gcc/arm-none-eabi/4.8.4/../../../../arm-none-eabi/lib/armv6-m\libnosys.a(_exit.o)
                0x00010ac4                _exit
 *(.rodata)
 .rodata        0x00010ac8      0x4a8 ./Sources/Application.o
 .rodata        0x00010f70       0x14 ./Sources/Shell.o
 .rodata        0x00010f84      0x170 ./Generated_Code/CLS1.o
 .rodata        0x000110f4      0xda4 ./Generated_Code/FAT1.o
 .rodata        0x00011e98      0x154 ./Generated_Code/FRTOS1.o
 .rodata        0x00011fec      0x224 ./Generated_Code/TmDt1.o
 .rodata        0x00012210       0x18 ./Generated_Code/UTIL1.o
 .rodata        0x00012228       0x44 ./Generated_Code/ff.o
 .rodata        0x0001226c       0x10 ./Generated_Code/tasks.o
 .rodata        0x0001227c       0x40 c:/freescale/kds_3.0.0/toolchain/bin/../lib/gcc/arm-none-eabi/4.8.4/armv6-m\libgcc.a(divsf3.o)
 .rodata        0x000122bc       0x40 c:/freescale/kds_3.0.0/toolchain/bin/../lib/gcc/arm-none-eabi/4.8.4/armv6-m\libgcc.a(mulsf3.o)
 *(.rodata*)
 .rodata.CmdParserTable
                0x000122fc       0x18 ./Sources/Shell.o
 .rodata.ChannelToPin
                0x00012314        0x4 ./Generated_Code/AdcLdd1.o
 .rodata.CLS1_stdio
                0x00012318       0x10 ./Generated_Code/CLS1.o
 .rodata.FAT1_errFResultMsg
                0x00012328       0x4c ./Generated_Code/FAT1.o
 .rodata.FAT1_errDResultMsg
                0x00012374       0x14 ./Generated_Code/FAT1.o
 .rodata.SD1_disk_ioctl
                0x00012388       0x48 ./Generated_Code/SD1.o
 .rodata.ConfigurationSet
                0x000123d0       0x18 ./Generated_Code/SMasterLdd1.o
 .rodata.ULY    0x000123e8        0xc ./Generated_Code/TmDt1.o
 .rodata.LY     0x000123f4        0xc ./Generated_Code/TmDt1.o
 .rodata.ExCvt  0x00012400       0x80 ./Generated_Code/ff.o
 .rodata.str1.1
                0x00012480        0x2 c:/freescale/kds_3.0.0/toolchain/bin/../lib/gcc/arm-none-eabi/4.8.4/../../../../arm-none-eabi/lib/armv6-m\libg_s.a(lib_a-impure.o)
 *fill*         0x00012482        0x2 
 .rodata._global_impure_ptr
                0x00012484        0x4 c:/freescale/kds_3.0.0/toolchain/bin/../lib/gcc/arm-none-eabi/4.8.4/../../../../arm-none-eabi/lib/armv6-m\libg_s.a(lib_a-impure.o)
                0x00012484                _global_impure_ptr
 *(.glue_7)
 .glue_7        0x00000000        0x0 linker stubs
 *(.glue_7t)
 .glue_7t       0x00000000        0x0 linker stubs
 *(.eh_frame)
 .eh_frame      0x00012488        0x0 c:/freescale/kds_3.0.0/toolchain/bin/../lib/gcc/arm-none-eabi/4.8.4/armv6-m/crtbegin.o
 *(.init)
 .init          0x00012488        0x4 c:/freescale/kds_3.0.0/toolchain/bin/../lib/gcc/arm-none-eabi/4.8.4/armv6-m/crti.o
                0x00012488                _init
 .init          0x0001248c        0x8 c:/freescale/kds_3.0.0/toolchain/bin/../lib/gcc/arm-none-eabi/4.8.4/armv6-m/crtn.o
 *(.fini)
 .fini          0x00012494        0x4 c:/freescale/kds_3.0.0/toolchain/bin/../lib/gcc/arm-none-eabi/4.8.4/armv6-m/crti.o
                0x00012494                _fini
 .fini          0x00012498        0x8 c:/freescale/kds_3.0.0/toolchain/bin/../lib/gcc/arm-none-eabi/4.8.4/armv6-m/crtn.o
                0x000124a0                . = ALIGN (0x4)
                0x000124a0                _etext = .

.vfp11_veneer   0x000124a0        0x0
 .vfp11_veneer  0x00000000        0x0 linker stubs

.v4_bx          0x000124a0        0x0
 .v4_bx         0x00000000        0x0 linker stubs

.iplt           0x000124a0        0x0
 .iplt          0x00000000        0x0 c:/freescale/kds_3.0.0/toolchain/bin/../lib/gcc/arm-none-eabi/4.8.4/armv6-m/crtbegin.o

.ARM.extab
 *(.ARM.extab* .gnu.linkonce.armextab.*)

.ARM            0x000124a0        0x8
                0x000124a0                __exidx_start = .
 *(.ARM.exidx*)
 .ARM.exidx     0x000124a0        0x8 c:/freescale/kds_3.0.0/toolchain/bin/../lib/gcc/arm-none-eabi/4.8.4/../../../../arm-none-eabi/lib/armv6-m/crt0.o
                0x000124a8                __exidx_end = .

.rel.dyn        0x000124a8        0x0
 .rel.iplt      0x00000000        0x0 c:/freescale/kds_3.0.0/toolchain/bin/../lib/gcc/arm-none-eabi/4.8.4/armv6-m/crtbegin.o

.ctors          0x000124a8        0x0
                0x000124a8                __CTOR_LIST__ = .
 *crtbegin.o(.ctors)
 *(EXCLUDE_FILE(*crtend.o) .ctors)
 *(SORT(.ctors.*))
 *(.ctors)
                0x000124a8                __CTOR_END__ = .

.dtors          0x000124a8        0x0
                0x000124a8                __DTOR_LIST__ = .
 *crtbegin.o(.dtors)
 *(EXCLUDE_FILE(*crtend.o) .dtors)
 *(SORT(.dtors.*))
 *(.dtors)
                0x000124a8                __DTOR_END__ = .

.preinit_array  0x000124a8        0x0
                0x000124a8                PROVIDE (__preinit_array_start, .)
 *(.preinit_array*)
                0x000124a8                PROVIDE (__preinit_array_end, .)

.init_array     0x000124a8        0x4
                0x000124a8                PROVIDE (__init_array_start, .)
 *(SORT(.init_array.*))
 *(.init_array*)
 .init_array    0x000124a8        0x4 c:/freescale/kds_3.0.0/toolchain/bin/../lib/gcc/arm-none-eabi/4.8.4/armv6-m/crtbegin.o
                0x000124ac                PROVIDE (__init_array_end, .)

.fini_array     0x000124ac        0x4
                0x000124ac                PROVIDE (__fini_array_start, .)
 *(SORT(.fini_array.*))
 *(.fini_array*)
 .fini_array    0x000124ac        0x4 c:/freescale/kds_3.0.0/toolchain/bin/../lib/gcc/arm-none-eabi/4.8.4/armv6-m/crtbegin.o
                0x000124b0                PROVIDE (__fini_array_end, .)
                0x000124b0                ___ROM_AT = .

.mtb            0x1ffff000        0x0
                0x1ffff000                . = ALIGN (0x8)
                0x1ffff000                _mtb_start = .
 *(.mtb_buf)
                0x1ffff000                . = ALIGN (0x8)
                0x1ffff000                _mtb_end = .

.data           0x1ffff000      0x108 load address 0x000124b0
                0x1ffff000                . = ALIGN (0x4)
                0x1ffff000                _sdata = .
 *(.data)
 *(.data*)
 .data.maxCycles
                0x1ffff000        0x4 ./Sources/Application.o
 .data.firstState
                0x1ffff004        0x4 ./Sources/Application.o
 .data.currentLimit
                0x1ffff008        0x4 ./Sources/Application.o
 .data.maxCurrSense
                0x1ffff00c        0x4 ./Sources/Application.o
 .data.interval
                0x1ffff010        0x4 ./Sources/Application.o
 .data.waitTime
                0x1ffff014        0x4 ./Sources/Application.o
 .data.PID_Kp   0x1ffff018        0x4 ./Sources/Application.o
 .data.PID_Ki   0x1ffff01c        0x4 ./Sources/Application.o
 .data.timeStamp
                0x1ffff020       0x78 ./Sources/Application.o
 .data.CLS1_currStdIO
                0x1ffff098        0x4 ./Generated_Code/CLS1.o
 .data.Stat     0x1ffff09c        0x1 ./Generated_Code/SD1.o
 .data.CardType
                0x1ffff09d        0x1 ./Generated_Code/SD1.o
 *fill*         0x1ffff09e        0x2 
 .data.xFreeBytesRemaining
                0x1ffff0a0        0x4 ./Generated_Code/heap_2.o
 .data.uxCriticalNesting
                0x1ffff0a4        0x4 ./Generated_Code/port.o
 .data.impure_data
                0x1ffff0a8       0x60 c:/freescale/kds_3.0.0/toolchain/bin/../lib/gcc/arm-none-eabi/4.8.4/../../../../arm-none-eabi/lib/armv6-m\libg_s.a(lib_a-impure.o)
                0x1ffff108                . = ALIGN (0x4)
                0x1ffff108                _edata = .
                0x00000108                ___data_size = (_edata - _sdata)

.jcr            0x1ffff108        0x0 load address 0x000125b8
 .jcr           0x1ffff108        0x0 c:/freescale/kds_3.0.0/toolchain/bin/../lib/gcc/arm-none-eabi/4.8.4/armv6-m/crtbegin.o

.igot.plt       0x1ffff108        0x0 load address 0x000125b8
 .igot.plt      0x00000000        0x0 c:/freescale/kds_3.0.0/toolchain/bin/../lib/gcc/arm-none-eabi/4.8.4/armv6-m/crtbegin.o
                0x1ffff108                . = ALIGN (0x4)

.bss            0x1ffff108     0x2cc0 load address 0x000125b8
                0x1ffff108                __START_BSS = .
                0x1ffff108                PROVIDE (__bss_start__, __START_BSS)
 *(.bss)
 .bss           0x1ffff108       0x1c c:/freescale/kds_3.0.0/toolchain/bin/../lib/gcc/arm-none-eabi/4.8.4/armv6-m/crtbegin.o
 *(.bss*)
 .bss.state     0x1ffff124        0x4 ./Sources/Application.o
 .bss.doneReason
                0x1ffff128        0x4 ./Sources/Application.o
 .bss.verbose   0x1ffff12c        0x4 ./Sources/Application.o
 .bss.logEnabled
                0x1ffff130        0x4 ./Sources/Application.o
 .bss.chgCurrSet
                0x1ffff134        0x4 ./Sources/Application.o
 .bss.disCurrSet
                0x1ffff138        0x4 ./Sources/Application.o
 .bss.nextState
                0x1ffff13c        0x4 ./Sources/Application.o
 .bss.cyclesLeft
                0x1ffff140        0x4 ./Sources/Application.o
 .bss.capacity  0x1ffff144        0x4 ./Sources/Application.o
 .bss.perCurrent
                0x1ffff148        0x4 ./Sources/Application.o
 .bss.current   0x1ffff14c       0x78 ./Sources/Application.o
 .bss.VBat      0x1ffff1c4       0x78 ./Sources/Application.o
 .bss.temp      0x1ffff23c       0x78 ./Sources/Application.o
 .bss.lastStamp
                0x1ffff2b4        0x4 ./Sources/Application.o
 .bss.dp        0x1ffff2b8        0x4 ./Sources/Application.o
 .bss.periodSec
                0x1ffff2bc        0x4 ./Sources/Application.o
 .bss.rawADC    0x1ffff2c0        0x8 ./Sources/Application.o
 .bss.maxVBat   0x1ffff2c8        0x4 ./Sources/Application.o
 .bss.preVBat   0x1ffff2cc        0x4 ./Sources/Application.o
 .bss.PID_perCurrentSet
                0x1ffff2d0        0x4 ./Sources/Application.o
 .bss.PID_perCurrentLimit
                0x1ffff2d4        0x4 ./Sources/Application.o
 .bss.PID_intError
                0x1ffff2d8        0x4 ./Sources/Application.o
 .bss.charBuff  0x1ffff2dc       0x40 ./Sources/Application.o
 .bss.fp        0x1ffff31c      0x228 ./Sources/Application.o
 .bss.fileSystemObject.7120
                0x1ffff544      0x238 ./Sources/Shell.o
 .bss.SumChan   0x1ffff77c        0x1 ./Generated_Code/AD1.o
 .bss.ModeFlg   0x1ffff77d        0x1 ./Generated_Code/AD1.o
 .bss.SumCnt    0x1ffff77e        0x1 ./Generated_Code/AD1.o
 *fill*         0x1ffff77f        0x1 
 .bss.SampleGroup
                0x1ffff780        0x4 ./Generated_Code/AD1.o
 .bss.OutFlg    0x1ffff784        0x1 ./Generated_Code/AD1.o
 *fill*         0x1ffff785        0x1 
 .bss.SerFlag   0x1ffff786        0x2 ./Generated_Code/AS1.o
 .bss.AS1_InpLen
                0x1ffff788        0x2 ./Generated_Code/AS1.o
 .bss.InpIndexR
                0x1ffff78a        0x2 ./Generated_Code/AS1.o
 .bss.InpIndexW
                0x1ffff78c        0x2 ./Generated_Code/AS1.o
 *fill*         0x1ffff78e        0x2 
 .bss.InpBuffer
                0x1ffff790       0x40 ./Generated_Code/AS1.o
 .bss.BufferRead
                0x1ffff7d0        0x1 ./Generated_Code/AS1.o
 *fill*         0x1ffff7d1        0x1 
 .bss.AS1_OutLen
                0x1ffff7d2        0x2 ./Generated_Code/AS1.o
 .bss.OutIndexR
                0x1ffff7d4        0x2 ./Generated_Code/AS1.o
 .bss.OutIndexW
                0x1ffff7d6        0x2 ./Generated_Code/AS1.o
 .bss.OutBuffer
                0x1ffff7d8       0x40 ./Generated_Code/AS1.o
 .bss.DeviceDataPrv__DEFAULT_RTOS_ALLOC
                0x1ffff818       0x20 ./Generated_Code/ASerialLdd1.o
 .bss.INT_UART0__BAREBOARD_RTOS_ISRPARAM
                0x1ffff838        0x4 ./Generated_Code/ASerialLdd1.o
 .bss.DeviceDataPrv__DEFAULT_RTOS_ALLOC
                0x1ffff83c        0x8 ./Generated_Code/AdcLdd1.o
 .bss.INT_ADC0__BAREBOARD_RTOS_ISRPARAM
                0x1ffff844        0x4 ./Generated_Code/AdcLdd1.o
 .bss.DeviceDataPrv__DEFAULT_RTOS_ALLOC
                0x1ffff848        0x4 ./Generated_Code/BitIoLdd1.o
 .bss.DeviceDataPrv__DEFAULT_RTOS_ALLOC
                0x1ffff84c        0x4 ./Generated_Code/BitIoLdd2.o
 .bss.DeviceDataPrv__DEFAULT_RTOS_ALLOC
                0x1ffff850        0x4 ./Generated_Code/CD1.o
 .bss.SR_lock   0x1ffff854        0x1 ./Generated_Code/Cpu.o
                0x1ffff854                SR_lock
 *fill*         0x1ffff855        0x3 
 .bss.fp.7369   0x1ffff858      0x228 ./Generated_Code/FAT1.o
 .bss.PE_LDD_DeviceDataList
                0x1ffffa80       0x2c ./Generated_Code/PE_LDD.o
                0x1ffffa80                PE_LDD_DeviceDataList
 .bss.DeviceDataPrv__DEFAULT_RTOS_ALLOC
                0x1ffffaac        0xc ./Generated_Code/PwmLdd1.o
 .bss.DeviceDataPrv__DEFAULT_RTOS_ALLOC
                0x1ffffab8        0xc ./Generated_Code/PwmLdd2.o
 .bss.speedMode
                0x1ffffac4        0x1 ./Generated_Code/SD1.o
 .bss.rxDummy   0x1ffffac5        0x1 ./Generated_Code/SD1.o
 .bss.EnUser    0x1ffffac6        0x1 ./Generated_Code/SM1.o
 .bss.SerFlag   0x1ffffac7        0x1 ./Generated_Code/SM1.o
 .bss.ErrFlag   0x1ffffac8        0x1 ./Generated_Code/SM1.o
 *fill*         0x1ffffac9        0x1 
 .bss.SM1_InpLen
                0x1ffffaca        0x2 ./Generated_Code/SM1.o
 .bss.InpIndexR
                0x1ffffacc        0x1 ./Generated_Code/SM1.o
 .bss.InpIndexW
                0x1ffffacd        0x1 ./Generated_Code/SM1.o
 *fill*         0x1fffface        0x2 
 .bss.InpBuffer
                0x1ffffad0       0x80 ./Generated_Code/SM1.o
 .bss.BufferRead
                0x1ffffb50        0x1 ./Generated_Code/SM1.o
 *fill*         0x1ffffb51        0x1 
 .bss.SM1_OutLen
                0x1ffffb52        0x2 ./Generated_Code/SM1.o
 .bss.OutIndexR
                0x1ffffb54        0x1 ./Generated_Code/SM1.o
 .bss.OutIndexW
                0x1ffffb55        0x1 ./Generated_Code/SM1.o
 *fill*         0x1ffffb56        0x2 
 .bss.OutBuffer
                0x1ffffb58       0x80 ./Generated_Code/SM1.o
 .bss.OnFreeTxBufSemaphore
                0x1ffffbd8        0x1 ./Generated_Code/SM1.o
 .bss.SpiClockfeatures
                0x1ffffbd9        0x1 ./Generated_Code/SM1.o
 .bss.SetAttributeCmd
                0x1ffffbda        0x1 ./Generated_Code/SM1.o
 *fill*         0x1ffffbdb        0x1 
 .bss.DeviceDataPrv__DEFAULT_RTOS_ALLOC
                0x1ffffbdc       0x20 ./Generated_Code/SMasterLdd1.o
 .bss.INT_SPI0__BAREBOARD_RTOS_ISRPARAM
                0x1ffffbfc        0x4 ./Generated_Code/SMasterLdd1.o
 .bss.DeviceDataPrv__DEFAULT_RTOS_ALLOC
                0x1ffffc00        0x4 ./Generated_Code/SS1.o
 .bss.TMOUT1_Counters
                0x1ffffc04        0x4 ./Generated_Code/TMOUT1.o
 .bss.TMOUT1_FreeCounters
                0x1ffffc08        0x4 ./Generated_Code/TMOUT1.o
 .bss.DeviceDataPrv__DEFAULT_RTOS_ALLOC
                0x1ffffc0c        0xc ./Generated_Code/TU1.o
 .bss.DeviceDataPrv__DEFAULT_RTOS_ALLOC
                0x1ffffc18        0xc ./Generated_Code/TU2.o
 .bss.CntDay    0x1ffffc24        0x1 ./Generated_Code/TmDt1.o
 .bss.CntMonth  0x1ffffc25        0x1 ./Generated_Code/TmDt1.o
 .bss.CntYear   0x1ffffc26        0x2 ./Generated_Code/TmDt1.o
 .bss.tickCntr  0x1ffffc28        0x4 ./Generated_Code/TmDt1.o
 .bss.FatFs     0x1ffffc2c        0x4 ./Generated_Code/ff.o
 .bss.Fsid      0x1ffffc30        0x2 ./Generated_Code/ff.o
 *fill*         0x1ffffc32        0x2 
 .bss.ucHeap    0x1ffffc34     0x2000 ./Generated_Code/heap_2.o
 .bss.xStart    0x20001c34        0x8 ./Generated_Code/heap_2.o
 .bss.xEnd      0x20001c3c        0x8 ./Generated_Code/heap_2.o
 .bss.xHeapHasBeenInitialised.7546
                0x20001c44        0x4 ./Generated_Code/heap_2.o
 .bss.xJumpBuf  0x20001c48       0x5c ./Generated_Code/port.o
 .bss.pxCurrentTCB
                0x20001ca4        0x4 ./Generated_Code/tasks.o
                0x20001ca4                pxCurrentTCB
 .bss.pxReadyTasksLists
                0x20001ca8       0x78 ./Generated_Code/tasks.o
 .bss.xDelayedTaskList1
                0x20001d20       0x14 ./Generated_Code/tasks.o
 .bss.xDelayedTaskList2
                0x20001d34       0x14 ./Generated_Code/tasks.o
 .bss.pxDelayedTaskList
                0x20001d48        0x4 ./Generated_Code/tasks.o
 .bss.pxOverflowDelayedTaskList
                0x20001d4c        0x4 ./Generated_Code/tasks.o
 .bss.xPendingReadyList
                0x20001d50       0x14 ./Generated_Code/tasks.o
 .bss.xSuspendedTaskList
                0x20001d64       0x14 ./Generated_Code/tasks.o
 .bss.uxCurrentNumberOfTasks
                0x20001d78        0x4 ./Generated_Code/tasks.o
 .bss.xTickCount
                0x20001d7c        0x4 ./Generated_Code/tasks.o
 .bss.uxTopReadyPriority
                0x20001d80        0x4 ./Generated_Code/tasks.o
 .bss.xSchedulerRunning
                0x20001d84        0x4 ./Generated_Code/tasks.o
 .bss.uxPendedTicks
                0x20001d88        0x4 ./Generated_Code/tasks.o
 .bss.xYieldPending
                0x20001d8c        0x4 ./Generated_Code/tasks.o
 .bss.xNumOfOverflows
                0x20001d90        0x4 ./Generated_Code/tasks.o
 .bss.uxTaskNumber
                0x20001d94        0x4 ./Generated_Code/tasks.o
 .bss.xNextTaskUnblockTime
                0x20001d98        0x4 ./Generated_Code/tasks.o
 .bss.uxSchedulerSuspended
                0x20001d9c        0x4 ./Generated_Code/tasks.o
 *(COMMON)
 COMMON         0x20001da0        0x8 ./Sources/Application.o
                0x20001da0                xLastWakeTime
                0x20001da4                intCapacity
 COMMON         0x20001da8       0x14 ./Generated_Code/AD1.o
                0x20001da8                AD1_OutV
                0x20001db8                AdcLdd1_DeviceDataPtr
 COMMON         0x20001dbc        0x4 ./Generated_Code/AS1.o
                0x20001dbc                ASerialLdd1_DeviceDataPtr
 COMMON         0x20001dc0        0x1 ./Generated_Code/Cpu.o
                0x20001dc0                SR_reg
 *fill*         0x20001dc1        0x3 
 COMMON         0x20001dc4        0x4 ./Generated_Code/SM1.o
                0x20001dc4                SMasterLdd1_DeviceDataPtr
                0x20001dc8                . = ALIGN (0x4)
                0x20001dc8                __END_BSS = .
                0x20001dc8                PROVIDE (__bss_end__, __END_BSS)
                0x000125b8                _romp_at = (___ROM_AT + SIZEOF (.data))

.romp           0x20001dc8       0x18 load address 0x000125b8
                0x000125b8                __S_romp = _romp_at
                0x20001dc8        0x4 LONG 0x124b0 ___ROM_AT
                0x20001dcc        0x4 LONG 0x1ffff000 _sdata
                0x20001dd0        0x4 LONG 0x108 ___data_size
                0x20001dd4        0x4 LONG 0x0
                0x20001dd8        0x4 LONG 0x0
                0x20001ddc        0x4 LONG 0x0
                0x00020000                text_end = (ORIGIN (m_text) + 0x1fbf0)
                0x000125d0                data_init_end = ((___ROM_AT + SIZEOF (.data)) + SIZEOF (.romp))
                0x00000001                ASSERT ((data_init_end <= text_end), region m_text overflowed with text and data)

._user_heap_stack
                0x20001de0      0x400 load address 0x000125d0
                0x20001de0                . = ALIGN (0x4)
                0x20001de0                PROVIDE (end, .)
                0x20001de0                PROVIDE (_end, .)
                0x20001de0                PROVIDE (__end__, .)
                0x20001de0                __heap_addr = .
                0x20001de0                __HeapBase = .
                0x20001de0                . = (. + __heap_size)
                0x20001de0                __HeapLimit = .
                0x200021e0                . = (. + __stack_size)
 *fill*         0x20001de0      0x400 
                0x200021e0                . = ALIGN (0x4)

.ARM.attributes
                0x00000000       0x28
 *(.ARM.attributes)
 .ARM.attributes
                0x00000000       0x1e c:/freescale/kds_3.0.0/toolchain/bin/../lib/gcc/arm-none-eabi/4.8.4/armv6-m/crti.o
 .ARM.attributes
                0x0000001e       0x2c c:/freescale/kds_3.0.0/toolchain/bin/../lib/gcc/arm-none-eabi/4.8.4/armv6-m/crtbegin.o
 .ARM.attributes
                0x0000004a       0x1b c:/freescale/kds_3.0.0/toolchain/bin/../lib/gcc/arm-none-eabi/4.8.4/../../../../arm-none-eabi/lib/armv6-m/crt0.o
 .ARM.attributes
                0x00000065       0x32 ./Sources/Application.o
 .ARM.attributes
                0x00000097       0x32 ./Sources/Events.o
 .ARM.attributes
                0x000000c9       0x32 ./Sources/Shell.o
 .ARM.attributes
                0x000000fb       0x32 ./Sources/main.o
 .ARM.attributes
                0x0000012d       0x32 ./Project_Settings/Startup_Code/startup.o
 .ARM.attributes
                0x0000015f       0x32 ./Generated_Code/AD1.o
 .ARM.attributes
                0x00000191       0x32 ./Generated_Code/AS1.o
 .ARM.attributes
                0x000001c3       0x32 ./Generated_Code/ASerialLdd1.o
 .ARM.attributes
                0x000001f5       0x32 ./Generated_Code/AdcLdd1.o
 .ARM.attributes
                0x00000227       0x32 ./Generated_Code/BitIoLdd1.o
 .ARM.attributes
                0x00000259       0x32 ./Generated_Code/BitIoLdd2.o
 .ARM.attributes
                0x0000028b       0x32 ./Generated_Code/CD1.o
 .ARM.attributes
                0x000002bd       0x32 ./Generated_Code/CLS1.o
 .ARM.attributes
                0x000002ef       0x32 ./Generated_Code/Cpu.o
 .ARM.attributes
                0x00000321       0x32 ./Generated_Code/FAT1.o
 .ARM.attributes
                0x00000353       0x32 ./Generated_Code/FRTOS1.o
 .ARM.attributes
                0x00000385       0x32 ./Generated_Code/PE_LDD.o
 .ARM.attributes
                0x000003b7       0x32 ./Generated_Code/PwmLdd1.o
 .ARM.attributes
                0x000003e9       0x32 ./Generated_Code/PwmLdd2.o
 .ARM.attributes
                0x0000041b       0x32 ./Generated_Code/SD1.o
 .ARM.attributes
                0x0000044d       0x32 ./Generated_Code/SM1.o
 .ARM.attributes
                0x0000047f       0x32 ./Generated_Code/SMasterLdd1.o
 .ARM.attributes
                0x000004b1       0x32 ./Generated_Code/SS1.o
 .ARM.attributes
                0x000004e3       0x32 ./Generated_Code/TMOUT1.o
 .ARM.attributes
                0x00000515       0x32 ./Generated_Code/TU1.o
 .ARM.attributes
                0x00000547       0x32 ./Generated_Code/TU2.o
 .ARM.attributes
                0x00000579       0x32 ./Generated_Code/TmDt1.o
 .ARM.attributes
                0x000005ab       0x32 ./Generated_Code/UTIL1.o
 .ARM.attributes
                0x000005dd       0x32 ./Generated_Code/Vectors.o
 .ARM.attributes
                0x0000060f       0x32 ./Generated_Code/WAIT1.o
 .ARM.attributes
                0x00000641       0x32 ./Generated_Code/ff.o
 .ARM.attributes
                0x00000673       0x32 ./Generated_Code/heap_2.o
 .ARM.attributes
                0x000006a5       0x32 ./Generated_Code/list.o
 .ARM.attributes
                0x000006d7       0x32 ./Generated_Code/port.o
 .ARM.attributes
                0x00000709       0x32 ./Generated_Code/queue.o
 .ARM.attributes
                0x0000073b       0x32 ./Generated_Code/tasks.o
 .ARM.attributes
                0x0000076d       0x1e c:/freescale/kds_3.0.0/toolchain/bin/../lib/gcc/arm-none-eabi/4.8.4/armv6-m\libgcc.a(_udivsi3.o)
 .ARM.attributes
                0x0000078b       0x1e c:/freescale/kds_3.0.0/toolchain/bin/../lib/gcc/arm-none-eabi/4.8.4/armv6-m\libgcc.a(_divsi3.o)
 .ARM.attributes
                0x000007a9       0x1e c:/freescale/kds_3.0.0/toolchain/bin/../lib/gcc/arm-none-eabi/4.8.4/armv6-m\libgcc.a(_dvmd_tls.o)
 .ARM.attributes
                0x000007c7       0x1e c:/freescale/kds_3.0.0/toolchain/bin/../lib/gcc/arm-none-eabi/4.8.4/armv6-m\libgcc.a(_arm_cmpsf2.o)
 .ARM.attributes
                0x000007e5       0x2c c:/freescale/kds_3.0.0/toolchain/bin/../lib/gcc/arm-none-eabi/4.8.4/armv6-m\libgcc.a(_fixunssfsi.o)
 .ARM.attributes
                0x00000811       0x2c c:/freescale/kds_3.0.0/toolchain/bin/../lib/gcc/arm-none-eabi/4.8.4/armv6-m\libgcc.a(addsf3.o)
 .ARM.attributes
                0x0000083d       0x2c c:/freescale/kds_3.0.0/toolchain/bin/../lib/gcc/arm-none-eabi/4.8.4/armv6-m\libgcc.a(divsf3.o)
 .ARM.attributes
                0x00000869       0x2c c:/freescale/kds_3.0.0/toolchain/bin/../lib/gcc/arm-none-eabi/4.8.4/armv6-m\libgcc.a(eqsf2.o)
 .ARM.attributes
                0x00000895       0x2c c:/freescale/kds_3.0.0/toolchain/bin/../lib/gcc/arm-none-eabi/4.8.4/armv6-m\libgcc.a(gesf2.o)
 .ARM.attributes
                0x000008c1       0x2c c:/freescale/kds_3.0.0/toolchain/bin/../lib/gcc/arm-none-eabi/4.8.4/armv6-m\libgcc.a(lesf2.o)
 .ARM.attributes
                0x000008ed       0x2c c:/freescale/kds_3.0.0/toolchain/bin/../lib/gcc/arm-none-eabi/4.8.4/armv6-m\libgcc.a(mulsf3.o)
 .ARM.attributes
                0x00000919       0x2c c:/freescale/kds_3.0.0/toolchain/bin/../lib/gcc/arm-none-eabi/4.8.4/armv6-m\libgcc.a(subsf3.o)
 .ARM.attributes
                0x00000945       0x2c c:/freescale/kds_3.0.0/toolchain/bin/../lib/gcc/arm-none-eabi/4.8.4/armv6-m\libgcc.a(fixsfsi.o)
 .ARM.attributes
                0x00000971       0x2c c:/freescale/kds_3.0.0/toolchain/bin/../lib/gcc/arm-none-eabi/4.8.4/armv6-m\libgcc.a(floatsisf.o)
 .ARM.attributes
                0x0000099d       0x2c c:/freescale/kds_3.0.0/toolchain/bin/../lib/gcc/arm-none-eabi/4.8.4/armv6-m\libgcc.a(floatunsisf.o)
 .ARM.attributes
                0x000009c9       0x1e c:/freescale/kds_3.0.0/toolchain/bin/../lib/gcc/arm-none-eabi/4.8.4/armv6-m\libgcc.a(_clzsi2.o)
 .ARM.attributes
                0x000009e7       0x2c c:/freescale/kds_3.0.0/toolchain/bin/../lib/gcc/arm-none-eabi/4.8.4/../../../../arm-none-eabi/lib/armv6-m\libg_s.a(lib_a-exit.o)
 .ARM.attributes
                0x00000a13       0x2c c:/freescale/kds_3.0.0/toolchain/bin/../lib/gcc/arm-none-eabi/4.8.4/../../../../arm-none-eabi/lib/armv6-m\libg_s.a(lib_a-impure.o)
 .ARM.attributes
                0x00000a3f       0x2c c:/freescale/kds_3.0.0/toolchain/bin/../lib/gcc/arm-none-eabi/4.8.4/../../../../arm-none-eabi/lib/armv6-m\libg_s.a(lib_a-init.o)
 .ARM.attributes
                0x00000a6b       0x2c c:/freescale/kds_3.0.0/toolchain/bin/../lib/gcc/arm-none-eabi/4.8.4/../../../../arm-none-eabi/lib/armv6-m\libg_s.a(lib_a-memcpy-stub.o)
 .ARM.attributes
                0x00000a97       0x2c c:/freescale/kds_3.0.0/toolchain/bin/../lib/gcc/arm-none-eabi/4.8.4/../../../../arm-none-eabi/lib/armv6-m\libg_s.a(lib_a-memset.o)
 .ARM.attributes
                0x00000ac3       0x1c c:/freescale/kds_3.0.0/toolchain/bin/../lib/gcc/arm-none-eabi/4.8.4/../../../../arm-none-eabi/lib/armv6-m\libg_s.a(lib_a-setjmp.o)
 .ARM.attributes
                0x00000adf       0x2c c:/freescale/kds_3.0.0/toolchain/bin/../lib/gcc/arm-none-eabi/4.8.4/../../../../arm-none-eabi/lib/armv6-m\libg_s.a(lib_a-strchr.o)
 .ARM.attributes
                0x00000b0b       0x1c c:/freescale/kds_3.0.0/toolchain/bin/../lib/gcc/arm-none-eabi/4.8.4/../../../../arm-none-eabi/lib/armv6-m\libg_s.a(lib_a-strcmp.o)
 .ARM.attributes
                0x00000b27       0x2c c:/freescale/kds_3.0.0/toolchain/bin/../lib/gcc/arm-none-eabi/4.8.4/../../../../arm-none-eabi/lib/armv6-m\libg_s.a(lib_a-strlen.o)
 .ARM.attributes
                0x00000b53       0x2c c:/freescale/kds_3.0.0/toolchain/bin/../lib/gcc/arm-none-eabi/4.8.4/../../../../arm-none-eabi/lib/armv6-m\libg_s.a(lib_a-strncmp.o)
 .ARM.attributes
                0x00000b7f       0x2c c:/freescale/kds_3.0.0/toolchain/bin/../lib/gcc/arm-none-eabi/4.8.4/../../../../arm-none-eabi/lib/armv6-m\libnosys.a(_exit.o)
 .ARM.attributes
                0x00000bab       0x1e c:/freescale/kds_3.0.0/toolchain/bin/../lib/gcc/arm-none-eabi/4.8.4/armv6-m/crtn.o
OUTPUT(BatteryTestSystemC.elf elf32-littlearm)

.debug_info     0x00000000     0xf72d
 .debug_info    0x00000000      0xab8 ./Sources/Application.o
 .debug_info    0x00000ab8      0x175 ./Sources/Events.o
 .debug_info    0x00000c2d      0x3b2 ./Sources/Shell.o
 .debug_info    0x00000fdf       0x9a ./Sources/main.o
 .debug_info    0x00001079      0x20a ./Project_Settings/Startup_Code/startup.o
 .debug_info    0x00001283      0x2bb ./Generated_Code/AD1.o
 .debug_info    0x0000153e      0x4c1 ./Generated_Code/AS1.o
 .debug_info    0x000019ff      0x7ba ./Generated_Code/ASerialLdd1.o
 .debug_info    0x000021b9      0x895 ./Generated_Code/AdcLdd1.o
 .debug_info    0x00002a4e      0x372 ./Generated_Code/BitIoLdd1.o
 .debug_info    0x00002dc0      0x372 ./Generated_Code/BitIoLdd2.o
 .debug_info    0x00003132      0x32a ./Generated_Code/CD1.o
 .debug_info    0x0000345c      0x9a0 ./Generated_Code/CLS1.o
 .debug_info    0x00003dfc      0xb11 ./Generated_Code/Cpu.o
 .debug_info    0x0000490d     0x151f ./Generated_Code/FAT1.o
 .debug_info    0x00005e2c      0x26f ./Generated_Code/FRTOS1.o
 .debug_info    0x0000609b      0x251 ./Generated_Code/PE_LDD.o
 .debug_info    0x000062ec      0x2b5 ./Generated_Code/PwmLdd1.o
 .debug_info    0x000065a1      0x2b5 ./Generated_Code/PwmLdd2.o
 .debug_info    0x00006856      0x6cf ./Generated_Code/SD1.o
 .debug_info    0x00006f25      0x69a ./Generated_Code/SM1.o
 .debug_info    0x000075bf      0x7e1 ./Generated_Code/SMasterLdd1.o
 .debug_info    0x00007da0      0x3a6 ./Generated_Code/SS1.o
 .debug_info    0x00008146      0x257 ./Generated_Code/TMOUT1.o
 .debug_info    0x0000839d      0x6f0 ./Generated_Code/TU1.o
 .debug_info    0x00008a8d      0x6f0 ./Generated_Code/TU2.o
 .debug_info    0x0000917d      0x739 ./Generated_Code/TmDt1.o
 .debug_info    0x000098b6     0x16c3 ./Generated_Code/UTIL1.o
 .debug_info    0x0000af79      0x10e ./Generated_Code/Vectors.o
 .debug_info    0x0000b087      0x148 ./Generated_Code/WAIT1.o
 .debug_info    0x0000b1cf     0x1ce8 ./Generated_Code/ff.o
 .debug_info    0x0000ceb7      0x2e9 ./Generated_Code/heap_2.o
 .debug_info    0x0000d1a0      0x2a8 ./Generated_Code/list.o
 .debug_info    0x0000d448      0x275 ./Generated_Code/port.o
 .debug_info    0x0000d6bd      0xb54 ./Generated_Code/queue.o
 .debug_info    0x0000e211     0x151c ./Generated_Code/tasks.o

.debug_abbrev   0x00000000     0x3246
 .debug_abbrev  0x00000000      0x256 ./Sources/Application.o
 .debug_abbrev  0x00000256       0xbb ./Sources/Events.o
 .debug_abbrev  0x00000311      0x146 ./Sources/Shell.o
 .debug_abbrev  0x00000457       0x47 ./Sources/main.o
 .debug_abbrev  0x0000049e      0x11e ./Project_Settings/Startup_Code/startup.o
 .debug_abbrev  0x000005bc      0x191 ./Generated_Code/AD1.o
 .debug_abbrev  0x0000074d      0x1d6 ./Generated_Code/AS1.o
 .debug_abbrev  0x00000923      0x1af ./Generated_Code/ASerialLdd1.o
 .debug_abbrev  0x00000ad2      0x1e5 ./Generated_Code/AdcLdd1.o
 .debug_abbrev  0x00000cb7      0x127 ./Generated_Code/BitIoLdd1.o
 .debug_abbrev  0x00000dde      0x127 ./Generated_Code/BitIoLdd2.o
 .debug_abbrev  0x00000f05      0x127 ./Generated_Code/CD1.o
 .debug_abbrev  0x0000102c      0x1c2 ./Generated_Code/CLS1.o
 .debug_abbrev  0x000011ee      0x15f ./Generated_Code/Cpu.o
 .debug_abbrev  0x0000134d      0x22b ./Generated_Code/FAT1.o
 .debug_abbrev  0x00001578      0x144 ./Generated_Code/FRTOS1.o
 .debug_abbrev  0x000016bc      0x10d ./Generated_Code/PE_LDD.o
 .debug_abbrev  0x000017c9      0x106 ./Generated_Code/PwmLdd1.o
 .debug_abbrev  0x000018cf      0x106 ./Generated_Code/PwmLdd2.o
 .debug_abbrev  0x000019d5      0x1e9 ./Generated_Code/SD1.o
 .debug_abbrev  0x00001bbe      0x1cb ./Generated_Code/SM1.o
 .debug_abbrev  0x00001d89      0x1d2 ./Generated_Code/SMasterLdd1.o
 .debug_abbrev  0x00001f5b      0x15f ./Generated_Code/SS1.o
 .debug_abbrev  0x000020ba       0xc9 ./Generated_Code/TMOUT1.o
 .debug_abbrev  0x00002183      0x198 ./Generated_Code/TU1.o