Archive member included because of file (symbol)

c:/freescale/kds_3.0.0/toolchain/bin/../lib/gcc/arm-none-eabi/4.8.4/armv6-m\libgcc.a(_udivsi3.o)
                              ./Sources/Application.o (__aeabi_uidiv)
c:/freescale/kds_3.0.0/toolchain/bin/../lib/gcc/arm-none-eabi/4.8.4/armv6-m\libgcc.a(_divsi3.o)
                              ./Sources/Application.o (__aeabi_idiv)
c:/freescale/kds_3.0.0/toolchain/bin/../lib/gcc/arm-none-eabi/4.8.4/armv6-m\libgcc.a(_dvmd_tls.o)
                              c:/freescale/kds_3.0.0/toolchain/bin/../lib/gcc/arm-none-eabi/4.8.4/armv6-m\libgcc.a(_udivsi3.o) (__aeabi_idiv0)
c:/freescale/kds_3.0.0/toolchain/bin/../lib/gcc/arm-none-eabi/4.8.4/armv6-m\libgcc.a(_arm_cmpsf2.o)
                              ./Sources/Application.o (__aeabi_fcmplt)
c:/freescale/kds_3.0.0/toolchain/bin/../lib/gcc/arm-none-eabi/4.8.4/armv6-m\libgcc.a(_fixunssfsi.o)
                              ./Sources/Application.o (__aeabi_f2uiz)
c:/freescale/kds_3.0.0/toolchain/bin/../lib/gcc/arm-none-eabi/4.8.4/armv6-m\libgcc.a(addsf3.o)
                              ./Sources/Application.o (__aeabi_fadd)
c:/freescale/kds_3.0.0/toolchain/bin/../lib/gcc/arm-none-eabi/4.8.4/armv6-m\libgcc.a(divsf3.o)
                              ./Sources/Application.o (__aeabi_fdiv)
c:/freescale/kds_3.0.0/toolchain/bin/../lib/gcc/arm-none-eabi/4.8.4/armv6-m\libgcc.a(eqsf2.o)
                              c:/freescale/kds_3.0.0/toolchain/bin/../lib/gcc/arm-none-eabi/4.8.4/armv6-m\libgcc.a(_arm_cmpsf2.o) (__eqsf2)
c:/freescale/kds_3.0.0/toolchain/bin/../lib/gcc/arm-none-eabi/4.8.4/armv6-m\libgcc.a(gesf2.o)
                              c:/freescale/kds_3.0.0/toolchain/bin/../lib/gcc/arm-none-eabi/4.8.4/armv6-m\libgcc.a(_arm_cmpsf2.o) (__gesf2)
c:/freescale/kds_3.0.0/toolchain/bin/../lib/gcc/arm-none-eabi/4.8.4/armv6-m\libgcc.a(lesf2.o)
                              c:/freescale/kds_3.0.0/toolchain/bin/../lib/gcc/arm-none-eabi/4.8.4/armv6-m\libgcc.a(_arm_cmpsf2.o) (__lesf2)
c:/freescale/kds_3.0.0/toolchain/bin/../lib/gcc/arm-none-eabi/4.8.4/armv6-m\libgcc.a(mulsf3.o)
                              ./Sources/Application.o (__aeabi_fmul)
c:/freescale/kds_3.0.0/toolchain/bin/../lib/gcc/arm-none-eabi/4.8.4/armv6-m\libgcc.a(subsf3.o)
                              ./Sources/Application.o (__aeabi_fsub)
c:/freescale/kds_3.0.0/toolchain/bin/../lib/gcc/arm-none-eabi/4.8.4/armv6-m\libgcc.a(fixsfsi.o)
                              ./Sources/Application.o (__aeabi_f2iz)
c:/freescale/kds_3.0.0/toolchain/bin/../lib/gcc/arm-none-eabi/4.8.4/armv6-m\libgcc.a(floatsisf.o)
                              ./Sources/Application.o (__aeabi_i2f)
c:/freescale/kds_3.0.0/toolchain/bin/../lib/gcc/arm-none-eabi/4.8.4/armv6-m\libgcc.a(floatunsisf.o)
                              ./Sources/Application.o (__aeabi_ui2f)
c:/freescale/kds_3.0.0/toolchain/bin/../lib/gcc/arm-none-eabi/4.8.4/armv6-m\libgcc.a(_clzsi2.o)
                              c:/freescale/kds_3.0.0/toolchain/bin/../lib/gcc/arm-none-eabi/4.8.4/armv6-m\libgcc.a(addsf3.o) (__clzsi2)
c:/freescale/kds_3.0.0/toolchain/bin/../lib/gcc/arm-none-eabi/4.8.4/../../../../arm-none-eabi/lib/armv6-m\libg_s.a(lib_a-ctype_.o)
                              ./Generated_Code/minIni.o (__ctype_ptr__)
c:/freescale/kds_3.0.0/toolchain/bin/../lib/gcc/arm-none-eabi/4.8.4/../../../../arm-none-eabi/lib/armv6-m\libg_s.a(lib_a-exit.o)
                              c:/freescale/kds_3.0.0/toolchain/bin/../lib/gcc/arm-none-eabi/4.8.4/../../../../arm-none-eabi/lib/armv6-m/crt0.o (exit)
c:/freescale/kds_3.0.0/toolchain/bin/../lib/gcc/arm-none-eabi/4.8.4/../../../../arm-none-eabi/lib/armv6-m\libg_s.a(lib_a-impure.o)
                              c:/freescale/kds_3.0.0/toolchain/bin/../lib/gcc/arm-none-eabi/4.8.4/../../../../arm-none-eabi/lib/armv6-m\libg_s.a(lib_a-exit.o) (_global_impure_ptr)
c:/freescale/kds_3.0.0/toolchain/bin/../lib/gcc/arm-none-eabi/4.8.4/../../../../arm-none-eabi/lib/armv6-m\libg_s.a(lib_a-init.o)
                              c:/freescale/kds_3.0.0/toolchain/bin/../lib/gcc/arm-none-eabi/4.8.4/../../../../arm-none-eabi/lib/armv6-m/crt0.o (__libc_init_array)
c:/freescale/kds_3.0.0/toolchain/bin/../lib/gcc/arm-none-eabi/4.8.4/../../../../arm-none-eabi/lib/armv6-m\libg_s.a(lib_a-memcpy-stub.o)
                              ./Generated_Code/minIni.o (memcpy)
c:/freescale/kds_3.0.0/toolchain/bin/../lib/gcc/arm-none-eabi/4.8.4/../../../../arm-none-eabi/lib/armv6-m\libg_s.a(lib_a-memset.o)
                              c:/freescale/kds_3.0.0/toolchain/bin/../lib/gcc/arm-none-eabi/4.8.4/../../../../arm-none-eabi/lib/armv6-m/crt0.o (memset)
c:/freescale/kds_3.0.0/toolchain/bin/../lib/gcc/arm-none-eabi/4.8.4/../../../../arm-none-eabi/lib/armv6-m\libg_s.a(lib_a-setjmp.o)
                              ./Generated_Code/port.o (setjmp)
c:/freescale/kds_3.0.0/toolchain/bin/../lib/gcc/arm-none-eabi/4.8.4/../../../../arm-none-eabi/lib/armv6-m\libg_s.a(lib_a-strchr.o)
[...]
Memory Configuration

Name             Origin             Length             Attributes
m_interrupts     0x00000000         0x000000c0         xr
m_text           0x00000410         0x0001fbf0         xr
m_data           0x1ffff000         0x00004000         rw
m_cfmprotrom     0x00000400         0x00000010         xr
*default*        0x00000000         0xffffffff

Linker script and memory map

LOAD c:/freescale/kds_3.0.0/toolchain/bin/../lib/gcc/arm-none-eabi/4.8.4/armv6-m/crti.o
LOAD c:/freescale/kds_3.0.0/toolchain/bin/../lib/gcc/arm-none-eabi/4.8.4/armv6-m/crtbegin.o
LOAD c:/freescale/kds_3.0.0/toolchain/bin/../lib/gcc/arm-none-eabi/4.8.4/../../../../arm-none-eabi/lib/armv6-m/crt0.o
LOAD ./Sources/Application.o
LOAD ./Sources/Events.o
LOAD ./Sources/Shell.o
LOAD ./Sources/main.o
LOAD ./Project_Settings/Startup_Code/startup.o
LOAD ./Generated_Code/AD1.o
LOAD ./Generated_Code/AS1.o
LOAD ./Generated_Code/ASerialLdd1.o
LOAD ./Generated_Code/AdcLdd1.o
LOAD ./Generated_Code/BitIoLdd1.o
LOAD ./Generated_Code/BitIoLdd2.o
LOAD ./Generated_Code/CHG_PWM.o
LOAD ./Generated_Code/CLS1.o
LOAD ./Generated_Code/CS1.o
LOAD ./Generated_Code/Cpu.o
LOAD ./Generated_Code/DIS_PWM.o
LOAD ./Generated_Code/FAT1.o
LOAD ./Generated_Code/FRTOS1.o
LOAD ./Generated_Code/LEDG.o
LOAD ./Generated_Code/LEDR.o
LOAD ./Generated_Code/LEDpin1.o
LOAD ./Generated_Code/LEDpin2.o
LOAD ./Generated_Code/MINI1.o
LOAD ./Generated_Code/PE_LDD.o
LOAD ./Generated_Code/PwmLdd1.o
LOAD ./Generated_Code/PwmLdd2.o
LOAD ./Generated_Code/SD1.o
LOAD ./Generated_Code/SM1.o
LOAD ./Generated_Code/SMasterLdd1.o
LOAD ./Generated_Code/SS1.o
LOAD ./Generated_Code/TMOUT1.o
LOAD ./Generated_Code/TU1.o
LOAD ./Generated_Code/TU2.o
LOAD ./Generated_Code/TmDt1.o
LOAD ./Generated_Code/UTIL1.o
LOAD ./Generated_Code/Vectors.o
LOAD ./Generated_Code/WAIT1.o
LOAD ./Generated_Code/croutine.o
LOAD ./Generated_Code/event_groups.o
LOAD ./Generated_Code/ff.o
LOAD ./Generated_Code/heap_1.o
LOAD ./Generated_Code/heap_2.o
LOAD ./Generated_Code/heap_3.o
LOAD ./Generated_Code/heap_4.o
LOAD ./Generated_Code/heap_5.o
LOAD ./Generated_Code/list.o
LOAD ./Generated_Code/minGlue-FatFs.o
LOAD ./Generated_Code/minIni.o
LOAD ./Generated_Code/port.o
LOAD ./Generated_Code/queue.o
LOAD ./Generated_Code/tasks.o
LOAD ./Generated_Code/timers.o
LOAD c:/freescale/kds_3.0.0/toolchain/bin/../lib/gcc/arm-none-eabi/4.8.4/../../../../arm-none-eabi/lib/armv6-m\libstdc++_s.a
LOAD c:/freescale/kds_3.0.0/toolchain/bin/../lib/gcc/arm-none-eabi/4.8.4/../../../../arm-none-eabi/lib/armv6-m\libm.a
START GROUP
LOAD c:/freescale/kds_3.0.0/toolchain/bin/../lib/gcc/arm-none-eabi/4.8.4/armv6-m\libgcc.a
LOAD c:/freescale/kds_3.0.0/toolchain/bin/../lib/gcc/arm-none-eabi/4.8.4/../../../../arm-none-eabi/lib/armv6-m\libg_s.a
LOAD c:/freescale/kds_3.0.0/toolchain/bin/../lib/gcc/arm-none-eabi/4.8.4/../../../../arm-none-eabi/lib/armv6-m\libc_s.a
END GROUP
START GROUP
LOAD c:/freescale/kds_3.0.0/toolchain/bin/../lib/gcc/arm-none-eabi/4.8.4/armv6-m\libgcc.a
LOAD c:/freescale/kds_3.0.0/toolchain/bin/../lib/gcc/arm-none-eabi/4.8.4/../../../../arm-none-eabi/lib/armv6-m\libc_s.a
LOAD c:/freescale/kds_3.0.0/toolchain/bin/../lib/gcc/arm-none-eabi/4.8.4/../../../../arm-none-eabi/lib/armv6-m\libnosys.a
END GROUP
START GROUP
LOAD c:/freescale/kds_3.0.0/toolchain/bin/../lib/gcc/arm-none-eabi/4.8.4/armv6-m\libgcc.a
LOAD c:/freescale/kds_3.0.0/toolchain/bin/../lib/gcc/arm-none-eabi/4.8.4/../../../../arm-none-eabi/lib/armv6-m\libc_s.a
LOAD c:/freescale/kds_3.0.0/toolchain/bin/../lib/gcc/arm-none-eabi/4.8.4/../../../../arm-none-eabi/lib/armv6-m\libnosys.a
END GROUP
LOAD c:/freescale/kds_3.0.0/toolchain/bin/../lib/gcc/arm-none-eabi/4.8.4/armv6-m/crtend.o
LOAD c:/freescale/kds_3.0.0/toolchain/bin/../lib/gcc/arm-none-eabi/4.8.4/armv6-m/crtn.o
                0x20003000                _estack = 0x20003000
                0x20003000                __SP_INIT = _estack
                0x20003000                __stack = _estack
                0x00000000                __heap_size = 0x0
                0x00000400                __stack_size = 0x400

.interrupts     0x00000000       0xc0
                0x00000000                __vector_table = .
                0x00000000                . = ALIGN (0x4)
 *(.vectortable)
 .vectortable   0x00000000       0xc0 ./Generated_Code/Vectors.o
                0x00000000                __vect_table
                0x000000c0                . = ALIGN (0x4)

.cfmprotect     0x00000400       0x10
                0x00000400                . = ALIGN (0x4)
 *(.cfmconfig)
 .cfmconfig     0x00000400       0x10 ./Generated_Code/Cpu.o
                0x00000400                _cfm
                0x00000410                . = ALIGN (0x4)

.text           0x00000410    0x1041c
                0x00000410                . = ALIGN (0x4)
 *(.text)
 .text          0x00000410       0x60 c:/freescale/kds_3.0.0/toolchain/bin/../lib/gcc/arm-none-eabi/4.8.4/armv6-m/crtbegin.o
 .text          0x00000470       0x78 c:/freescale/kds_3.0.0/toolchain/bin/../lib/gcc/arm-none-eabi/4.8.4/../../../../arm-none-eabi/lib/armv6-m/crt0.o
                0x00000470                _start
                0x00000470                _mainCRTStartup
 .text          0x000004e8       0x9c c:/freescale/kds_3.0.0/toolchain/bin/../lib/gcc/arm-none-eabi/4.8.4/armv6-m\libgcc.a(_udivsi3.o)
                0x000004e8                __aeabi_uidiv
                0x000004e8                __udivsi3
                0x00000570                __aeabi_uidivmod
 .text          0x00000584       0xc0 c:/freescale/kds_3.0.0/toolchain/bin/../lib/gcc/arm-none-eabi/4.8.4/armv6-m\libgcc.a(_divsi3.o)
                0x00000584                __divsi3
                0x00000584                __aeabi_idiv
                0x00000630                __aeabi_idivmod
 .text          0x00000644        0x4 c:/freescale/kds_3.0.0/toolchain/bin/../lib/gcc/arm-none-eabi/4.8.4/armv6-m\libgcc.a(_dvmd_tls.o)
                0x00000644                __aeabi_idiv0
                0x00000644                __aeabi_ldiv0
 .text          0x00000648       0x74 c:/freescale/kds_3.0.0/toolchain/bin/../lib/gcc/arm-none-eabi/4.8.4/armv6-m\libgcc.a(_arm_cmpsf2.o)
                0x00000648                __aeabi_cfrcmple
                0x00000650                __aeabi_cfcmpeq
                0x00000650                __aeabi_cfcmple
                0x00000660                __aeabi_fcmpeq
                0x0000066c                __aeabi_fcmplt
                0x00000680                __aeabi_fcmple
                0x00000694                __aeabi_fcmpgt
                0x000006a8                __aeabi_fcmpge
 .text          0x000006bc       0x30 c:/freescale/kds_3.0.0/toolchain/bin/../lib/gcc/arm-none-eabi/4.8.4/armv6-m\libgcc.a(_fixunssfsi.o)
                0x000006bc                __fixunssfsi
                0x000006bc                __aeabi_f2uiz
 .text          0x000006ec      0x2d8 c:/freescale/kds_3.0.0/toolchain/bin/../lib/gcc/arm-none-eabi/4.8.4/armv6-m\libgcc.a(addsf3.o)
                0x000006ec                __aeabi_fadd
 .text          0x000009c4      0x24c c:/freescale/kds_3.0.0/toolchain/bin/../lib/gcc/arm-none-eabi/4.8.4/armv6-m\libgcc.a(divsf3.o)
                0x000009c4                __aeabi_fdiv
 .text          0x00000c10       0x54 c:/freescale/kds_3.0.0/toolchain/bin/../lib/gcc/arm-none-eabi/4.8.4/armv6-m\libgcc.a(eqsf2.o)
                0x00000c10                __eqsf2
                0x00000c10                __nesf2
 .text          0x00000c64       0x90 c:/freescale/kds_3.0.0/toolchain/bin/../lib/gcc/arm-none-eabi/4.8.4/armv6-m\libgcc.a(gesf2.o)
                0x00000c64                __gesf2
                0x00000c64                __gtsf2
 .text          0x00000cf4       0x98 c:/freescale/kds_3.0.0/toolchain/bin/../lib/gcc/arm-none-eabi/4.8.4/armv6-m\libgcc.a(lesf2.o)
                0x00000cf4                __ltsf2
                0x00000cf4                __lesf2
 .text          0x00000d8c      0x254 c:/freescale/kds_3.0.0/toolchain/bin/../lib/gcc/arm-none-eabi/4.8.4/armv6-m\libgcc.a(mulsf3.o)
                0x00000d8c                __aeabi_fmul
 .text          0x00000fe0      0x2ec c:/freescale/kds_3.0.0/toolchain/bin/../lib/gcc/arm-none-eabi/4.8.4/armv6-m\libgcc.a(subsf3.o)
                0x00000fe0                __aeabi_fsub
 .text          0x000012cc       0x40 c:/freescale/kds_3.0.0/toolchain/bin/../lib/gcc/arm-none-eabi/4.8.4/armv6-m\libgcc.a(fixsfsi.o)
                0x000012cc                __aeabi_f2iz
 .text          0x0000130c       0xb8 c:/freescale/kds_3.0.0/toolchain/bin/../lib/gcc/arm-none-eabi/4.8.4/armv6-m\libgcc.a(floatsisf.o)
                0x0000130c                __aeabi_i2f
 .text          0x000013c4       0xa0 c:/freescale/kds_3.0.0/toolchain/bin/../lib/gcc/arm-none-eabi/4.8.4/armv6-m\libgcc.a(floatunsisf.o)
                0x000013c4                __aeabi_ui2f
 .text          0x00001464       0x3c c:/freescale/kds_3.0.0/toolchain/bin/../lib/gcc/arm-none-eabi/4.8.4/armv6-m\libgcc.a(_clzsi2.o)
                0x00001464                __clzsi2
 .text          0x000014a0       0x34 c:/freescale/kds_3.0.0/toolchain/bin/../lib/gcc/arm-none-eabi/4.8.4/../../../../arm-none-eabi/lib/armv6-m\libg_s.a(lib_a-setjmp.o)
                0x000014a0                setjmp
                0x000014b8                longjmp
 .text          0x000014d4       0x14 c:/freescale/kds_3.0.0/toolchain/bin/../lib/gcc/arm-none-eabi/4.8.4/../../../../arm-none-eabi/lib/armv6-m\libg_s.a(lib_a-strcmp.o)
                0x000014d4                strcmp
 *(.text*)
 .text.control  0x000014e8       0xf0 ./Sources/Application.o
 .text.Stop_CHG_DIS
                0x000015d8       0x38 ./Sources/Application.o
 .text.Load_Settings
                0x00001610       0xe4 ./Sources/Application.o
 .text.Measure_All
                0x000016f4      0x1ac ./Sources/Application.o
 .text.Iterate_PID
                0x000018a0      0x11c ./Sources/Application.o
 .text.APP_Run  0x000019bc       0x48 ./Sources/Application.o
                0x000019bc                APP_Run
 .text.BTS_ParseCommand
                0x00001a04      0x13c ./Sources/Application.o
                0x00001a04                BTS_ParseCommand
 .text.PrintHelp
                0x00001b40      0x118 ./Sources/Application.o
 .text.PrintStatus
                0x00001c58      0x150 ./Sources/Application.o
 .text.Load_Current
                0x00001da8       0x34 ./Sources/Application.o
 .text.Cpu_OnNMIINT
                0x00001ddc        0x8 ./Sources/Events.o
                0x00001ddc                Cpu_OnNMIINT
 .text.SM1_OnRxChar
                0x00001de4        0x8 ./Sources/Events.o
                0x00001de4                SM1_OnRxChar
 .text.SM1_OnTxChar
                0x00001dec        0x8 ./Sources/Events.o
                0x00001dec                SM1_OnTxChar
 .text.SM1_OnError
                0x00001df4        0x8 ./Sources/Events.o
                0x00001df4                SM1_OnError
 .text.FRTOS1_vApplicationStackOverflowHook
                0x00001dfc       0x10 ./Sources/Events.o
                0x00001dfc                FRTOS1_vApplicationStackOverflowHook
 .text.FRTOS1_vApplicationTickHook
                0x00001e0c       0x10 ./Sources/Events.o
                0x00001e0c                FRTOS1_vApplicationTickHook
 .text.FRTOS1_vApplicationMallocFailedHook
                0x00001e1c        0x8 ./Sources/Events.o
                0x00001e1c                FRTOS1_vApplicationMallocFailedHook
 .text.AD1_OnEnd
                0x00001e24        0x8 ./Sources/Events.o
                0x00001e24                AD1_OnEnd
 .text.AD1_OnCalibrationEnd
                0x00001e2c        0x8 ./Sources/Events.o
                0x00001e2c                AD1_OnCalibrationEnd
 .text.ShellTask
                0x00001e34       0x7c ./Sources/Shell.o
 .text.SHELL_Init
                0x00001eb0       0x40 ./Sources/Shell.o
                0x00001eb0                SHELL_Init
 .text.main     0x00001ef0       0x14 ./Sources/main.o
                0x00001ef0                main
 .text.__copy_rom_section
                0x00001f04       0xd8 ./Project_Settings/Startup_Code/startup.o
                0x00001f04                __copy_rom_section
 .text.__copy_rom_sections_to_ram
                0x00001fdc       0x98 ./Project_Settings/Startup_Code/startup.o
                0x00001fdc                __copy_rom_sections_to_ram
 .text.__init_registers
                0x00002074        0x8 ./Project_Settings/Startup_Code/startup.o
                0x00002074                __init_registers
 .text.__init_user
                0x0000207c        0x8 ./Project_Settings/Startup_Code/startup.o
                0x0000207c                __init_user
 .text.__thumb_startup
                0x00002084       0x30 ./Project_Settings/Startup_Code/startup.o
                0x00002084                __thumb_startup
 .text.ClrSumV  0x000020b4       0x24 ./Generated_Code/AD1.o
 .text.AD1_HWEnDi
                0x000020d8       0x60 ./Generated_Code/AD1.o
                0x000020d8                AD1_HWEnDi
 .text.AD1_Measure
                0x00002138       0x48 ./Generated_Code/AD1.o
                0x00002138                AD1_Measure
 .text.AD1_GetValue16
                0x00002180       0x60 ./Generated_Code/AD1.o
                0x00002180                AD1_GetValue16
 .text.AD1_Calibrate
                0x000021e0       0x80 ./Generated_Code/AD1.o
                0x000021e0                AD1_Calibrate
 .text.AdcLdd1_OnMeasurementComplete
                0x00002260       0xe4 ./Generated_Code/AD1.o
                0x00002260                AdcLdd1_OnMeasurementComplete
 .text.AD1_Init
                0x00002344       0x2c ./Generated_Code/AD1.o
                0x00002344                AD1_Init
 .text.HWEnDi   0x00002370       0x20 ./Generated_Code/AS1.o
 .text.AS1_RecvChar
                0x00002390       0xe8 ./Generated_Code/AS1.o
                0x00002390                AS1_RecvChar
 .text.AS1_SendChar
                0x00002478       0xe8 ./Generated_Code/AS1.o
                0x00002478                AS1_SendChar
 .text.AS1_GetCharsInRxBuf
                0x00002560       0x14 ./Generated_Code/AS1.o
                0x00002560                AS1_GetCharsInRxBuf
 .text.AS1_Init
                0x00002574       0x64 ./Generated_Code/AS1.o
                0x00002574                AS1_Init
 .text.ASerialLdd1_OnBlockReceived
                0x000025d8       0x7c ./Generated_Code/AS1.o
                0x000025d8                ASerialLdd1_OnBlockReceived
 .text.ASerialLdd1_OnBlockSent
                0x00002654       0x88 ./Generated_Code/AS1.o
                0x00002654                ASerialLdd1_OnBlockSent
 .text.ASerialLdd1_OnError
                0x000026dc       0x90 ./Generated_Code/AS1.o
                0x000026dc                ASerialLdd1_OnError
 .text.ASerialLdd1_OnBreak
                0x0000276c       0x20 ./Generated_Code/AS1.o
                0x0000276c                ASerialLdd1_OnBreak
 .text.ASerialLdd1_Init
                0x0000278c      0x1bc ./Generated_Code/ASerialLdd1.o
                0x0000278c                ASerialLdd1_Init
 .text.ASerialLdd1_ReceiveBlock
                0x00002948       0x50 ./Generated_Code/ASerialLdd1.o
                0x00002948                ASerialLdd1_ReceiveBlock
 .text.ASerialLdd1_SendBlock
                0x00002998       0x80 ./Generated_Code/ASerialLdd1.o
                0x00002998                ASerialLdd1_SendBlock
 .text.InterruptRx
                0x00002a18       0x58 ./Generated_Code/ASerialLdd1.o
 .text.InterruptTx
                0x00002a70       0x80 ./Generated_Code/ASerialLdd1.o
 .text.ASerialLdd1_Interrupt
                0x00002af0       0xec ./Generated_Code/ASerialLdd1.o
                0x00002af0                ASerialLdd1_Interrupt
 .text.ASerialLdd1_GetError
                0x00002bdc       0x30 ./Generated_Code/ASerialLdd1.o
                0x00002bdc                ASerialLdd1_GetError
 .text.AdcLdd1_Init
                0x00002c0c       0xf0 ./Generated_Code/AdcLdd1.o
                0x00002c0c                AdcLdd1_Init
 .text.AdcLdd1_StartSingleMeasurement
                0x00002cfc       0x44 ./Generated_Code/AdcLdd1.o
                0x00002cfc                AdcLdd1_StartSingleMeasurement
 .text.AdcLdd1_CreateSampleGroup
                0x00002d40       0x6c ./Generated_Code/AdcLdd1.o
                0x00002d40                AdcLdd1_CreateSampleGroup
 .text.AdcLdd1_GetMeasuredValues
                0x00002dac       0x60 ./Generated_Code/AdcLdd1.o
                0x00002dac                AdcLdd1_GetMeasuredValues
 .text.AdcLdd1_GetMeasurementCompleteStatus
                0x00002e0c       0x3c ./Generated_Code/AdcLdd1.o
                0x00002e0c                AdcLdd1_GetMeasurementCompleteStatus
 .text.AdcLdd1_StartCalibration
                0x00002e48       0x48 ./Generated_Code/AdcLdd1.o
                0x00002e48                AdcLdd1_StartCalibration
 .text.AdcLdd1_GetCalibrationResultStatus
                0x00002e90       0xb8 ./Generated_Code/AdcLdd1.o
                0x00002e90                AdcLdd1_GetCalibrationResultStatus
 .text.AdcLdd1_MeasurementCompleteInterrupt
                0x00002f48       0x30 ./Generated_Code/AdcLdd1.o
                0x00002f48                AdcLdd1_MeasurementCompleteInterrupt
 .text.BitIoLdd1_Init
                0x00002f78       0x68 ./Generated_Code/BitIoLdd1.o
                0x00002f78                BitIoLdd1_Init
 .text.BitIoLdd1_SetVal
                0x00002fe0       0x1c ./Generated_Code/BitIoLdd1.o
                0x00002fe0                BitIoLdd1_SetVal
 .text.BitIoLdd1_NegVal
                0x00002ffc       0x1c ./Generated_Code/BitIoLdd1.o
                0x00002ffc                BitIoLdd1_NegVal
 .text.BitIoLdd2_Init
                0x00003018       0x68 ./Generated_Code/BitIoLdd2.o
                0x00003018                BitIoLdd2_Init
 .text.BitIoLdd2_SetVal
                0x00003080       0x1c ./Generated_Code/BitIoLdd2.o
                0x00003080                BitIoLdd2_SetVal
 .text.BitIoLdd2_NegVal
                0x0000309c       0x1c ./Generated_Code/BitIoLdd2.o
                0x0000309c                BitIoLdd2_NegVal
 .text.CLS1_SendStr
                0x000030b8       0x28 ./Generated_Code/CLS1.o
                0x000030b8                CLS1_SendStr
 .text.CLS1_SendNum32s
                0x000030e0       0x30 ./Generated_Code/CLS1.o
                0x000030e0                CLS1_SendNum32s
 .text.CLS1_ParseCommand
                0x00003110      0x12c ./Generated_Code/CLS1.o
                0x00003110                CLS1_ParseCommand
 .text.CLS1_PrintPrompt
                0x0000323c       0x20 ./Generated_Code/CLS1.o
                0x0000323c                CLS1_PrintPrompt
 .text.CLS1_IsHistoryCharacter
                0x0000325c       0x24 ./Generated_Code/CLS1.o
                0x0000325c                CLS1_IsHistoryCharacter
 .text.CLS1_ReadLine
                0x00003280       0xf8 ./Generated_Code/CLS1.o
                0x00003280                CLS1_ReadLine
 .text.CLS1_PrintStatus
                0x00003378       0xb0 ./Generated_Code/CLS1.o
                0x00003378                CLS1_PrintStatus
 .text.CLS1_PrintCommandFailed
                0x00003428       0x78 ./Generated_Code/CLS1.o
                0x00003428                CLS1_PrintCommandFailed
 .text.CLS1_IterateTable
                0x000034a0       0x58 ./Generated_Code/CLS1.o
                0x000034a0                CLS1_IterateTable
 .text.CLS1_ParseWithCommandTable
                0x000034f8       0xb0 ./Generated_Code/CLS1.o
                0x000034f8                CLS1_ParseWithCommandTable
 .text.CLS1_GetStdio
                0x000035a8       0x14 ./Generated_Code/CLS1.o
                0x000035a8                CLS1_GetStdio
 .text.CLS1_ReadAndParseWithCommandTable
                0x000035bc       0xec ./Generated_Code/CLS1.o
                0x000035bc                CLS1_ReadAndParseWithCommandTable
 .text.SendSeparatedStrings
                0x000036a8       0x7c ./Generated_Code/CLS1.o
 .text.CLS1_SendHelpStr
                0x00003724       0x28 ./Generated_Code/CLS1.o
                0x00003724                CLS1_SendHelpStr
 .text.CLS1_SendStatusStr
                0x0000374c       0x28 ./Generated_Code/CLS1.o
                0x0000374c                CLS1_SendStatusStr
 .text.CLS1_ReadChar
                0x00003774       0x30 ./Generated_Code/CLS1.o
                0x00003774                CLS1_ReadChar
 .text.CLS1_SendChar
                0x000037a4       0x40 ./Generated_Code/CLS1.o
                0x000037a4                CLS1_SendChar
 .text.CLS1_KeyPressed
                0x000037e4       0x24 ./Generated_Code/CLS1.o
                0x000037e4                CLS1_KeyPressed
 .text.CLS1_Init
                0x00003808        0x8 ./Generated_Code/CLS1.o
                0x00003808                CLS1_Init
 .text.Cpu_INT_NMIInterrupt
                0x00003810        0xc ./Generated_Code/Cpu.o
                0x00003810                Cpu_INT_NMIInterrupt
 .text.Cpu_ivINT_Hard_Fault
                0x0000381c        0xc ./Generated_Code/Cpu.o
                0x0000381c                Cpu_ivINT_Hard_Fault
 .text.Cpu_ivINT_Reserved4
                0x00003828        0xc ./Generated_Code/Cpu.o
                0x00003828                Cpu_ivINT_Reserved4
 .text.Cpu_ivINT_Reserved5
                0x00003834        0xc ./Generated_Code/Cpu.o
                0x00003834                Cpu_ivINT_Reserved5
 .text.Cpu_ivINT_Reserved6
                0x00003840        0xc ./Generated_Code/Cpu.o
                0x00003840                Cpu_ivINT_Reserved6
 .text.Cpu_ivINT_Reserved7
                0x0000384c        0xc ./Generated_Code/Cpu.o
                0x0000384c                Cpu_ivINT_Reserved7
 .text.Cpu_ivINT_Reserved8
                0x00003858        0xc ./Generated_Code/Cpu.o
                0x00003858                Cpu_ivINT_Reserved8
 .text.Cpu_ivINT_Reserved9
                0x00003864        0xc ./Generated_Code/Cpu.o
                0x00003864                Cpu_ivINT_Reserved9
 .text.Cpu_ivINT_Reserved10
                0x00003870        0xc ./Generated_Code/Cpu.o
                0x00003870                Cpu_ivINT_Reserved10
 .text.Cpu_ivINT_Reserved12
                0x0000387c        0xc ./Generated_Code/Cpu.o
                0x0000387c                Cpu_ivINT_Reserved12
 .text.Cpu_ivINT_Reserved13
                0x00003888        0xc ./Generated_Code/Cpu.o
                0x00003888                Cpu_ivINT_Reserved13
 .text.Cpu_ivINT_DMA0
                0x00003894        0xc ./Generated_Code/Cpu.o
                0x00003894                Cpu_ivINT_DMA0
 .text.Cpu_ivINT_DMA1
                0x000038a0        0xc ./Generated_Code/Cpu.o
                0x000038a0                Cpu_ivINT_DMA1
 .text.Cpu_ivINT_DMA2
                0x000038ac        0xc ./Generated_Code/Cpu.o
                0x000038ac                Cpu_ivINT_DMA2
 .text.Cpu_ivINT_DMA3
                0x000038b8        0xc ./Generated_Code/Cpu.o
                0x000038b8                Cpu_ivINT_DMA3
 .text.Cpu_ivINT_Reserved20
                0x000038c4        0xc ./Generated_Code/Cpu.o
                0x000038c4                Cpu_ivINT_Reserved20
 .text.Cpu_ivINT_FTFA
                0x000038d0        0xc ./Generated_Code/Cpu.o
                0x000038d0                Cpu_ivINT_FTFA
 .text.Cpu_ivINT_LVD_LVW
                0x000038dc        0xc ./Generated_Code/Cpu.o
                0x000038dc                Cpu_ivINT_LVD_LVW
 .text.Cpu_ivINT_LLWU
                0x000038e8        0xc ./Generated_Code/Cpu.o
                0x000038e8                Cpu_ivINT_LLWU
 .text.Cpu_ivINT_I2C0
                0x000038f4        0xc ./Generated_Code/Cpu.o
                0x000038f4                Cpu_ivINT_I2C0
 .text.Cpu_ivINT_I2C1
                0x00003900        0xc ./Generated_Code/Cpu.o
                0x00003900                Cpu_ivINT_I2C1
 .text.Cpu_ivINT_SPI1
                0x0000390c        0xc ./Generated_Code/Cpu.o
                0x0000390c                Cpu_ivINT_SPI1
 .text.Cpu_ivINT_UART1
                0x00003918        0xc ./Generated_Code/Cpu.o
                0x00003918                Cpu_ivINT_UART1
 .text.Cpu_ivINT_UART2
                0x00003924        0xc ./Generated_Code/Cpu.o
                0x00003924                Cpu_ivINT_UART2
 .text.Cpu_ivINT_CMP0
                0x00003930        0xc ./Generated_Code/Cpu.o
                0x00003930                Cpu_ivINT_CMP0
 .text.Cpu_ivINT_TPM0
                0x0000393c        0xc ./Generated_Code/Cpu.o
                0x0000393c                Cpu_ivINT_TPM0
 .text.Cpu_ivINT_TPM1
                0x00003948        0xc ./Generated_Code/Cpu.o
                0x00003948                Cpu_ivINT_TPM1
 .text.Cpu_ivINT_TPM2
                0x00003954        0xc ./Generated_Code/Cpu.o
                0x00003954                Cpu_ivINT_TPM2
 .text.Cpu_ivINT_RTC
                0x00003960        0xc ./Generated_Code/Cpu.o
                0x00003960                Cpu_ivINT_RTC
 .text.Cpu_ivINT_RTC_Seconds
                0x0000396c        0xc ./Generated_Code/Cpu.o
                0x0000396c                Cpu_ivINT_RTC_Seconds
 .text.Cpu_ivINT_PIT
                0x00003978        0xc ./Generated_Code/Cpu.o
                0x00003978                Cpu_ivINT_PIT
 .text.Cpu_ivINT_Reserved39
                0x00003984        0xc ./Generated_Code/Cpu.o
                0x00003984                Cpu_ivINT_Reserved39
 .text.Cpu_ivINT_USB0
                0x00003990        0xc ./Generated_Code/Cpu.o
                0x00003990                Cpu_ivINT_USB0
 .text.Cpu_ivINT_DAC0
                0x0000399c        0xc ./Generated_Code/Cpu.o
                0x0000399c                Cpu_ivINT_DAC0
 .text.Cpu_ivINT_TSI0
                0x000039a8        0xc ./Generated_Code/Cpu.o
                0x000039a8                Cpu_ivINT_TSI0
 .text.Cpu_ivINT_MCG
                0x000039b4        0xc ./Generated_Code/Cpu.o
                0x000039b4                Cpu_ivINT_MCG
 .text.Cpu_ivINT_LPTMR0
                0x000039c0        0xc ./Generated_Code/Cpu.o
                0x000039c0                Cpu_ivINT_LPTMR0
 .text.Cpu_ivINT_Reserved45
                0x000039cc        0xc ./Generated_Code/Cpu.o
                0x000039cc                Cpu_ivINT_Reserved45
 .text.Cpu_ivINT_PORTA
                0x000039d8        0xc ./Generated_Code/Cpu.o
                0x000039d8                Cpu_ivINT_PORTA
 .text.Cpu_ivINT_PORTD
                0x000039e4        0xc ./Generated_Code/Cpu.o
                0x000039e4                Cpu_ivINT_PORTD
 .text.__init_hardware
                0x000039f0      0x178 ./Generated_Code/Cpu.o
                0x000039f0                __init_hardware
 .text.PE_low_level_init
                0x00003b68      0x11c ./Generated_Code/Cpu.o
                0x00003b68                PE_low_level_init
 .text.disk_initialize
                0x00003c84       0x30 ./Generated_Code/FAT1.o
                0x00003c84                disk_initialize
 .text.disk_status
                0x00003cb4       0x30 ./Generated_Code/FAT1.o
                0x00003cb4                disk_status
 .text.disk_read
                0x00003ce4       0x40 ./Generated_Code/FAT1.o
                0x00003ce4                disk_read
 .text.disk_write
                0x00003d24       0x40 ./Generated_Code/FAT1.o
                0x00003d24                disk_write
 .text.disk_ioctl
                0x00003d64       0x40 ./Generated_Code/FAT1.o
                0x00003d64                disk_ioctl
 .text.FatFsFResultMsg
                0x00003da4       0xb0 ./Generated_Code/FAT1.o
 .text.FatFsDResultMsg
                0x00003e54       0xb0 ./Generated_Code/FAT1.o
 .text.CmdUsageError
                0x00003f04       0x64 ./Generated_Code/FAT1.o
 .text.PrintDir
                0x00003f68      0x480 ./Generated_Code/FAT1.o
 .text.DirCmd   0x000043e8       0xc8 ./Generated_Code/FAT1.o
 .text.CopyCmd  0x000044b0       0xb4 ./Generated_Code/FAT1.o
 .text.DeleteCmd
                0x00004564       0x78 ./Generated_Code/FAT1.o
 .text.MkdirCmd
                0x000045dc       0x78 ./Generated_Code/FAT1.o
 .text.RenameCmd
                0x00004654       0xb4 ./Generated_Code/FAT1.o
 .text.SectorCmd
                0x00004708       0x64 ./Generated_Code/FAT1.o
 .text.PrintCmd
                0x0000476c       0x78 ./Generated_Code/FAT1.o
 .text.CdCmd    0x000047e4       0xe4 ./Generated_Code/FAT1.o
 .text.PrintStatus
                0x000048c8       0x84 ./Generated_Code/FAT1.o
 .text.PrintHelp
                0x0000494c      0x14c ./Generated_Code/FAT1.o
 .text.ff_cre_syncobj
                0x00004a98       0x2c ./Generated_Code/FAT1.o
                0x00004a98                ff_cre_syncobj
 .text.ff_del_syncobj
                0x00004ac4       0x1c ./Generated_Code/FAT1.o
                0x00004ac4                ff_del_syncobj
 .text.ff_req_grant
                0x00004ae0       0x30 ./Generated_Code/FAT1.o
                0x00004ae0                ff_req_grant
 .text.ff_rel_grant
                0x00004b10       0x1c ./Generated_Code/FAT1.o
                0x00004b10                ff_rel_grant
 .text.FAT1_errFResultMsg
                0x00004b2c       0xc4 ./Generated_Code/FAT1.o
                0x00004b2c                FAT1_errFResultMsg
 .text.FAT1_errDResultMsg
                0x00004bf0       0x54 ./Generated_Code/FAT1.o
                0x00004bf0                FAT1_errDResultMsg
 .text.FAT1_isWriteProtected
                0x00004c44       0x60 ./Generated_Code/FAT1.o
                0x00004c44                FAT1_isWriteProtected
 .text.FAT1_isDiskPresent
                0x00004ca4       0x60 ./Generated_Code/FAT1.o
                0x00004ca4                FAT1_isDiskPresent
 .text.FAT1_Init
                0x00004d04       0x2c ./Generated_Code/FAT1.o
                0x00004d04                FAT1_Init
 .text.FAT1_get_fattime
                0x00004d30       0x88 ./Generated_Code/FAT1.o
                0x00004d30                FAT1_get_fattime
 .text.FAT1_ParseCommand
                0x00004db8      0x264 ./Generated_Code/FAT1.o
                0x00004db8                FAT1_ParseCommand
 .text.FAT1_CheckCardPresence
                0x0000501c       0xc4 ./Generated_Code/FAT1.o
                0x0000501c                FAT1_CheckCardPresence
 .text.FAT1_MountFileSystem
                0x000050e0       0x58 ./Generated_Code/FAT1.o
                0x000050e0                FAT1_MountFileSystem
 .text.FAT1_UnMountFileSystem
                0x00005138       0x54 ./Generated_Code/FAT1.o
                0x00005138                FAT1_UnMountFileSystem
 .text.FAT1_PrintDirectory
                0x0000518c       0x4c ./Generated_Code/FAT1.o
                0x0000518c                FAT1_PrintDirectory
 .text.FAT1_CopyFile
                0x000051d8      0x218 ./Generated_Code/FAT1.o
                0x000051d8                FAT1_CopyFile
 .text.FAT1_DeleteFile
                0x000053f0       0x74 ./Generated_Code/FAT1.o
                0x000053f0                FAT1_DeleteFile
 .text.FAT1_PrintFile
                0x00005464      0x140 ./Generated_Code/FAT1.o
                0x00005464                FAT1_PrintFile
 .text.FAT1_MakeDirectory
                0x000055a4       0x74 ./Generated_Code/FAT1.o
                0x000055a4                FAT1_MakeDirectory
 .text.FAT1_ChangeDirectory
                0x00005618       0x4c ./Generated_Code/FAT1.o
                0x00005618                FAT1_ChangeDirectory
 .text.FAT1_RenameFile
                0x00005664       0x78 ./Generated_Code/FAT1.o
                0x00005664                FAT1_RenameFile
 .text.FAT1_PrintSector
                0x000056dc      0x1f0 ./Generated_Code/FAT1.o
                0x000056dc                FAT1_PrintSector
 .text.FAT1_PrintDiskInfo
                0x000058cc      0x9f8 ./Generated_Code/FAT1.o
                0x000058cc                FAT1_PrintDiskInfo
 .text.FAT1_Benchmark
                0x000062c4      0x3f8 ./Generated_Code/FAT1.o
                0x000062c4                FAT1_Benchmark
 .text.PrintStatus
                0x000066bc      0x1c0 ./Generated_Code/FRTOS1.o
 .text.PrintHelp
                0x0000687c       0x48 ./Generated_Code/FRTOS1.o
 .text.FRTOS1_ParseCommand
                0x000068c4       0x94 ./Generated_Code/FRTOS1.o
                0x000068c4                FRTOS1_ParseCommand
 .text.PwmLdd1_Init
                0x00006958       0x54 ./Generated_Code/PwmLdd1.o
                0x00006958                PwmLdd1_Init
 .text.PwmLdd1_Enable
                0x000069ac       0x30 ./Generated_Code/PwmLdd1.o
                0x000069ac                PwmLdd1_Enable
 .text.PwmLdd1_SetRatio16
                0x000069dc       0x2c ./Generated_Code/PwmLdd1.o
                0x000069dc                PwmLdd1_SetRatio16
 .text.SetRatio
                0x00006a08       0x68 ./Generated_Code/PwmLdd1.o
 .text.PwmLdd2_Init
                0x00006a70       0x54 ./Generated_Code/PwmLdd2.o
                0x00006a70                PwmLdd2_Init
 .text.PwmLdd2_Enable
                0x00006ac4       0x30 ./Generated_Code/PwmLdd2.o
                0x00006ac4                PwmLdd2_Enable
 .text.PwmLdd2_SetRatio16
                0x00006af4       0x2c ./Generated_Code/PwmLdd2.o
                0x00006af4                PwmLdd2_SetRatio16
 .text.SetRatio
                0x00006b20       0x68 ./Generated_Code/PwmLdd2.o
 .text.SD1_disk_initialize
                0x00006b88      0x1b0 ./Generated_Code/SD1.o
                0x00006b88                SD1_disk_initialize
 .text.SD1_disk_status
                0x00006d38       0x20 ./Generated_Code/SD1.o
                0x00006d38                SD1_disk_status
 .text.SD1_disk_read
                0x00006d58       0xd0 ./Generated_Code/SD1.o
                0x00006d58                SD1_disk_read
 .text.SD1_disk_write
                0x00006e28      0x10c ./Generated_Code/SD1.o
                0x00006e28                SD1_disk_write
 .text.chk_power
                0x00006f34        0xc ./Generated_Code/SD1.o
 .text.power_off
                0x00006f40        0x8 ./Generated_Code/SD1.o
 .text.power_on
                0x00006f48        0x8 ./Generated_Code/SD1.o
 .text.SD1_disk_ioctl
                0x00006f50      0x448 ./Generated_Code/SD1.o
                0x00006f50                SD1_disk_ioctl
 .text.SD1_Activate
                0x00007398       0x1c ./Generated_Code/SD1.o
                0x00007398                SD1_Activate
 .text.SD1_Deactivate
                0x000073b4       0x18 ./Generated_Code/SD1.o
                0x000073b4                SD1_Deactivate
 .text.SD1_WaitReady
                0x000073cc       0x9c ./Generated_Code/SD1.o
                0x000073cc                SD1_WaitReady
 .text.SD1_ReceiveDataBlock
                0x00007468      0x178 ./Generated_Code/SD1.o
                0x00007468                SD1_ReceiveDataBlock
 .text.SD1_SendDataBlock
                0x000075e0      0x130 ./Generated_Code/SD1.o
                0x000075e0                SD1_SendDataBlock
 .text.SD1_SendCmd
                0x00007710      0x21c ./Generated_Code/SD1.o
                0x00007710                SD1_SendCmd
 .text.SendCommand
                0x0000792c      0x120 ./Generated_Code/SD1.o
 .text.SD1_Init
                0x00007a4c      0x120 ./Generated_Code/SD1.o
                0x00007a4c                SD1_Init
 .text.SD1_ReceiveByte
                0x00007b6c       0x38 ./Generated_Code/SD1.o
                0x00007b6c                SD1_ReceiveByte
 .text.SD1_SetSlowMode
                0x00007ba4       0x2c ./Generated_Code/SD1.o
                0x00007ba4                SD1_SetSlowMode
 .text.SD1_SetFastMode
                0x00007bd0       0x2c ./Generated_Code/SD1.o
                0x00007bd0                SD1_SetFastMode
 .text.SD1_InitCommChannel
                0x00007bfc       0x20 ./Generated_Code/SD1.o
                0x00007bfc                SD1_InitCommChannel
 .text.HWEnDi   0x00007c1c       0x90 ./Generated_Code/SM1.o
 .text.SM1_Enable
                0x00007cac       0x24 ./Generated_Code/SM1.o
                0x00007cac                SM1_Enable
 .text.SM1_Disable
                0x00007cd0       0x24 ./Generated_Code/SM1.o
                0x00007cd0                SM1_Disable
 .text.SM1_RecvChar
                0x00007cf4       0xa0 ./Generated_Code/SM1.o
                0x00007cf4                SM1_RecvChar
 .text.SM1_SendChar
                0x00007d94       0xa8 ./Generated_Code/SM1.o
                0x00007d94                SM1_SendChar
 .text.SM1_SetBaudRateMode
                0x00007e3c       0x8c ./Generated_Code/SM1.o
                0x00007e3c                SM1_SetBaudRateMode
 .text.SM1_SetShiftClockPolarity
                0x00007ec8       0xc8 ./Generated_Code/SM1.o
                0x00007ec8                SM1_SetShiftClockPolarity
 .text.SM1_SetIdleClockPolarity
                0x00007f90       0xb8 ./Generated_Code/SM1.o
                0x00007f90                SM1_SetIdleClockPolarity
 .text.SM1_Init
                0x00008048       0x50 ./Generated_Code/SM1.o
                0x00008048                SM1_Init
 .text.SMasterLdd1_OnBlockReceived
                0x00008098       0x80 ./Generated_Code/SM1.o
                0x00008098                SMasterLdd1_OnBlockReceived
 .text.SMasterLdd1_OnBlockSent
                0x00008118       0x24 ./Generated_Code/SM1.o
                0x00008118                SMasterLdd1_OnBlockSent
 .text.SMasterLdd1_Init
                0x0000813c      0x10c ./Generated_Code/SMasterLdd1.o
                0x0000813c                SMasterLdd1_Init
 .text.SMasterLdd1_Enable
                0x00008248       0x28 ./Generated_Code/SMasterLdd1.o
                0x00008248                SMasterLdd1_Enable
 .text.SMasterLdd1_Disable
                0x00008270       0x28 ./Generated_Code/SMasterLdd1.o
                0x00008270                SMasterLdd1_Disable
 .text.SMasterLdd1_ReceiveBlock
                0x00008298       0x74 ./Generated_Code/SMasterLdd1.o
                0x00008298                SMasterLdd1_ReceiveBlock
 .text.SMasterLdd1_SendBlock
                0x0000830c       0x60 ./Generated_Code/SMasterLdd1.o
                0x0000830c                SMasterLdd1_SendBlock
 .text.SMasterLdd1_SelectConfiguration
                0x0000836c       0x8c ./Generated_Code/SMasterLdd1.o
                0x0000836c                SMasterLdd1_SelectConfiguration
 .text.SMasterLdd1_Interrupt
                0x000083f8       0xe0 ./Generated_Code/SMasterLdd1.o
                0x000083f8                SMasterLdd1_Interrupt
 .text.HWEnDi   0x000084d8       0x6c ./Generated_Code/SMasterLdd1.o
 .text.SS1_Init
                0x00008544       0x60 ./Generated_Code/SS1.o
                0x00008544                SS1_Init
 .text.SS1_ClrVal
                0x000085a4       0x18 ./Generated_Code/SS1.o
                0x000085a4                SS1_ClrVal
 .text.SS1_SetVal
                0x000085bc       0x18 ./Generated_Code/SS1.o
                0x000085bc                SS1_SetVal
 .text.TMOUT1_GetCounter
                0x000085d4       0xa0 ./Generated_Code/TMOUT1.o
                0x000085d4                TMOUT1_GetCounter
 .text.TMOUT1_LeaveCounter
                0x00008674       0x44 ./Generated_Code/TMOUT1.o
                0x00008674                TMOUT1_LeaveCounter
 .text.TMOUT1_CounterExpired
                0x000086b8       0x4c ./Generated_Code/TMOUT1.o
                0x000086b8                TMOUT1_CounterExpired
 .text.TMOUT1_AddTick
                0x00008704       0x58 ./Generated_Code/TMOUT1.o
                0x00008704                TMOUT1_AddTick
 .text.TMOUT1_Init
                0x0000875c       0x44 ./Generated_Code/TMOUT1.o
                0x0000875c                TMOUT1_Init
 .text.TMOUT1_Value
                0x000087a0       0x44 ./Generated_Code/TMOUT1.o
                0x000087a0                TMOUT1_Value
 .text.TU1_Init
                0x000087e4       0xd4 ./Generated_Code/TU1.o
                0x000087e4                TU1_Init
 .text.TU1_Enable
                0x000088b8       0x30 ./Generated_Code/TU1.o
                0x000088b8                TU1_Enable
 .text.TU1_GetPeriodTicks
                0x000088e8       0x3c ./Generated_Code/TU1.o
                0x000088e8                TU1_GetPeriodTicks
 .text.TU1_SetOffsetTicks
                0x00008924       0x44 ./Generated_Code/TU1.o
                0x00008924                TU1_SetOffsetTicks
 .text.TU2_Init
                0x00008968       0xbc ./Generated_Code/TU2.o
                0x00008968                TU2_Init
 .text.TU2_Enable
                0x00008a24       0x30 ./Generated_Code/TU2.o
                0x00008a24                TU2_Enable
 .text.TU2_GetPeriodTicks
                0x00008a54       0x3c ./Generated_Code/TU2.o
                0x00008a54                TU2_GetPeriodTicks
 .text.TU2_SetOffsetTicks
                0x00008a90       0x44 ./Generated_Code/TU2.o
                0x00008a90                TU2_SetOffsetTicks
 .text.TmDt1_SetTime
                0x00008ad4       0x88 ./Generated_Code/TmDt1.o
                0x00008ad4                TmDt1_SetTime
 .text.TmDt1_AddTick
                0x00008b5c       0xd4 ./Generated_Code/TmDt1.o
                0x00008b5c                TmDt1_AddTick
 .text.TmDt1_GetTime
                0x00008c30       0xa8 ./Generated_Code/TmDt1.o
                0x00008c30                TmDt1_GetTime
 .text.TmDt1_SetDate
                0x00008cd8       0xbc ./Generated_Code/TmDt1.o
                0x00008cd8                TmDt1_SetDate
 .text.TmDt1_GetDate
                0x00008d94       0x40 ./Generated_Code/TmDt1.o
                0x00008d94                TmDt1_GetDate
 .text.TmDt1_Init
                0x00008dd4       0x24 ./Generated_Code/TmDt1.o
                0x00008dd4                TmDt1_Init
 .text.UTIL1_strcpy
                0x00008df8       0x44 ./Generated_Code/UTIL1.o
                0x00008df8                UTIL1_strcpy
 .text.UTIL1_strcat
                0x00008e3c       0x60 ./Generated_Code/UTIL1.o
                0x00008e3c                UTIL1_strcat
 .text.UTIL1_chcat
                0x00008e9c       0x50 ./Generated_Code/UTIL1.o
                0x00008e9c                UTIL1_chcat
 .text.UTIL1_Num16uToStr
                0x00008eec      0x130 ./Generated_Code/UTIL1.o
                0x00008eec                UTIL1_Num16uToStr
 .text.UTIL1_Num16sToStr
                0x0000901c      0x1ac ./Generated_Code/UTIL1.o
                0x0000901c                UTIL1_Num16sToStr
 .text.ShiftRightAndFill
                0x000091c8       0xe4 ./Generated_Code/UTIL1.o
 .text.UTIL1_Num16sToStrFormatted
                0x000092ac       0x48 ./Generated_Code/UTIL1.o
                0x000092ac                UTIL1_Num16sToStrFormatted
 .text.UTIL1_Num32uToStrFormatted
                0x000092f4       0x40 ./Generated_Code/UTIL1.o
                0x000092f4                UTIL1_Num32uToStrFormatted
 .text.UTIL1_strcatNum16u
                0x00009334       0x38 ./Generated_Code/UTIL1.o
                0x00009334                UTIL1_strcatNum16u
 .text.UTIL1_strcatNum16sFormatted
                0x0000936c       0x4c ./Generated_Code/UTIL1.o
                0x0000936c                UTIL1_strcatNum16sFormatted
 .text.UTIL1_strcatNum32uFormatted
                0x000093b8       0x44 ./Generated_Code/UTIL1.o
                0x000093b8                UTIL1_strcatNum32uFormatted
 .text.UTIL1_strcatNum8Hex
                0x000093fc       0x88 ./Generated_Code/UTIL1.o
                0x000093fc                UTIL1_strcatNum8Hex
 .text.UTIL1_strcatNum16Hex
                0x00009484       0x90 ./Generated_Code/UTIL1.o
                0x00009484                UTIL1_strcatNum16Hex
 .text.UTIL1_strcatNum32Hex
                0x00009514       0x88 ./Generated_Code/UTIL1.o
                0x00009514                UTIL1_strcatNum32Hex
 .text.UTIL1_strcatNum32s
                0x0000959c       0x34 ./Generated_Code/UTIL1.o
                0x0000959c                UTIL1_strcatNum32s
 .text.UTIL1_strcatNum32u
                0x000095d0       0x34 ./Generated_Code/UTIL1.o
                0x000095d0                UTIL1_strcatNum32u
 .text.UTIL1_Num32sToStr
                0x00009604      0x188 ./Generated_Code/UTIL1.o
                0x00009604                UTIL1_Num32sToStr
 .text.UTIL1_Num32uToStr
                0x0000978c      0x120 ./Generated_Code/UTIL1.o
                0x0000978c                UTIL1_Num32uToStr
 .text.UTIL1_ReadEscapedName
                0x000098ac      0x15c ./Generated_Code/UTIL1.o
                0x000098ac                UTIL1_ReadEscapedName
 .text.UTIL1_ScanDecimal8uNumber
                0x00009a08       0xa8 ./Generated_Code/UTIL1.o
                0x00009a08                UTIL1_ScanDecimal8uNumber
 .text.UTIL1_ScanDecimal32uNumber
                0x00009ab0       0xa8 ./Generated_Code/UTIL1.o
                0x00009ab0                UTIL1_ScanDecimal32uNumber
 .text.UTIL1_ScanDecimal32sNumber
                0x00009b58       0x9c ./Generated_Code/UTIL1.o
                0x00009b58                UTIL1_ScanDecimal32sNumber
 .text.UTIL1_strcatPad
                0x00009bf4       0xcc ./Generated_Code/UTIL1.o
                0x00009bf4                UTIL1_strcatPad
 .text.WAIT1_Wait10Cycles
                0x00009cc0        0x8 ./Generated_Code/WAIT1.o
                0x00009cc0                WAIT1_Wait10Cycles
 .text.WAIT1_Wait100Cycles
                0x00009cc8       0x18 ./Generated_Code/WAIT1.o
                0x00009cc8                WAIT1_Wait100Cycles
 .text.WAIT1_WaitCycles
                0x00009ce0       0x44 ./Generated_Code/WAIT1.o
                0x00009ce0                WAIT1_WaitCycles
 .text.WAIT1_WaitLongCycles
                0x00009d24       0x3c ./Generated_Code/WAIT1.o
                0x00009d24                WAIT1_WaitLongCycles
 .text.WAIT1_Waitms
                0x00009d60       0x38 ./Generated_Code/WAIT1.o
                0x00009d60                WAIT1_Waitms
 .text.mem_cpy  0x00009d98       0x38 ./Generated_Code/ff.o
 .text.mem_set  0x00009dd0       0x30 ./Generated_Code/ff.o
 .text.mem_cmp  0x00009e00       0x4c ./Generated_Code/ff.o
 .text.chk_chr  0x00009e4c       0x34 ./Generated_Code/ff.o
 .text.lock_fs  0x00009e80       0x1c ./Generated_Code/ff.o
 .text.unlock_fs
                0x00009e9c       0x44 ./Generated_Code/ff.o
 .text.sync_window
                0x00009ee0       0xa0 ./Generated_Code/ff.o
 .text.move_window
                0x00009f80       0x78 ./Generated_Code/ff.o
 .text.sync_fs  0x00009ff8      0x198 ./Generated_Code/ff.o
 .text.clust2sect
                0x0000a190       0x38 ./Generated_Code/ff.o
                0x0000a190                clust2sect
 .text.get_fat  0x0000a1c8      0x170 ./Generated_Code/ff.o
                0x0000a1c8                get_fat
 .text.put_fat  0x0000a338      0x238 ./Generated_Code/ff.o
                0x0000a338                put_fat
 .text.remove_chain
                0x0000a570       0xc4 ./Generated_Code/ff.o
 .text.create_chain
                0x0000a634      0x154 ./Generated_Code/ff.o
 .text.clmt_clust
                0x0000a788       0x68 ./Generated_Code/ff.o
 .text.dir_sdi  0x0000a7f0      0x104 ./Generated_Code/ff.o
 .text.dir_next
                0x0000a8f4      0x1a8 ./Generated_Code/ff.o
 .text.dir_alloc
                0x0000aa9c       0xb4 ./Generated_Code/ff.o
 .text.ld_clust
                0x0000ab50       0x54 ./Generated_Code/ff.o
 .text.st_clust
                0x0000aba4       0x48 ./Generated_Code/ff.o
 .text.dir_find
                0x0000abec       0xc4 ./Generated_Code/ff.o
 .text.dir_read
                0x0000acb0       0xe0 ./Generated_Code/ff.o
 .text.dir_register
                0x0000ad90       0x7c ./Generated_Code/ff.o
 .text.dir_remove
                0x0000ae0c       0x78 ./Generated_Code/ff.o
 .text.get_fileinfo
                0x0000ae84       0xec ./Generated_Code/ff.o
 .text.create_name
                0x0000af70      0x2b0 ./Generated_Code/ff.o
 .text.follow_path
                0x0000b220      0x144 ./Generated_Code/ff.o
 .text.get_ldnumber
                0x0000b364       0x8c ./Generated_Code/ff.o
 .text.check_fs
                0x0000b3f0       0xcc ./Generated_Code/ff.o
 .text.find_volume
                0x0000b4bc      0x5e4 ./Generated_Code/ff.o
 .text.validate
                0x0000baa0       0x70 ./Generated_Code/ff.o
 .text.f_mount  0x0000bb10       0xd4 ./Generated_Code/ff.o
                0x0000bb10                f_mount
 .text.f_open   0x0000bbe4      0x318 ./Generated_Code/ff.o
                0x0000bbe4                f_open
 .text.f_read   0x0000befc      0x344 ./Generated_Code/ff.o
                0x0000befc                f_read
 .text.f_write  0x0000c240      0x3ac ./Generated_Code/ff.o
                0x0000c240                f_write
 .text.f_sync   0x0000c5ec      0x19c ./Generated_Code/ff.o
                0x0000c5ec                f_sync
 .text.f_close  0x0000c788       0x60 ./Generated_Code/ff.o
                0x0000c788                f_close
 .text.f_chdir  0x0000c7e8       0xdc ./Generated_Code/ff.o
                0x0000c7e8                f_chdir
 .text.f_getcwd
                0x0000c8c4      0x238 ./Generated_Code/ff.o
                0x0000c8c4                f_getcwd
 .text.f_opendir
                0x0000cafc       0xfc ./Generated_Code/ff.o
                0x0000cafc                f_opendir
 .text.f_readdir
                0x0000cbf8       0xd0 ./Generated_Code/ff.o
                0x0000cbf8                f_readdir
 .text.f_getfree
                0x0000ccc8      0x1b8 ./Generated_Code/ff.o
                0x0000ccc8                f_getfree
 .text.f_unlink
                0x0000ce80      0x1ec ./Generated_Code/ff.o
                0x0000ce80                f_unlink
 .text.f_mkdir  0x0000d06c      0x310 ./Generated_Code/ff.o
                0x0000d06c                f_mkdir
 .text.f_rename
                0x0000d37c      0x268 ./Generated_Code/ff.o
                0x0000d37c                f_rename
 .text.pvPortMalloc
                0x0000d5e4      0x124 ./Generated_Code/heap_2.o
                0x0000d5e4                pvPortMalloc
 .text.vPortFree
                0x0000d708       0x70 ./Generated_Code/heap_2.o
                0x0000d708                vPortFree
 .text.xPortGetFreeHeapSize
                0x0000d778       0x14 ./Generated_Code/heap_2.o
                0x0000d778                xPortGetFreeHeapSize
 .text.prvHeapInit
                0x0000d78c       0x4c ./Generated_Code/heap_2.o
 .text.vListInitialise
                0x0000d7d8       0x3c ./Generated_Code/list.o
                0x0000d7d8                vListInitialise
 .text.vListInitialiseItem
                0x0000d814       0x14 ./Generated_Code/list.o
                0x0000d814                vListInitialiseItem
 .text.vListInsertEnd
                0x0000d828       0x44 ./Generated_Code/list.o
                0x0000d828                vListInsertEnd
 .text.vListInsert
                0x0000d86c       0x6c ./Generated_Code/list.o
                0x0000d86c                vListInsert
 .text.uxListRemove
                0x0000d8d8       0x50 ./Generated_Code/list.o
                0x0000d8d8                uxListRemove
 .text.pxPortInitialiseStack
                0x0000d928       0x50 ./Generated_Code/port.o
                0x0000d928                pxPortInitialiseStack
 .text.vPortInitTickTimer
                0x0000d978       0x3c ./Generated_Code/port.o
                0x0000d978                vPortInitTickTimer
 .text.vPortStartTickTimer
                0x0000d9b4       0x14 ./Generated_Code/port.o
                0x0000d9b4                vPortStartTickTimer
 .text.vPortStopTickTimer
                0x0000d9c8       0x14 ./Generated_Code/port.o
                0x0000d9c8                vPortStopTickTimer
 .text.xPortStartScheduler
                0x0000d9dc       0x4c ./Generated_Code/port.o
                0x0000d9dc                xPortStartScheduler
 .text.vPortEnterCritical
                0x0000da28       0x20 ./Generated_Code/port.o
                0x0000da28                vPortEnterCritical
 .text.vPortExitCritical
                0x0000da48       0x20 ./Generated_Code/port.o
                0x0000da48                vPortExitCritical
 .text.vPortYieldFromISR
                0x0000da68       0x1c ./Generated_Code/port.o
                0x0000da68                vPortYieldFromISR
 .text.vPortTickHandler
                0x0000da84       0x1c ./Generated_Code/port.o
                0x0000da84                vPortTickHandler
 .text.vPortStartFirstTask
                0x0000daa0       0x1c ./Generated_Code/port.o
                0x0000daa0                vPortStartFirstTask
 .text.vPortSVCHandler
                0x0000dabc       0x28 ./Generated_Code/port.o
                0x0000dabc                vPortSVCHandler
 .text.vPortPendSVHandler
                0x0000dae4       0x44 ./Generated_Code/port.o
                0x0000dae4                vPortPendSVHandler
 .text.xQueueCreateMutex
                0x0000db28       0x98 ./Generated_Code/queue.o
                0x0000db28                xQueueCreateMutex
 .text.xQueueGenericSend
                0x0000dbc0      0x190 ./Generated_Code/queue.o
                0x0000dbc0                xQueueGenericSend
 .text.xQueueGenericReceive
                0x0000dd50      0x1bc ./Generated_Code/queue.o
                0x0000dd50                xQueueGenericReceive
 .text.vQueueDelete
                0x0000df0c       0x24 ./Generated_Code/queue.o
                0x0000df0c                vQueueDelete
 .text.prvCopyDataToQueue
                0x0000df30       0xe0 ./Generated_Code/queue.o
 .text.prvCopyDataFromQueue
                0x0000e010       0x50 ./Generated_Code/queue.o
 .text.prvUnlockQueue
                0x0000e060       0x98 ./Generated_Code/queue.o
 .text.prvIsQueueEmpty
                0x0000e0f8       0x2c ./Generated_Code/queue.o
 .text.prvIsQueueFull
                0x0000e124       0x30 ./Generated_Code/queue.o
 .text.xTaskGenericCreate
                0x0000e154      0x174 ./Generated_Code/tasks.o
                0x0000e154                xTaskGenericCreate
 .text.vTaskDelayUntil
                0x0000e2c8       0xc0 ./Generated_Code/tasks.o
                0x0000e2c8                vTaskDelayUntil
 .text.vTaskDelay
                0x0000e388       0x64 ./Generated_Code/tasks.o
                0x0000e388                vTaskDelay
 .text.vTaskStartScheduler
                0x0000e3ec       0x68 ./Generated_Code/tasks.o
                0x0000e3ec                vTaskStartScheduler
 .text.vTaskSuspendAll
                0x0000e454       0x18 ./Generated_Code/tasks.o
                0x0000e454                vTaskSuspendAll
 .text.xTaskResumeAll
                0x0000e46c      0x108 ./Generated_Code/tasks.o
                0x0000e46c                xTaskResumeAll
 .text.xTaskGetTickCount
                0x0000e574       0x24 ./Generated_Code/tasks.o
                0x0000e574                xTaskGetTickCount
 .text.uxTaskGetNumberOfTasks
                0x0000e598       0x14 ./Generated_Code/tasks.o
                0x0000e598                uxTaskGetNumberOfTasks
 .text.uxTaskGetSystemState
                0x0000e5ac       0xdc ./Generated_Code/tasks.o
                0x0000e5ac                uxTaskGetSystemState
 .text.xTaskIncrementTick
                0x0000e688      0x17c ./Generated_Code/tasks.o
                0x0000e688                xTaskIncrementTick
 .text.vTaskSwitchContext
                0x0000e804       0xc4 ./Generated_Code/tasks.o
                0x0000e804                vTaskSwitchContext
 .text.vTaskPlaceOnEventList
                0x0000e8c8       0x6c ./Generated_Code/tasks.o
                0x0000e8c8                vTaskPlaceOnEventList
 .text.xTaskRemoveFromEventList
                0x0000e934       0xb8 ./Generated_Code/tasks.o
                0x0000e934                xTaskRemoveFromEventList
 .text.vTaskSetTimeOutState
                0x0000e9ec       0x30 ./Generated_Code/tasks.o
                0x0000e9ec                vTaskSetTimeOutState
 .text.xTaskCheckForTimeOut
                0x0000ea1c       0x9c ./Generated_Code/tasks.o
                0x0000ea1c                xTaskCheckForTimeOut
 .text.vTaskMissedYield
                0x0000eab8       0x14 ./Generated_Code/tasks.o
                0x0000eab8                vTaskMissedYield
 .text.prvIdleTask
                0x0000eacc       0x20 ./Generated_Code/tasks.o
 .text.prvInitialiseTCBVariables
                0x0000eaec       0xa4 ./Generated_Code/tasks.o
 .text.prvInitialiseTaskLists
                0x0000eb90       0x7c ./Generated_Code/tasks.o
 .text.prvCheckTasksWaitingTermination
                0x0000ec0c        0x8 ./Generated_Code/tasks.o
 .text.prvAddCurrentTaskToDelayedList
                0x0000ec14       0x6c ./Generated_Code/tasks.o
 .text.prvAllocateTCBAndStack
                0x0000ec80       0x78 ./Generated_Code/tasks.o
 .text.prvListTaskWithinSingleList
                0x0000ecf8      0x11c ./Generated_Code/tasks.o
 .text.prvTaskCheckFreeStackSpace
                0x0000ee14       0x34 ./Generated_Code/tasks.o
 .text.prvResetNextTaskUnblockTime
                0x0000ee48       0x44 ./Generated_Code/tasks.o
 .text.xTaskGetSchedulerState
                0x0000ee8c       0x38 ./Generated_Code/tasks.o
                0x0000ee8c                xTaskGetSchedulerState
 .text.vTaskPriorityInherit
                0x0000eec4       0xbc ./Generated_Code/tasks.o
                0x0000eec4                vTaskPriorityInherit
 .text.xTaskPriorityDisinherit
                0x0000ef80       0xa4 ./Generated_Code/tasks.o
                0x0000ef80                xTaskPriorityDisinherit
 .text.vTaskList
                0x0000f024      0x188 ./Generated_Code/tasks.o
                0x0000f024                vTaskList
 .text.pvTaskIncrementMutexHeldCount
                0x0000f1ac       0x24 ./Generated_Code/tasks.o
                0x0000f1ac                pvTaskIncrementMutexHeldCount
 .text.exit     0x0000f1d0       0x2c c:/freescale/kds_3.0.0/toolchain/bin/../lib/gcc/arm-none-eabi/4.8.4/../../../../arm-none-eabi/lib/armv6-m\libg_s.a(lib_a-exit.o)
                0x0000f1d0                exit
 .text.__libc_init_array
                0x0000f1fc       0x4c c:/freescale/kds_3.0.0/toolchain/bin/../lib/gcc/arm-none-eabi/4.8.4/../../../../arm-none-eabi/lib/armv6-m\libg_s.a(lib_a-init.o)
                0x0000f1fc                __libc_init_array
 .text.memcpy   0x0000f248       0x12 c:/freescale/kds_3.0.0/toolchain/bin/../lib/gcc/arm-none-eabi/4.8.4/../../../../arm-none-eabi/lib/armv6-m\libg_s.a(lib_a-memcpy-stub.o)
                0x0000f248                memcpy
 .text.memset   0x0000f25a       0x10 c:/freescale/kds_3.0.0/toolchain/bin/../lib/gcc/arm-none-eabi/4.8.4/../../../../arm-none-eabi/lib/armv6-m\libg_s.a(lib_a-memset.o)
                0x0000f25a                memset
 .text.strchr   0x0000f26a       0x18 c:/freescale/kds_3.0.0/toolchain/bin/../lib/gcc/arm-none-eabi/4.8.4/../../../../arm-none-eabi/lib/armv6-m\libg_s.a(lib_a-strchr.o)
                0x0000f26a                strchr
 .text.strlen   0x0000f282        0xe c:/freescale/kds_3.0.0/toolchain/bin/../lib/gcc/arm-none-eabi/4.8.4/../../../../arm-none-eabi/lib/armv6-m\libg_s.a(lib_a-strlen.o)
                0x0000f282                strlen
 .text.strncmp  0x0000f290       0x2c c:/freescale/kds_3.0.0/toolchain/bin/../lib/gcc/arm-none-eabi/4.8.4/../../../../arm-none-eabi/lib/armv6-m\libg_s.a(lib_a-strncmp.o)
                0x0000f290                strncmp
 .text._exit    0x0000f2bc        0x4 c:/freescale/kds_3.0.0/toolchain/bin/../lib/gcc/arm-none-eabi/4.8.4/../../../../arm-none-eabi/lib/armv6-m\libnosys.a(_exit.o)
                0x0000f2bc                _exit
 *(.rodata)
 .rodata        0x0000f2c0      0x264 ./Sources/Application.o
 .rodata        0x0000f524       0x14 ./Sources/Shell.o
 .rodata        0x0000f538      0x170 ./Generated_Code/CLS1.o
 .rodata        0x0000f6a8      0xda4 ./Generated_Code/FAT1.o
 .rodata        0x0001044c      0x154 ./Generated_Code/FRTOS1.o
 .rodata        0x000105a0       0x18 ./Generated_Code/UTIL1.o
 .rodata        0x000105b8       0x44 ./Generated_Code/ff.o
 .rodata        0x000105fc       0x10 ./Generated_Code/tasks.o
 .rodata        0x0001060c       0x40 c:/freescale/kds_3.0.0/toolchain/bin/../lib/gcc/arm-none-eabi/4.8.4/armv6-m\libgcc.a(divsf3.o)
 .rodata        0x0001064c       0x40 c:/freescale/kds_3.0.0/toolchain/bin/../lib/gcc/arm-none-eabi/4.8.4/armv6-m\libgcc.a(mulsf3.o)
 *(.rodata*)
 .rodata.CmdParserTable
                0x0001068c       0x14 ./Sources/Shell.o
 .rodata.ChannelToPin
                0x000106a0        0x4 ./Generated_Code/AdcLdd1.o
 .rodata.CLS1_stdio
                0x000106a4       0x10 ./Generated_Code/CLS1.o
 .rodata.FAT1_errFResultMsg
                0x000106b4       0x4c ./Generated_Code/FAT1.o
 .rodata.FAT1_errDResultMsg
                0x00010700       0x14 ./Generated_Code/FAT1.o
 .rodata.SD1_disk_ioctl
                0x00010714       0x48 ./Generated_Code/SD1.o
 .rodata.ConfigurationSet
                0x0001075c       0x18 ./Generated_Code/SMasterLdd1.o
 .rodata.ULY    0x00010774        0xc ./Generated_Code/TmDt1.o
 .rodata.LY     0x00010780        0xc ./Generated_Code/TmDt1.o
 .rodata.ExCvt  0x0001078c       0x80 ./Generated_Code/ff.o
 .rodata.str1.1
                0x0001080c        0x2 c:/freescale/kds_3.0.0/toolchain/bin/../lib/gcc/arm-none-eabi/4.8.4/../../../../arm-none-eabi/lib/armv6-m\libg_s.a(lib_a-impure.o)
 *fill*         0x0001080e        0x2 
 .rodata._global_impure_ptr
                0x00010810        0x4 c:/freescale/kds_3.0.0/toolchain/bin/../lib/gcc/arm-none-eabi/4.8.4/../../../../arm-none-eabi/lib/armv6-m\libg_s.a(lib_a-impure.o)
                0x00010810                _global_impure_ptr
 *(.glue_7)
 .glue_7        0x00000000        0x0 linker stubs
 *(.glue_7t)
 .glue_7t       0x00000000        0x0 linker stubs
 *(.eh_frame)
 .eh_frame      0x00010814        0x0 c:/freescale/kds_3.0.0/toolchain/bin/../lib/gcc/arm-none-eabi/4.8.4/armv6-m/crtbegin.o
 *(.init)
 .init          0x00010814        0x4 c:/freescale/kds_3.0.0/toolchain/bin/../lib/gcc/arm-none-eabi/4.8.4/armv6-m/crti.o
                0x00010814                _init
 .init          0x00010818        0x8 c:/freescale/kds_3.0.0/toolchain/bin/../lib/gcc/arm-none-eabi/4.8.4/armv6-m/crtn.o
 *(.fini)
 .fini          0x00010820        0x4 c:/freescale/kds_3.0.0/toolchain/bin/../lib/gcc/arm-none-eabi/4.8.4/armv6-m/crti.o
                0x00010820                _fini
 .fini          0x00010824        0x8 c:/freescale/kds_3.0.0/toolchain/bin/../lib/gcc/arm-none-eabi/4.8.4/armv6-m/crtn.o
                0x0001082c                . = ALIGN (0x4)
                0x0001082c                _etext = .

.vfp11_veneer   0x0001082c        0x0
 .vfp11_veneer  0x00000000        0x0 linker stubs

.v4_bx          0x0001082c        0x0
 .v4_bx         0x00000000        0x0 linker stubs

.iplt           0x0001082c        0x0
 .iplt          0x00000000        0x0 c:/freescale/kds_3.0.0/toolchain/bin/../lib/gcc/arm-none-eabi/4.8.4/armv6-m/crtbegin.o

.ARM.extab
 *(.ARM.extab* .gnu.linkonce.armextab.*)

.ARM            0x0001082c        0x8
                0x0001082c                __exidx_start = .
 *(.ARM.exidx*)
 .ARM.exidx     0x0001082c        0x8 c:/freescale/kds_3.0.0/toolchain/bin/../lib/gcc/arm-none-eabi/4.8.4/../../../../arm-none-eabi/lib/armv6-m/crt0.o
                0x00010834                __exidx_end = .

.rel.dyn        0x00010834        0x0
 .rel.iplt      0x00000000        0x0 c:/freescale/kds_3.0.0/toolchain/bin/../lib/gcc/arm-none-eabi/4.8.4/armv6-m/crtbegin.o

.ctors          0x00010834        0x0
                0x00010834                __CTOR_LIST__ = .
 *crtbegin.o(.ctors)
 *(EXCLUDE_FILE(*crtend.o) .ctors)
 *(SORT(.ctors.*))
 *(.ctors)
                0x00010834                __CTOR_END__ = .

.dtors          0x00010834        0x0
                0x00010834                __DTOR_LIST__ = .
 *crtbegin.o(.dtors)
 *(EXCLUDE_FILE(*crtend.o) .dtors)
 *(SORT(.dtors.*))
 *(.dtors)
                0x00010834                __DTOR_END__ = .

.preinit_array  0x00010834        0x0
                0x00010834                PROVIDE (__preinit_array_start, .)
 *(.preinit_array*)
                0x00010834                PROVIDE (__preinit_array_end, .)

.init_array     0x00010834        0x4
                0x00010834                PROVIDE (__init_array_start, .)
 *(SORT(.init_array.*))
 *(.init_array*)
 .init_array    0x00010834        0x4 c:/freescale/kds_3.0.0/toolchain/bin/../lib/gcc/arm-none-eabi/4.8.4/armv6-m/crtbegin.o
                0x00010838                PROVIDE (__init_array_end, .)

.fini_array     0x00010838        0x4
                0x00010838                PROVIDE (__fini_array_start, .)
 *(SORT(.fini_array.*))
 *(.fini_array*)
 .fini_array    0x00010838        0x4 c:/freescale/kds_3.0.0/toolchain/bin/../lib/gcc/arm-none-eabi/4.8.4/armv6-m/crtbegin.o
                0x0001083c                PROVIDE (__fini_array_end, .)
                0x0001083c                ___ROM_AT = .

.mtb            0x1ffff000        0x0
                0x1ffff000                . = ALIGN (0x8)
                0x1ffff000                _mtb_start = .
 *(.mtb_buf)
                0x1ffff000                . = ALIGN (0x8)
                0x1ffff000                _mtb_end = .

.data           0x1ffff000      0x108 load address 0x0001083c
                0x1ffff000                . = ALIGN (0x4)
                0x1ffff000                _sdata = .
 *(.data)
 *(.data*)
 .data.state    0x1ffff000        0x4 ./Sources/Application.o
 .data.verbose  0x1ffff004        0x4 ./Sources/Application.o
 .data.currentLimit
                0x1ffff008        0x4 ./Sources/Application.o
 .data.maxCurrSense
                0x1ffff00c        0x4 ./Sources/Application.o
 .data.interval
                0x1ffff010        0x4 ./Sources/Application.o
 .data.PID_Kp   0x1ffff014        0x4 ./Sources/Application.o
 .data.PID_Ki   0x1ffff018        0x4 ./Sources/Application.o
 .data.timeStamp
                0x1ffff01c       0x78 ./Sources/Application.o
 .data.CLS1_currStdIO
                0x1ffff094        0x4 ./Generated_Code/CLS1.o
 .data.Stat     0x1ffff098        0x1 ./Generated_Code/SD1.o
 .data.CardType
                0x1ffff099        0x1 ./Generated_Code/SD1.o
 *fill*         0x1ffff09a        0x2 
 .data.xFreeBytesRemaining
                0x1ffff09c        0x4 ./Generated_Code/heap_2.o
 .data.uxCriticalNesting
                0x1ffff0a0        0x4 ./Generated_Code/port.o
 .data.xNextTaskUnblockTime
                0x1ffff0a4        0x4 ./Generated_Code/tasks.o
 .data.impure_data
                0x1ffff0a8       0x60 c:/freescale/kds_3.0.0/toolchain/bin/../lib/gcc/arm-none-eabi/4.8.4/../../../../arm-none-eabi/lib/armv6-m\libg_s.a(lib_a-impure.o)
                0x1ffff108                . = ALIGN (0x4)
                0x1ffff108                _edata = .
                0x00000108                ___data_size = (_edata - _sdata)

.jcr            0x1ffff108        0x0 load address 0x00010944
 .jcr           0x1ffff108        0x0 c:/freescale/kds_3.0.0/toolchain/bin/../lib/gcc/arm-none-eabi/4.8.4/armv6-m/crtbegin.o

.igot.plt       0x1ffff108        0x0 load address 0x00010944
 .igot.plt      0x00000000        0x0 c:/freescale/kds_3.0.0/toolchain/bin/../lib/gcc/arm-none-eabi/4.8.4/armv6-m/crtbegin.o
                0x1ffff108                . = ALIGN (0x4)

.bss            0x1ffff108     0x2964 load address 0x00010944
                0x1ffff108                __START_BSS = .
                0x1ffff108                PROVIDE (__bss_start__, __START_BSS)
 *(.bss)
 .bss           0x1ffff108       0x1c c:/freescale/kds_3.0.0/toolchain/bin/../lib/gcc/arm-none-eabi/4.8.4/armv6-m/crtbegin.o
 *(.bss*)
 .bss.errorType
                0x1ffff124        0x4 ./Sources/Application.o
 .bss.chgCurrSet
                0x1ffff128        0x4 ./Sources/Application.o
 .bss.disCurrSet
                0x1ffff12c        0x4 ./Sources/Application.o
 .bss.capacity  0x1ffff130        0x4 ./Sources/Application.o
 .bss.perCurrent
                0x1ffff134        0x4 ./Sources/Application.o
 .bss.current   0x1ffff138       0x78 ./Sources/Application.o
 .bss.VBat      0x1ffff1b0       0x78 ./Sources/Application.o
 .bss.temp      0x1ffff228       0x78 ./Sources/Application.o
 .bss.lastStamp
                0x1ffff2a0        0x4 ./Sources/Application.o
 .bss.dp        0x1ffff2a4        0x4 ./Sources/Application.o
 .bss.periodSec
                0x1ffff2a8        0x4 ./Sources/Application.o
 .bss.rawADC    0x1ffff2ac        0x8 ./Sources/Application.o
 .bss.maxVBat   0x1ffff2b4        0x4 ./Sources/Application.o
 .bss.preVBat   0x1ffff2b8        0x4 ./Sources/Application.o
 .bss.PID_perCurrentSet
                0x1ffff2bc        0x4 ./Sources/Application.o
 .bss.PID_perCurrentLimit
                0x1ffff2c0        0x4 ./Sources/Application.o
 .bss.PID_intError
                0x1ffff2c4        0x4 ./Sources/Application.o
 .bss.charBuff  0x1ffff2c8       0x40 ./Sources/Application.o
 .bss.fileSystemObject.7084
                0x1ffff308      0x238 ./Sources/Shell.o
 .bss.SumChan   0x1ffff540        0x1 ./Generated_Code/AD1.o
 .bss.ModeFlg   0x1ffff541        0x1 ./Generated_Code/AD1.o
 .bss.SumCnt    0x1ffff542        0x1 ./Generated_Code/AD1.o
 *fill*         0x1ffff543        0x1 
 .bss.SampleGroup
                0x1ffff544        0x4 ./Generated_Code/AD1.o
 .bss.OutFlg    0x1ffff548        0x1 ./Generated_Code/AD1.o
 *fill*         0x1ffff549        0x1 
 .bss.SerFlag   0x1ffff54a        0x2 ./Generated_Code/AS1.o
 .bss.AS1_InpLen
                0x1ffff54c        0x2 ./Generated_Code/AS1.o
 .bss.InpIndexR
                0x1ffff54e        0x2 ./Generated_Code/AS1.o
 .bss.InpIndexW
                0x1ffff550        0x2 ./Generated_Code/AS1.o
 *fill*         0x1ffff552        0x2 
 .bss.InpBuffer
                0x1ffff554       0x40 ./Generated_Code/AS1.o
 .bss.BufferRead
                0x1ffff594        0x1 ./Generated_Code/AS1.o
 *fill*         0x1ffff595        0x1 
 .bss.AS1_OutLen
                0x1ffff596        0x2 ./Generated_Code/AS1.o
 .bss.OutIndexR
                0x1ffff598        0x2 ./Generated_Code/AS1.o
 .bss.OutIndexW
                0x1ffff59a        0x2 ./Generated_Code/AS1.o
 .bss.OutBuffer
                0x1ffff59c       0x40 ./Generated_Code/AS1.o
 .bss.DeviceDataPrv__DEFAULT_RTOS_ALLOC
                0x1ffff5dc       0x20 ./Generated_Code/ASerialLdd1.o
 .bss.INT_UART0__BAREBOARD_RTOS_ISRPARAM
                0x1ffff5fc        0x4 ./Generated_Code/ASerialLdd1.o
 .bss.DeviceDataPrv__DEFAULT_RTOS_ALLOC
                0x1ffff600        0x8 ./Generated_Code/AdcLdd1.o
 .bss.INT_ADC0__BAREBOARD_RTOS_ISRPARAM
                0x1ffff608        0x4 ./Generated_Code/AdcLdd1.o
 .bss.DeviceDataPrv__DEFAULT_RTOS_ALLOC
                0x1ffff60c        0x4 ./Generated_Code/BitIoLdd1.o
 .bss.DeviceDataPrv__DEFAULT_RTOS_ALLOC
                0x1ffff610        0x4 ./Generated_Code/BitIoLdd2.o
 .bss.SR_lock   0x1ffff614        0x1 ./Generated_Code/Cpu.o
                0x1ffff614                SR_lock
 *fill*         0x1ffff615        0x3 
 .bss.fp.7338   0x1ffff618      0x228 ./Generated_Code/FAT1.o
 .bss.PE_LDD_DeviceDataList
                0x1ffff840       0x28 ./Generated_Code/PE_LDD.o
                0x1ffff840                PE_LDD_DeviceDataList
 .bss.DeviceDataPrv__DEFAULT_RTOS_ALLOC
                0x1ffff868        0xc ./Generated_Code/PwmLdd1.o
 .bss.DeviceDataPrv__DEFAULT_RTOS_ALLOC
                0x1ffff874        0xc ./Generated_Code/PwmLdd2.o
 .bss.speedMode
                0x1ffff880        0x1 ./Generated_Code/SD1.o
 .bss.rxDummy   0x1ffff881        0x1 ./Generated_Code/SD1.o
 .bss.EnUser    0x1ffff882        0x1 ./Generated_Code/SM1.o
 .bss.SerFlag   0x1ffff883        0x1 ./Generated_Code/SM1.o
 .bss.ErrFlag   0x1ffff884        0x1 ./Generated_Code/SM1.o
 .bss.BufferRead
                0x1ffff885        0x1 ./Generated_Code/SM1.o
 .bss.OutBuffer
                0x1ffff886        0x1 ./Generated_Code/SM1.o
 .bss.SpiClockfeatures
                0x1ffff887        0x1 ./Generated_Code/SM1.o
 .bss.SetAttributeCmd
                0x1ffff888        0x1 ./Generated_Code/SM1.o
 *fill*         0x1ffff889        0x3 
 .bss.DeviceDataPrv__DEFAULT_RTOS_ALLOC
                0x1ffff88c       0x20 ./Generated_Code/SMasterLdd1.o
 .bss.INT_SPI0__BAREBOARD_RTOS_ISRPARAM
                0x1ffff8ac        0x4 ./Generated_Code/SMasterLdd1.o
 .bss.DeviceDataPrv__DEFAULT_RTOS_ALLOC
                0x1ffff8b0        0x4 ./Generated_Code/SS1.o
 .bss.TMOUT1_Counters
                0x1ffff8b4        0x4 ./Generated_Code/TMOUT1.o
 .bss.TMOUT1_FreeCounters
                0x1ffff8b8        0x4 ./Generated_Code/TMOUT1.o
 .bss.DeviceDataPrv__DEFAULT_RTOS_ALLOC
                0x1ffff8bc        0xc ./Generated_Code/TU1.o
 .bss.DeviceDataPrv__DEFAULT_RTOS_ALLOC
                0x1ffff8c8        0xc ./Generated_Code/TU2.o
 .bss.CntDay    0x1ffff8d4        0x1 ./Generated_Code/TmDt1.o
 .bss.CntMonth  0x1ffff8d5        0x1 ./Generated_Code/TmDt1.o
 .bss.CntYear   0x1ffff8d6        0x2 ./Generated_Code/TmDt1.o
 .bss.tickCntr  0x1ffff8d8        0x4 ./Generated_Code/TmDt1.o
 .bss.FatFs     0x1ffff8dc        0x4 ./Generated_Code/ff.o
 .bss.Fsid      0x1ffff8e0        0x2 ./Generated_Code/ff.o
 *fill*         0x1ffff8e2        0x2 
 .bss.ucHeap    0x1ffff8e4     0x2000 ./Generated_Code/heap_2.o
 .bss.xStart    0x200018e4        0x8 ./Generated_Code/heap_2.o
 .bss.xEnd      0x200018ec        0x8 ./Generated_Code/heap_2.o
 .bss.xHeapHasBeenInitialised.7521
                0x200018f4        0x4 ./Generated_Code/heap_2.o
 .bss.xJumpBuf  0x200018f8       0x5c ./Generated_Code/port.o
 .bss.pxCurrentTCB
                0x20001954        0x4 ./Generated_Code/tasks.o
                0x20001954                pxCurrentTCB
 .bss.pxReadyTasksLists
                0x20001958       0x78 ./Generated_Code/tasks.o
 .bss.xDelayedTaskList1
                0x200019d0       0x14 ./Generated_Code/tasks.o
 .bss.xDelayedTaskList2
                0x200019e4       0x14 ./Generated_Code/tasks.o
 .bss.pxDelayedTaskList
                0x200019f8        0x4 ./Generated_Code/tasks.o
 .bss.pxOverflowDelayedTaskList
                0x200019fc        0x4 ./Generated_Code/tasks.o
 .bss.xPendingReadyList
                0x20001a00       0x14 ./Generated_Code/tasks.o
 .bss.xSuspendedTaskList
                0x20001a14       0x14 ./Generated_Code/tasks.o
 .bss.uxCurrentNumberOfTasks
                0x20001a28        0x4 ./Generated_Code/tasks.o
 .bss.xTickCount
                0x20001a2c        0x4 ./Generated_Code/tasks.o
 .bss.uxTopReadyPriority
                0x20001a30        0x4 ./Generated_Code/tasks.o
 .bss.xSchedulerRunning
                0x20001a34        0x4 ./Generated_Code/tasks.o
 .bss.uxPendedTicks
                0x20001a38        0x4 ./Generated_Code/tasks.o
 .bss.xYieldPending
                0x20001a3c        0x4 ./Generated_Code/tasks.o
 .bss.xNumOfOverflows
                0x20001a40        0x4 ./Generated_Code/tasks.o
 .bss.uxTaskNumber
                0x20001a44        0x4 ./Generated_Code/tasks.o
 .bss.uxSchedulerSuspended
                0x20001a48        0x4 ./Generated_Code/tasks.o
 *(COMMON)
 COMMON         0x20001a4c       0x14 ./Generated_Code/AD1.o
                0x20001a4c                AD1_OutV
                0x20001a5c                AdcLdd1_DeviceDataPtr
 COMMON         0x20001a60        0x4 ./Generated_Code/AS1.o
                0x20001a60                ASerialLdd1_DeviceDataPtr
 COMMON         0x20001a64        0x1 ./Generated_Code/Cpu.o
                0x20001a64                SR_reg
 *fill*         0x20001a65        0x3 
 COMMON         0x20001a68        0x4 ./Generated_Code/SM1.o
                0x20001a68                SMasterLdd1_DeviceDataPtr
                0x20001a6c                . = ALIGN (0x4)
                0x20001a6c                __END_BSS = .
                0x20001a6c                PROVIDE (__bss_end__, __END_BSS)
                0x00010944                _romp_at = (___ROM_AT + SIZEOF (.data))

.romp           0x20001a6c       0x18 load address 0x00010944
                0x00010944                __S_romp = _romp_at
                0x20001a6c        0x4 LONG 0x1083c ___ROM_AT
                0x20001a70        0x4 LONG 0x1ffff000 _sdata
                0x20001a74        0x4 LONG 0x108 ___data_size
                0x20001a78        0x4 LONG 0x0
                0x20001a7c        0x4 LONG 0x0
                0x20001a80        0x4 LONG 0x0

._user_heap_stack
                0x20001a84      0x400 load address 0x0001095c
                0x20001a84                . = ALIGN (0x4)
                0x20001a84                PROVIDE (end, .)
                0x20001a84                PROVIDE (_end, .)
                0x20001a84                __heap_addr = .
                0x20001a84                __HeapBase = .
                0x20001a84                . = (. + __heap_size)
                0x20001a84                __HeapLimit = .
                0x20001e84                . = (. + __stack_size)
 *fill*         0x20001a84      0x400 
                0x20001e84                . = ALIGN (0x4)

.ARM.attributes
                0x00000000       0x28
 *(.ARM.attributes)
 .ARM.attributes
                0x00000000       0x1e c:/freescale/kds_3.0.0/toolchain/bin/../lib/gcc/arm-none-eabi/4.8.4/armv6-m/crti.o
 .ARM.attributes
                0x0000001e       0x2c c:/freescale/kds_3.0.0/toolchain/bin/../lib/gcc/arm-none-eabi/4.8.4/armv6-m/crtbegin.o
 .ARM.attributes
                0x0000004a       0x1b c:/freescale/kds_3.0.0/toolchain/bin/../lib/gcc/arm-none-eabi/4.8.4/../../../../arm-none-eabi/lib/armv6-m/crt0.o
 .ARM.attributes
                0x00000065       0x32 ./Sources/Application.o
 .ARM.attributes
                0x00000097       0x32 ./Sources/Events.o
 .ARM.attributes
                0x000000c9       0x32 ./Sources/Shell.o
 .ARM.attributes
                0x000000fb       0x32 ./Sources/main.o
 .ARM.attributes
                0x0000012d       0x32 ./Project_Settings/Startup_Code/startup.o
 .ARM.attributes
                0x0000015f       0x32 ./Generated_Code/AD1.o
 .ARM.attributes
                0x00000191       0x32 ./Generated_Code/AS1.o
 .ARM.attributes
                0x000001c3       0x32 ./Generated_Code/ASerialLdd1.o
 .ARM.attributes
                0x000001f5       0x32 ./Generated_Code/AdcLdd1.o
 .ARM.attributes
                0x00000227       0x32 ./Generated_Code/BitIoLdd1.o
 .ARM.attributes
                0x00000259       0x32 ./Generated_Code/BitIoLdd2.o
 .ARM.attributes
                0x0000028b       0x32 ./Generated_Code/CLS1.o
 .ARM.attributes
                0x000002bd       0x32 ./Generated_Code/Cpu.o
 .ARM.attributes
                0x000002ef       0x32 ./Generated_Code/FAT1.o
 .ARM.attributes
                0x00000321       0x32 ./Generated_Code/FRTOS1.o
 .ARM.attributes
                0x00000353       0x32 ./Generated_Code/PE_LDD.o
 .ARM.attributes
                0x00000385       0x32 ./Generated_Code/PwmLdd1.o
 .ARM.attributes
                0x000003b7       0x32 ./Generated_Code/PwmLdd2.o
 .ARM.attributes
                0x000003e9       0x32 ./Generated_Code/SD1.o
 .ARM.attributes
                0x0000041b       0x32 ./Generated_Code/SM1.o
 .ARM.attributes
                0x0000044d       0x32 ./Generated_Code/SMasterLdd1.o
 .ARM.attributes
                0x0000047f       0x32 ./Generated_Code/SS1.o
 .ARM.attributes
                0x000004b1       0x32 ./Generated_Code/TMOUT1.o
 .ARM.attributes
                0x000004e3       0x32 ./Generated_Code/TU1.o
 .ARM.attributes
                0x00000515       0x32 ./Generated_Code/TU2.o
 .ARM.attributes
                0x00000547       0x32 ./Generated_Code/TmDt1.o
 .ARM.attributes
                0x00000579       0x32 ./Generated_Code/UTIL1.o
 .ARM.attributes
                0x000005ab       0x32 ./Generated_Code/Vectors.o
 .ARM.attributes
                0x000005dd       0x32 ./Generated_Code/WAIT1.o
 .ARM.attributes
                0x0000060f       0x32 ./Generated_Code/ff.o
 .ARM.attributes
                0x00000641       0x32 ./Generated_Code/heap_2.o
 .ARM.attributes
                0x00000673       0x32 ./Generated_Code/list.o
 .ARM.attributes
                0x000006a5       0x32 ./Generated_Code/port.o
 .ARM.attributes
                0x000006d7       0x32 ./Generated_Code/queue.o
 .ARM.attributes
                0x00000709       0x32 ./Generated_Code/tasks.o
 .ARM.attributes
                0x0000073b       0x1e c:/freescale/kds_3.0.0/toolchain/bin/../lib/gcc/arm-none-eabi/4.8.4/armv6-m\libgcc.a(_udivsi3.o)
 .ARM.attributes
                0x00000759       0x1e c:/freescale/kds_3.0.0/toolchain/bin/../lib/gcc/arm-none-eabi/4.8.4/armv6-m\libgcc.a(_divsi3.o)
 .ARM.attributes
                0x00000777       0x1e c:/freescale/kds_3.0.0/toolchain/bin/../lib/gcc/arm-none-eabi/4.8.4/armv6-m\libgcc.a(_dvmd_tls.o)
 .ARM.attributes
                0x00000795       0x1e c:/freescale/kds_3.0.0/toolchain/bin/../lib/gcc/arm-none-eabi/4.8.4/armv6-m\libgcc.a(_arm_cmpsf2.o)
 .ARM.attributes
                0x000007b3       0x2c c:/freescale/kds_3.0.0/toolchain/bin/../lib/gcc/arm-none-eabi/4.8.4/armv6-m\libgcc.a(_fixunssfsi.o)
 .ARM.attributes
                0x000007df       0x2c c:/freescale/kds_3.0.0/toolchain/bin/../lib/gcc/arm-none-eabi/4.8.4/armv6-m\libgcc.a(addsf3.o)
 .ARM.attributes
                0x0000080b       0x2c c:/freescale/kds_3.0.0/toolchain/bin/../lib/gcc/arm-none-eabi/4.8.4/armv6-m\libgcc.a(divsf3.o)
 .ARM.attributes
                0x00000837       0x2c c:/freescale/kds_3.0.0/toolchain/bin/../lib/gcc/arm-none-eabi/4.8.4/armv6-m\libgcc.a(eqsf2.o)
 .ARM.attributes
                0x00000863       0x2c c:/freescale/kds_3.0.0/toolchain/bin/../lib/gcc/arm-none-eabi/4.8.4/armv6-m\libgcc.a(gesf2.o)
 .ARM.attributes
                0x0000088f       0x2c c:/freescale/kds_3.0.0/toolchain/bin/../lib/gcc/arm-none-eabi/4.8.4/armv6-m\libgcc.a(lesf2.o)
 .ARM.attributes
                0x000008bb       0x2c c:/freescale/kds_3.0.0/toolchain/bin/../lib/gcc/arm-none-eabi/4.8.4/armv6-m\libgcc.a(mulsf3.o)
 .ARM.attributes
                0x000008e7       0x2c c:/freescale/kds_3.0.0/toolchain/bin/../lib/gcc/arm-none-eabi/4.8.4/armv6-m\libgcc.a(subsf3.o)
 .ARM.attributes
                0x00000913       0x2c c:/freescale/kds_3.0.0/toolchain/bin/../lib/gcc/arm-none-eabi/4.8.4/armv6-m\libgcc.a(fixsfsi.o)
 .ARM.attributes
                0x0000093f       0x2c c:/freescale/kds_3.0.0/toolchain/bin/../lib/gcc/arm-none-eabi/4.8.4/armv6-m\libgcc.a(floatsisf.o)
 .ARM.attributes
                0x0000096b       0x2c c:/freescale/kds_3.0.0/toolchain/bin/../lib/gcc/arm-none-eabi/4.8.4/armv6-m\libgcc.a(floatunsisf.o)
 .ARM.attributes
                0x00000997       0x1e c:/freescale/kds_3.0.0/toolchain/bin/../lib/gcc/arm-none-eabi/4.8.4/armv6-m\libgcc.a(_clzsi2.o)
 .ARM.attributes
                0x000009b5       0x2c c:/freescale/kds_3.0.0/toolchain/bin/../lib/gcc/arm-none-eabi/4.8.4/../../../../arm-none-eabi/lib/armv6-m\libg_s.a(lib_a-exit.o)
 .ARM.attributes
                0x000009e1       0x2c c:/freescale/kds_3.0.0/toolchain/bin/../lib/gcc/arm-none-eabi/4.8.4/../../../../arm-none-eabi/lib/armv6-m\libg_s.a(lib_a-impure.o)
 .ARM.attributes
                0x00000a0d       0x2c c:/freescale/kds_3.0.0/toolchain/bin/../lib/gcc/arm-none-eabi/4.8.4/../../../../arm-none-eabi/lib/armv6-m\libg_s.a(lib_a-init.o)
 .ARM.attributes
                0x00000a39       0x2c c:/freescale/kds_3.0.0/toolchain/bin/../lib/gcc/arm-none-eabi/4.8.4/../../../../arm-none-eabi/lib/armv6-m\libg_s.a(lib_a-memcpy-stub.o)
 .ARM.attributes
                0x00000a65       0x2c c:/freescale/kds_3.0.0/toolchain/bin/../lib/gcc/arm-none-eabi/4.8.4/../../../../arm-none-eabi/lib/armv6-m\libg_s.a(lib_a-memset.o)
 .ARM.attributes
                0x00000a91       0x1c c:/freescale/kds_3.0.0/toolchain/bin/../lib/gcc/arm-none-eabi/4.8.4/../../../../arm-none-eabi/lib/armv6-m\libg_s.a(lib_a-setjmp.o)
 .ARM.attributes
                0x00000aad       0x2c c:/freescale/kds_3.0.0/toolchain/bin/../lib/gcc/arm-none-eabi/4.8.4/../../../../arm-none-eabi/lib/armv6-m\libg_s.a(lib_a-strchr.o)
 .ARM.attributes
                0x00000ad9       0x1c c:/freescale/kds_3.0.0/toolchain/bin/../lib/gcc/arm-none-eabi/4.8.4/../../../../arm-none-eabi/lib/armv6-m\libg_s.a(lib_a-strcmp.o)
 .ARM.attributes
                0x00000af5       0x2c c:/freescale/kds_3.0.0/toolchain/bin/../lib/gcc/arm-none-eabi/4.8.4/../../../../arm-none-eabi/lib/armv6-m\libg_s.a(lib_a-strlen.o)
 .ARM.attributes
                0x00000b21       0x2c c:/freescale/kds_3.0.0/toolchain/bin/../lib/gcc/arm-none-eabi/4.8.4/../../../../arm-none-eabi/lib/armv6-m\libg_s.a(lib_a-strncmp.o)
 .ARM.attributes
                0x00000b4d       0x2c c:/freescale/kds_3.0.0/toolchain/bin/../lib/gcc/arm-none-eabi/4.8.4/../../../../arm-none-eabi/lib/armv6-m\libnosys.a(_exit.o)
 .ARM.attributes
                0x00000b79       0x1e c:/freescale/kds_3.0.0/toolchain/bin/../lib/gcc/arm-none-eabi/4.8.4/armv6-m/crtn.o
OUTPUT(BatteryTestSystemC.elf elf32-littlearm)

.debug_info     0x00000000     0xecc1
 .debug_info    0x00000000      0x6a3 ./Sources/Application.o
 .debug_info    0x000006a3      0x152 ./Sources/Events.o
 .debug_info    0x000007f5      0x3a4 ./Sources/Shell.o
 .debug_info    0x00000b99       0x9a ./Sources/main.o
 .debug_info    0x00000c33      0x20a ./Project_Settings/Startup_Code/startup.o
 .debug_info    0x00000e3d      0x2bb ./Generated_Code/AD1.o
 .debug_info    0x000010f8      0x4c1 ./Generated_Code/AS1.o
 .debug_info    0x000015b9      0x7ba ./Generated_Code/ASerialLdd1.o
 .debug_info    0x00001d73      0x895 ./Generated_Code/AdcLdd1.o
 .debug_info    0x00002608      0x372 ./Generated_Code/BitIoLdd1.o
 .debug_info    0x0000297a      0x372 ./Generated_Code/BitIoLdd2.o
 .debug_info    0x00002cec      0x9a0 ./Generated_Code/CLS1.o
 .debug_info    0x0000368c      0xb11 ./Generated_Code/Cpu.o
 .debug_info    0x0000419d     0x14f8 ./Generated_Code/FAT1.o
 .debug_info    0x00005695      0x27a ./Generated_Code/FRTOS1.o
 .debug_info    0x0000590f      0x251 ./Generated_Code/PE_LDD.o
 .debug_info    0x00005b60      0x2b5 ./Generated_Code/PwmLdd1.o
 .debug_info    0x00005e15      0x2b5 ./Generated_Code/PwmLdd2.o
 .debug_info    0x000060ca      0x6cd ./Generated_Code/SD1.o
 .debug_info    0x00006797      0x481 ./Generated_Code/SM1.o
 .debug_info    0x00006c18      0x7e1 ./Generated_Code/SMasterLdd1.o
 .debug_info    0x000073f9      0x3a6 ./Generated_Code/SS1.o
 .debug_info    0x0000779f      0x257 ./Generated_Code/TMOUT1.o
 .debug_info    0x000079f6      0x6f0 ./Generated_Code/TU1.o
 .debug_info    0x000080e6      0x6f0 ./Generated_Code/TU2.o
 .debug_info    0x000087d6      0x687 ./Generated_Code/TmDt1.o
 .debug_info    0x00008e5d     0x16c3 ./Generated_Code/UTIL1.o
 .debug_info    0x0000a520      0x10e ./Generated_Code/Vectors.o
 .debug_info    0x0000a62e      0x148 ./Generated_Code/WAIT1.o
 .debug_info    0x0000a776     0x1ce8 ./Generated_Code/ff.o
 .debug_info    0x0000c45e      0x2e9 ./Generated_Code/heap_2.o
 .debug_info    0x0000c747      0x2a8 ./Generated_Code/list.o
 .debug_info    0x0000c9ef      0x275 ./Generated_Code/port.o
 .debug_info    0x0000cc64      0xb63 ./Generated_Code/queue.o
 .debug_info    0x0000d7c7     0x14fa ./Generated_Code/tasks.o

.debug_abbrev   0x00000000     0x305d
 .debug_abbrev  0x00000000      0x1de ./Sources/Application.o
 .debug_abbrev  0x000001de       0xa3 ./Sources/Events.o
 .debug_abbrev  0x00000281      0x146 ./Sources/Shell.o
 .debug_abbrev  0x000003c7       0x47 ./Sources/main.o
 .debug_abbrev  0x0000040e      0x11e ./Project_Settings/Startup_Code/startup.o
 .debug_abbrev  0x0000052c      0x191 ./Generated_Code/AD1.o
 .debug_abbrev  0x000006bd      0x1d6 ./Generated_Code/AS1.o
 .debug_abbrev  0x00000893      0x1af ./Generated_Code/ASerialLdd1.o
 .debug_abbrev  0x00000a42      0x1e5 ./Generated_Code/AdcLdd1.o
 .debug_abbrev  0x00000c27      0x127 ./Generated_Code/BitIoLdd1.o
 .debug_abbrev  0x00000d4e      0x127 ./Generated_Code/BitIoLdd2.o
 .debug_abbrev  0x00000e75      0x1c2 ./Generated_Code/CLS1.o
 .debug_abbrev  0x00001037      0x15f ./Generated_Code/Cpu.o
 .debug_abbrev  0x00001196      0x211 ./Generated_Code/FAT1.o
 .debug_abbrev  0x000013a7      0x144 ./Generated_Code/FRTOS1.o
 .debug_abbrev  0x000014eb      0x10d ./Generated_Code/PE_LDD.o
 .debug_abbrev  0x000015f8      0x106 ./Generated_Code/PwmLdd1.o
 .debug_abbrev  0x000016fe      0x106 ./Generated_Code/PwmLdd2.o
 .debug_abbrev  0x00001804      0x1ff ./Generated_Code/SD1.o
 .debug_abbrev  0x00001a03      0x1b9 ./Generated_Code/SM1.o
 .debug_abbrev  0x00001bbc      0x1d2 ./Generated_Code/SMasterLdd1.o
 .debug_abbrev  0x00001d8e      0x15f ./Generated_Code/SS1.o
 .debug_abbrev  0x00001eed       0xc9 ./Generated_Code/TMOUT1.o
 .debug_abbrev  0x00001fb6      0x198 ./Generated_Code/TU1.o
 .debug_abbrev  0x0000214e      0x198 ./Generated_Code/TU2.o
 .debug_abbrev  0x000022e6      0x1d7 ./Generated_Code/TmDt1.o
 .debug_abbrev  0x000024bd      0x19c ./Generated_Code/UTIL1.o
 .debug_abbrev  0x00002659       0xa4 ./Generated_Code/Vectors.o
 .debug_abbrev  0x000026fd       0xb1 ./Generated_Code/WAIT1.o
 .debug_abbrev  0x000027ae      0x1c3 ./Generated_Code/ff.o
 .debug_abbrev  0x00002971      0x155 ./Generated_Code/heap_2.o
 .debug_abbrev  0x00002ac6       0xc1 ./Generated_Code/list.o
 .debug_abbrev  0x00002b87      0x10c ./Generated_Code/port.o
 .debug_abbrev  0x00002c93      0x17a ./Generated_Code/queue.o
 .debug_abbrev  0x00002e0d      0x250 ./Generated_Code/tasks.o

.debug_aranges  0x00000000     0x1330
 .debug_aranges
                0x00000000       0x78 ./Sources/Application.o
 .debug_aranges
                0x00000078       0x60 ./Sources/Events.o
 .debug_aranges
                0x000000d8       0x28 ./Sources/Shell.o
 .debug_aranges
                0x00000100       0x20 ./Sources/main.o
 .debug_aranges
                0x00000120       0x50 ./Project_Settings/Startup_Code/startup.o
 .debug_aranges
                0x00000170       0x50 ./Generated_Code/AD1.o
 .debug_aranges
                0x000001c0       0x88 ./Generated_Code/AS1.o
 .debug_aranges
                0x00000248       0x50 ./Generated_Code/ASerialLdd1.o
 .debug_aranges
                0x00000298       0x60 ./Generated_Code/AdcLdd1.o
 .debug_aranges
                0x000002f8       0x40 ./Generated_Code/BitIoLdd1.o
 .debug_aranges
                0x00000338       0x40 ./Generated_Code/BitIoLdd2.o
 .debug_aranges
                0x00000378      0x108 ./Generated_Code/CLS1.o
 .debug_aranges
                0x00000480      0x168 ./Generated_Code/Cpu.o
 .debug_aranges
                0x000005e8      0x178 ./Generated_Code/FAT1.o
 .debug_aranges
                0x00000760       0x38 ./Generated_Code/FRTOS1.o
 .debug_aranges
                0x00000798       0x30 ./Generated_Code/PE_LDD.o
 .debug_aranges
                0x000007c8       0x40 ./Generated_Code/PwmLdd1.o
 .debug_aranges
                0x00000808       0x40 ./Generated_Code/PwmLdd2.o
 .debug_aranges
                0x00000848       0xc0 ./Generated_Code/SD1.o
 .debug_aranges
                0x00000908       0x88 ./Generated_Code/SM1.o
 .debug_aranges
                0x00000990       0x58 ./Generated_Code/SMasterLdd1.o
 .debug_aranges
                0x000009e8       0x48 ./Generated_Code/SS1.o
 .debug_aranges
                0x00000a30       0x50 ./Generated_Code/TMOUT1.o
 .debug_aranges
                0x00000a80       0x50 ./Generated_Code/TU1.o
 .debug_aranges
                0x00000ad0       0x50 ./Generated_Code/TU2.o
 .debug_aranges
                0x00000b20       0x88 ./Generated_Code/TmDt1.o
 .debug_aranges
                0x00000ba8      0x1c8 ./Generated_Code/UTIL1.o
 .debug_aranges
                0x00000d70       0x18 ./Generated_Code/Vectors.o
 .debug_aranges
                0x00000d88       0x40 ./Generated_Code/WAIT1.o
 .debug_aranges
                0x00000dc8      0x1b8 ./Generated_Code/ff.o
 .debug_aranges
                0x00000f80       0x40 ./Generated_Code/heap_2.o
 .debug_aranges
                0x00000fc0       0x40 ./Generated_Code/list.o
 .debug_aranges
                0x00001000       0x90 ./Generated_Code/port.o
 .debug_aranges
                0x00001090       0xf0 ./Generated_Code/queue.o
 .debug_aranges
                0x00001180      0x1b0 ./Generated_Code/tasks.o

.debug_ranges   0x00000000     0x1110
 .debug_ranges  0x00000000       0x68 ./Sources/Application.o
 .debug_ranges  0x00000068       0x50 ./Sources/Events.o
 .debug_ranges  0x000000b8       0x18 ./Sources/Shell.o
 .debug_ranges  0x000000d0       0x10 ./Sources/main.o
 .debug_ranges  0x000000e0       0x40 ./Project_Settings/Startup_Code/startup.o
 .debug_ranges  0x00000120       0x40 ./Generated_Code/AD1.o
 .debug_ranges  0x00000160       0x78 ./Generated_Code/AS1.o
 .debug_ranges  0x000001d8       0x40 ./Generated_Code/ASerialLdd1.o
 .debug_ranges  0x00000218       0x50 ./Generated_Code/AdcLdd1.o
 .debug_ranges  0x00000268       0x30 ./Generated_Code/BitIoLdd1.o
 .debug_ranges  0x00000298       0x30 ./Generated_Code/BitIoLdd2.o
 .debug_ranges  0x000002c8       0xf8 ./Generated_Code/CLS1.o
 .debug_ranges  0x000003c0      0x158 ./Generated_Code/Cpu.o
 .debug_ranges  0x00000518      0x168 ./Generated_Code/FAT1.o
 .debug_ranges  0x00000680       0x28 ./Generated_Code/FRTOS1.o
 .debug_ranges  0x000006a8       0x20 ./Generated_Code/PE_LDD.o
 .debug_ranges  0x000006c8       0x30 ./Generated_Code/PwmLdd1.o
 .debug_ranges  0x000006f8       0x30 ./Generated_Code/PwmLdd2.o
 .debug_ranges  0x00000728       0xb0 ./Generated_Code/SD1.o
 .debug_ranges  0x000007d8       0x78 ./Generated_Code/SM1.o
 .debug_ranges  0x00000850       0x48 ./Generated_Code/SMasterLdd1.o
 .debug_ranges  0x00000898       0x38 ./Generated_Code/SS1.o
 .debug_ranges  0x000008d0       0x40 ./Generated_Code/TMOUT1.o
 .debug_ranges  0x00000910       0x40 ./Generated_Code/TU1.o
 .debug_ranges  0x00000950       0x40 ./Generated_Code/TU2.o
 .debug_ranges  0x00000990       0x78 ./Generated_Code/TmDt1.o
 .debug_ranges  0x00000a08      0x1b8 ./Generated_Code/UTIL1.o
 .debug_ranges  0x00000bc0       0x30 ./Generated_Code/WAIT1.o